[ 28%] Built target example_effort
[ 28%] Built target example_camera
[ 42%] Built target example_velocity
[ 85%] Built target example_gripper
[ 85%] Built target example_tricycle_drive
[ 85%] Built target example_position
[100%] Built target example_diff_drive
-- Install configuration: ""
-- Up-to-date: /home/yue/mujoco_ros_ws/install/mujoco_ros2_control_demos/share/mujoco_ros2_control_demos//launch
-- Up-to-date: /home/yue/mujoco_ros_ws/install/mujoco_ros2_control_demos/share/mujoco_ros2_control_demos//launch/tricycle_drive.launch.py
-- Up-to-date: /home/yue/mujoco_ros_ws/install/mujoco_ros2_control_demos/share/mujoco_ros2_control_demos//launch/cart_example_velocity.launch.py
-- Up-to-date: /home/yue/mujoco_ros_ws/install/mujoco_ros2_control_demos/share/mujoco_ros2_control_demos//launch/vertical_cart_example_position_pid.launch.py
-- Up-to-date: /home/yue/mujoco_ros_ws/install/mujoco_ros2_control_demos/share/mujoco_ros2_control_demos//launch/gripper_mimic_joint_example.launch.py
-- Up-to-date: /home/yue/mujoco_ros_ws/install/mujoco_ros2_control_demos/share/mujoco_ros2_control_demos//launch/camera_demo.rviz
-- Up-to-date: /home/yue/mujoco_ros_ws/install/mujoco_ros2_control_demos/share/mujoco_ros2_control_demos//launch/ft_sensor_example.launch.py
-- Up-to-date: /home/yue/mujoco_ros_ws/install/mujoco_ros2_control_demos/share/mujoco_ros2_control_demos//launch/cart_example_effort.launch.py
-- Up-to-date: /home/yue/mujoco_ros_ws/install/mujoco_ros2_control_demos/share/mujoco_ros2_control_demos//launch/diff_drive.launch.py
-- Up-to-date: /home/yue/mujoco_ros_ws/install/mujoco_ros2_control_demos/share/mujoco_ros2_control_demos//launch/toe_arm_launch.py
-- Up-to-date: /home/yue/mujoco_ros_ws/install/mujoco_ros2_control_demos/share/mujoco_ros2_control_demos//launch/vertical_cart_example_velocity.launch.py
-- Up-to-date: /home/yue/mujoco_ros_ws/install/mujoco_ros2_control_demos/share/mujoco_ros2_control_demos//launch/camera_example.launch.py
-- Up-to-date: /home/yue/mujoco_ros_ws/install/mujoco_ros2_control_demos/share/mujoco_ros2_control_demos//launch/cart_example_position.launch.py
-- Up-to-date: /home/yue/mujoco_ros_ws/install/mujoco_ros2_control_demos/share/mujoco_ros2_control_demos//config
-- Up-to-date: /home/yue/mujoco_ros_ws/install/mujoco_ros2_control_demos/share/mujoco_ros2_control_demos//config/cartpole_controller_effort.yaml
-- Up-to-date: /home/yue/mujoco_ros_ws/install/mujoco_ros2_control_demos/share/mujoco_ros2_control_demos//config/cartpole_controller_velocity.yaml
-- Up-to-date: /home/yue/mujoco_ros_ws/install/mujoco_ros2_control_demos/share/mujoco_ros2_control_demos//config/tricycle_drive_controller.yaml
-- Up-to-date: /home/yue/mujoco_ros_ws/install/mujoco_ros2_control_demos/share/mujoco_ros2_control_demos//config/cartpole_controller_position.yaml
-- Up-to-date: /home/yue/mujoco_ros_ws/install/mujoco_ros2_control_demos/share/mujoco_ros2_control_demos//config/gripper_controller.yaml
-- Up-to-date: /home/yue/mujoco_ros_ws/install/mujoco_ros2_control_demos/share/mujoco_ros2_control_demos//config/camera_controller_position.yaml
-- Up-to-date: /home/yue/mujoco_ros_ws/install/mujoco_ros2_control_demos/share/mujoco_ros2_control_demos//config/toe_arm.yaml
-- Up-to-date: /home/yue/mujoco_ros_ws/install/mujoco_ros2_control_demos/share/mujoco_ros2_control_demos//config/ft_broadcaster.yaml
-- Up-to-date: /home/yue/mujoco_ros_ws/install/mujoco_ros2_control_demos/share/mujoco_ros2_control_demos//config/diff_drive_controller.yaml
-- Up-to-date: /home/yue/mujoco_ros_ws/install/mujoco_ros2_control_demos/share/mujoco_ros2_control_demos//urdf
-- Up-to-date: /home/yue/mujoco_ros_ws/install/mujoco_ros2_control_demos/share/mujoco_ros2_control_demos//urdf/arm0.urdf
-- Up-to-date: /home/yue/mujoco_ros_ws/install/mujoco_ros2_control_demos/share/mujoco_ros2_control_demos//urdf/test_vertical_cart_velocity_pid.xacro.urdf
-- Up-to-date: /home/yue/mujoco_ros_ws/install/mujoco_ros2_control_demos/share/mujoco_ros2_control_demos//urdf/test_camera.xacro.urdf
-- Up-to-date: /home/yue/mujoco_ros_ws/install/mujoco_ros2_control_demos/share/mujoco_ros2_control_demos//urdf/test_cart_velocity.xacro.urdf
-- Up-to-date: /home/yue/mujoco_ros_ws/install/mujoco_ros2_control_demos/share/mujoco_ros2_control_demos//urdf/test_ft_sensor.xacro.urdf
-- Up-to-date: /home/yue/mujoco_ros_ws/install/mujoco_ros2_control_demos/share/mujoco_ros2_control_demos//urdf/test_tricycle_drive.xacro.urdf
-- Up-to-date: /home/yue/mujoco_ros_ws/install/mujoco_ros2_control_demos/share/mujoco_ros2_control_demos//urdf/test_cart_position.xacro.urdf
-- Up-to-date: /home/yue/mujoco_ros_ws/install/mujoco_ros2_control_demos/share/mujoco_ros2_control_demos//urdf/test_gripper_mimic_joint.xacro.urdf
-- Up-to-date: /home/yue/mujoco_ros_ws/install/mujoco_ros2_control_demos/share/mujoco_ros2_control_demos//urdf/test_vertical_cart_position_pid.xacro.urdf
-- Up-to-date: /home/yue/mujoco_ros_ws/install/mujoco_ros2_control_demos/share/mujoco_ros2_control_demos//urdf/meshes
-- Up-to-date: /home/yue/mujoco_ros_ws/install/mujoco_ros2_control_demos/share/mujoco_ros2_control_demos//urdf/meshes/Link4.STL
-- Up-to-date: /home/yue/mujoco_ros_ws/install/mujoco_ros2_control_demos/share/mujoco_ros2_control_demos//urdf/meshes/Link3.STL
-- Up-to-date: /home/yue/mujoco_ros_ws/install/mujoco_ros2_control_demos/share/mujoco_ros2_control_demos//urdf/meshes/Link5.STL
-- Up-to-date: /home/yue/mujoco_ros_ws/install/mujoco_ros2_control_demos/share/mujoco_ros2_control_demos//urdf/meshes/Link2.STL
-- Up-to-date: /home/yue/mujoco_ros_ws/install/mujoco_ros2_control_demos/share/mujoco_ros2_control_demos//urdf/meshes/Link6.STL
-- Up-to-date: /home/yue/mujoco_ros_ws/install/mujoco_ros2_control_demos/share/mujoco_ros2_control_demos//urdf/meshes/base_link.STL
-- Up-to-date: /home/yue/mujoco_ros_ws/install/mujoco_ros2_control_demos/share/mujoco_ros2_control_demos//urdf/meshes/Link1.STL
-- Up-to-date: /home/yue/mujoco_ros_ws/install/mujoco_ros2_control_demos/share/mujoco_ros2_control_demos//urdf/test_diff_drive.xacro.urdf
-- Up-to-date: /home/yue/mujoco_ros_ws/install/mujoco_ros2_control_demos/share/mujoco_ros2_control_demos//urdf/test_cart_effort.xacro.urdf
-- Up-to-date: /home/yue/mujoco_ros_ws/install/mujoco_ros2_control_demos/share/mujoco_ros2_control_demos//scripts
-- Up-to-date: /home/yue/mujoco_ros_ws/install/mujoco_ros2_control_demos/share/mujoco_ros2_control_demos//scripts/manual_control.py
-- Up-to-date: /home/yue/mujoco_ros_ws/install/mujoco_ros2_control_demos/share/mujoco_ros2_control_demos//scripts/test_arm.py
-- Up-to-date: /home/yue/mujoco_ros_ws/install/mujoco_ros2_control_demos/share/mujoco_ros2_control_demos//meshes
-- Up-to-date: /home/yue/mujoco_ros_ws/install/mujoco_ros2_control_demos/share/mujoco_ros2_control_demos//meshes/Link4.STL
-- Up-to-date: /home/yue/mujoco_ros_ws/install/mujoco_ros2_control_demos/share/mujoco_ros2_control_demos//meshes/Link3.STL
-- Up-to-date: /home/yue/mujoco_ros_ws/install/mujoco_ros2_control_demos/share/mujoco_ros2_control_demos//meshes/Link5.STL
-- Up-to-date: /home/yue/mujoco_ros_ws/install/mujoco_ros2_control_demos/share/mujoco_ros2_control_demos//meshes/Link2.STL
-- Up-to-date: /home/yue/mujoco_ros_ws/install/mujoco_ros2_control_demos/share/mujoco_ros2_control_demos//meshes/Link6.STL
-- Up-to-date: /home/yue/mujoco_ros_ws/install/mujoco_ros2_control_demos/share/mujoco_ros2_control_demos//meshes/base_link.STL
-- Up-to-date: /home/yue/mujoco_ros_ws/install/mujoco_ros2_control_demos/share/mujoco_ros2_control_demos//meshes/Link1.STL
-- Up-to-date: /home/yue/mujoco_ros_ws/install/mujoco_ros2_control_demos/share/mujoco_ros2_control_demos//mujoco_models
-- Up-to-date: /home/yue/mujoco_ros_ws/install/mujoco_ros2_control_demos/share/mujoco_ros2_control_demos//mujoco_models/test_gripper_mimic_joint.xml
-- Up-to-date: /home/yue/mujoco_ros_ws/install/mujoco_ros2_control_demos/share/mujoco_ros2_control_demos//mujoco_models/test_ft_sensor.xml
-- Up-to-date: /home/yue/mujoco_ros_ws/install/mujoco_ros2_control_demos/share/mujoco_ros2_control_demos//mujoco_models/test_diff_drive.xml
-- Up-to-date: /home/yue/mujoco_ros_ws/install/mujoco_ros2_control_demos/share/mujoco_ros2_control_demos//mujoco_models/test_camera.xml
-- Up-to-date: /home/yue/mujoco_ros_ws/install/mujoco_ros2_control_demos/share/mujoco_ros2_control_demos//mujoco_models/test_vertical_cart.xml
-- Installing: /home/yue/mujoco_ros_ws/install/mujoco_ros2_control_demos/share/mujoco_ros2_control_demos//mujoco_models/toe_arm.xml
-- Up-to-date: /home/yue/mujoco_ros_ws/install/mujoco_ros2_control_demos/share/mujoco_ros2_control_demos//mujoco_models/test_cart.xml
-- Up-to-date: /home/yue/mujoco_ros_ws/install/mujoco_ros2_control_demos/share/mujoco_ros2_control_demos//mujoco_models/test_tricycle_drive.xml
-- Up-to-date: /home/yue/mujoco_ros_ws/install/mujoco_ros2_control_demos/lib/mujoco_ros2_control_demos/test_arm.py
-- Up-to-date: /home/yue/mujoco_ros_ws/install/mujoco_ros2_control_demos/lib/mujoco_ros2_control_demos/manual_control.py
-- Up-to-date: /home/yue/mujoco_ros_ws/install/mujoco_ros2_control_demos/lib/mujoco_ros2_control_demos/toe_arm_launch.py
-- Up-to-date: /home/yue/mujoco_ros_ws/install/mujoco_ros2_control_demos/lib/mujoco_ros2_control_demos/example_position
-- Up-to-date: /home/yue/mujoco_ros_ws/install/mujoco_ros2_control_demos/lib/mujoco_ros2_control_demos/example_velocity
-- Up-to-date: /home/yue/mujoco_ros_ws/install/mujoco_ros2_control_demos/lib/mujoco_ros2_control_demos/example_effort
-- Up-to-date: /home/yue/mujoco_ros_ws/install/mujoco_ros2_control_demos/lib/mujoco_ros2_control_demos/example_diff_drive
-- Up-to-date: /home/yue/mujoco_ros_ws/install/mujoco_ros2_control_demos/lib/mujoco_ros2_control_demos/example_tricycle_drive
-- Up-to-date: /home/yue/mujoco_ros_ws/install/mujoco_ros2_control_demos/lib/mujoco_ros2_control_demos/example_gripper
-- Up-to-date: /home/yue/mujoco_ros_ws/install/mujoco_ros2_control_demos/lib/mujoco_ros2_control_demos/example_camera
-- Up-to-date: /home/yue/mujoco_ros_ws/install/mujoco_ros2_control_demos/share/ament_index/resource_index/package_run_dependencies/mujoco_ros2_control_demos
-- Up-to-date: /home/yue/mujoco_ros_ws/install/mujoco_ros2_control_demos/share/ament_index/resource_index/parent_prefix_path/mujoco_ros2_control_demos
-- Up-to-date: /home/yue/mujoco_ros_ws/install/mujoco_ros2_control_demos/share/mujoco_ros2_control_demos/environment/ament_prefix_path.sh
-- Up-to-date: /home/yue/mujoco_ros_ws/install/mujoco_ros2_control_demos/share/mujoco_ros2_control_demos/environment/ament_prefix_path.dsv
-- Up-to-date: /home/yue/mujoco_ros_ws/install/mujoco_ros2_control_demos/share/mujoco_ros2_control_demos/environment/path.sh
-- Up-to-date: /home/yue/mujoco_ros_ws/install/mujoco_ros2_control_demos/share/mujoco_ros2_control_demos/environment/path.dsv
-- Up-to-date: /home/yue/mujoco_ros_ws/install/mujoco_ros2_control_demos/share/mujoco_ros2_control_demos/local_setup.bash
-- Up-to-date: /home/yue/mujoco_ros_ws/install/mujoco_ros2_control_demos/share/mujoco_ros2_control_demos/local_setup.sh
-- Up-to-date: /home/yue/mujoco_ros_ws/install/mujoco_ros2_control_demos/share/mujoco_ros2_control_demos/local_setup.zsh
-- Up-to-date: /home/yue/mujoco_ros_ws/install/mujoco_ros2_control_demos/share/mujoco_ros2_control_demos/local_setup.dsv
-- Installing: /home/yue/mujoco_ros_ws/install/mujoco_ros2_control_demos/share/mujoco_ros2_control_demos/package.dsv
-- Up-to-date: /home/yue/mujoco_ros_ws/install/mujoco_ros2_control_demos/share/ament_index/resource_index/packages/mujoco_ros2_control_demos
-- Up-to-date: /home/yue/mujoco_ros_ws/install/mujoco_ros2_control_demos/share/mujoco_ros2_control_demos/cmake/mujoco_ros2_control_demosConfig.cmake
-- Up-to-date: /home/yue/mujoco_ros_ws/install/mujoco_ros2_control_demos/share/mujoco_ros2_control_demos/cmake/mujoco_ros2_control_demosConfig-version.cmake
-- Up-to-date: /home/yue/mujoco_ros_ws/install/mujoco_ros2_control_demos/share/mujoco_ros2_control_demos/package.xml
