-- The C compiler identification is GNU 11.4.0
-- The CXX compiler identification is GNU 11.4.0
-- Detecting C compiler ABI info
-- Detecting C compiler ABI info - done
-- Check for working C compiler: /usr/bin/cc - skipped
-- Detecting C compile features
-- Detecting C compile features - done
-- Detecting CXX compiler ABI info
-- Detecting CXX compiler ABI info - done
-- Check for working CXX compiler: /usr/bin/c++ - skipped
-- Detecting CXX compile features
-- Detecting CXX compile features - done
-- Found ament_cmake: 1.3.14 (/opt/ros/humble/share/ament_cmake/cmake)
-- Found Python3: /usr/bin/python3 (found version "3.10.12") found components: Interpreter 
-- Found rclcpp: 16.0.19 (/opt/ros/humble/share/rclcpp/cmake)
-- Found rosidl_generator_c: 3.1.8 (/opt/ros/humble/share/rosidl_generator_c/cmake)
-- Found rosidl_adapter: 3.1.8 (/opt/ros/humble/share/rosidl_adapter/cmake)
-- Found rosidl_generator_cpp: 3.1.8 (/opt/ros/humble/share/rosidl_generator_cpp/cmake)
-- Using all available rosidl_typesupport_c: rosidl_typesupport_fastrtps_c;rosidl_typesupport_introspection_c
-- Using all available rosidl_typesupport_cpp: rosidl_typesupport_fastrtps_cpp;rosidl_typesupport_introspection_cpp
-- Found rmw_implementation_cmake: 6.1.2 (/opt/ros/humble/share/rmw_implementation_cmake/cmake)
-- Found rmw_fastrtps_cpp: 6.2.10 (/opt/ros/humble/share/rmw_fastrtps_cpp/cmake)
-- Found OpenSSL: /usr/lib/x86_64-linux-gnu/libcrypto.so (found version "3.0.2")  
-- Found FastRTPS: /opt/ros/humble/include  
-- Using RMW implementation 'rmw_fastrtps_cpp' as default
-- Looking for pthread.h
-- Looking for pthread.h - found
-- Performing Test CMAKE_HAVE_LIBC_PTHREAD
-- Performing Test CMAKE_HAVE_LIBC_PTHREAD - Success
-- Found Threads: TRUE  
-- Found rclcpp_action: 16.0.19 (/opt/ros/humble/share/rclcpp_action/cmake)
-- Found control_msgs: 4.8.0 (/opt/ros/humble/share/control_msgs/cmake)
-- Configuring done
-- Generating done
-- Build files have been written to: /home/yue/mujoco_ros_ws/build/mujoco_ros2_control_demos
[ 14%] [32mBuilding CXX object CMakeFiles/example_camera.dir/examples/example_camera.cpp.o[0m
[ 14%] [32mBuilding CXX object CMakeFiles/example_gripper.dir/examples/example_gripper.cpp.o[0m
[ 21%] [32mBuilding CXX object CMakeFiles/example_effort.dir/examples/example_effort.cpp.o[0m
[ 28%] [32mBuilding CXX object CMakeFiles/example_diff_drive.dir/examples/example_diff_drive.cpp.o[0m
[ 35%] [32mBuilding CXX object CMakeFiles/example_position.dir/examples/example_position.cpp.o[0m
[ 42%] [32mBuilding CXX object CMakeFiles/example_tricycle_drive.dir/examples/example_tricycle_drive.cpp.o[0m
[ 50%] [32mBuilding CXX object CMakeFiles/example_velocity.dir/examples/example_velocity.cpp.o[0m
[ 57%] [32m[1mLinking CXX executable example_diff_drive[0m
[ 64%] [32m[1mLinking CXX executable example_effort[0m
[ 78%] [32m[1mLinking CXX executable example_gripper[0m
[ 78%] [32m[1mLinking CXX executable example_velocity[0m
[ 78%] Built target example_diff_drive
[ 78%] Built target example_effort
[ 78%] Built target example_velocity
[ 78%] Built target example_gripper
[ 85%] [32m[1mLinking CXX executable example_tricycle_drive[0m
[ 85%] Built target example_tricycle_drive
[ 92%] [32m[1mLinking CXX executable example_position[0m
[100%] [32m[1mLinking CXX executable example_camera[0m
[100%] Built target example_position
[100%] Built target example_camera
-- Install configuration: ""
-- Installing: /home/yue/mujoco_ros_ws/install/mujoco_ros2_control_demos/share/mujoco_ros2_control_demos//launch
-- Installing: /home/yue/mujoco_ros_ws/install/mujoco_ros2_control_demos/share/mujoco_ros2_control_demos//launch/tricycle_drive.launch.py
-- Installing: /home/yue/mujoco_ros_ws/install/mujoco_ros2_control_demos/share/mujoco_ros2_control_demos//launch/cart_example_velocity.launch.py
-- Installing: /home/yue/mujoco_ros_ws/install/mujoco_ros2_control_demos/share/mujoco_ros2_control_demos//launch/vertical_cart_example_position_pid.launch.py
-- Installing: /home/yue/mujoco_ros_ws/install/mujoco_ros2_control_demos/share/mujoco_ros2_control_demos//launch/gripper_mimic_joint_example.launch.py
-- Installing: /home/yue/mujoco_ros_ws/install/mujoco_ros2_control_demos/share/mujoco_ros2_control_demos//launch/camera_demo.rviz
-- Installing: /home/yue/mujoco_ros_ws/install/mujoco_ros2_control_demos/share/mujoco_ros2_control_demos//launch/ft_sensor_example.launch.py
-- Installing: /home/yue/mujoco_ros_ws/install/mujoco_ros2_control_demos/share/mujoco_ros2_control_demos//launch/cart_example_effort.launch.py
-- Installing: /home/yue/mujoco_ros_ws/install/mujoco_ros2_control_demos/share/mujoco_ros2_control_demos//launch/diff_drive.launch.py
-- Installing: /home/yue/mujoco_ros_ws/install/mujoco_ros2_control_demos/share/mujoco_ros2_control_demos//launch/toe_arm_launch.py
-- Installing: /home/yue/mujoco_ros_ws/install/mujoco_ros2_control_demos/share/mujoco_ros2_control_demos//launch/vertical_cart_example_velocity.launch.py
-- Installing: /home/yue/mujoco_ros_ws/install/mujoco_ros2_control_demos/share/mujoco_ros2_control_demos//launch/camera_example.launch.py
-- Installing: /home/yue/mujoco_ros_ws/install/mujoco_ros2_control_demos/share/mujoco_ros2_control_demos//launch/cart_example_position.launch.py
-- Installing: /home/yue/mujoco_ros_ws/install/mujoco_ros2_control_demos/share/mujoco_ros2_control_demos//config
-- Installing: /home/yue/mujoco_ros_ws/install/mujoco_ros2_control_demos/share/mujoco_ros2_control_demos//config/cartpole_controller_effort.yaml
-- Installing: /home/yue/mujoco_ros_ws/install/mujoco_ros2_control_demos/share/mujoco_ros2_control_demos//config/cartpole_controller_velocity.yaml
-- Installing: /home/yue/mujoco_ros_ws/install/mujoco_ros2_control_demos/share/mujoco_ros2_control_demos//config/tricycle_drive_controller.yaml
-- Installing: /home/yue/mujoco_ros_ws/install/mujoco_ros2_control_demos/share/mujoco_ros2_control_demos//config/cartpole_controller_position.yaml
-- Installing: /home/yue/mujoco_ros_ws/install/mujoco_ros2_control_demos/share/mujoco_ros2_control_demos//config/gripper_controller.yaml
-- Installing: /home/yue/mujoco_ros_ws/install/mujoco_ros2_control_demos/share/mujoco_ros2_control_demos//config/camera_controller_position.yaml
-- Installing: /home/yue/mujoco_ros_ws/install/mujoco_ros2_control_demos/share/mujoco_ros2_control_demos//config/toe_arm.yaml
-- Installing: /home/yue/mujoco_ros_ws/install/mujoco_ros2_control_demos/share/mujoco_ros2_control_demos//config/ft_broadcaster.yaml
-- Installing: /home/yue/mujoco_ros_ws/install/mujoco_ros2_control_demos/share/mujoco_ros2_control_demos//config/diff_drive_controller.yaml
-- Installing: /home/yue/mujoco_ros_ws/install/mujoco_ros2_control_demos/share/mujoco_ros2_control_demos//urdf
-- Installing: /home/yue/mujoco_ros_ws/install/mujoco_ros2_control_demos/share/mujoco_ros2_control_demos//urdf/arm0.urdf
-- Installing: /home/yue/mujoco_ros_ws/install/mujoco_ros2_control_demos/share/mujoco_ros2_control_demos//urdf/test_vertical_cart_velocity_pid.xacro.urdf
-- Installing: /home/yue/mujoco_ros_ws/install/mujoco_ros2_control_demos/share/mujoco_ros2_control_demos//urdf/test_camera.xacro.urdf
-- Installing: /home/yue/mujoco_ros_ws/install/mujoco_ros2_control_demos/share/mujoco_ros2_control_demos//urdf/test_cart_velocity.xacro.urdf
-- Installing: /home/yue/mujoco_ros_ws/install/mujoco_ros2_control_demos/share/mujoco_ros2_control_demos//urdf/test_ft_sensor.xacro.urdf
-- Installing: /home/yue/mujoco_ros_ws/install/mujoco_ros2_control_demos/share/mujoco_ros2_control_demos//urdf/test_tricycle_drive.xacro.urdf
-- Installing: /home/yue/mujoco_ros_ws/install/mujoco_ros2_control_demos/share/mujoco_ros2_control_demos//urdf/test_cart_position.xacro.urdf
-- Installing: /home/yue/mujoco_ros_ws/install/mujoco_ros2_control_demos/share/mujoco_ros2_control_demos//urdf/test_gripper_mimic_joint.xacro.urdf
-- Installing: /home/yue/mujoco_ros_ws/install/mujoco_ros2_control_demos/share/mujoco_ros2_control_demos//urdf/test_vertical_cart_position_pid.xacro.urdf
-- Installing: /home/yue/mujoco_ros_ws/install/mujoco_ros2_control_demos/share/mujoco_ros2_control_demos//urdf/meshes
-- Installing: /home/yue/mujoco_ros_ws/install/mujoco_ros2_control_demos/share/mujoco_ros2_control_demos//urdf/meshes/Link4.STL
-- Installing: /home/yue/mujoco_ros_ws/install/mujoco_ros2_control_demos/share/mujoco_ros2_control_demos//urdf/meshes/Link3.STL
-- Installing: /home/yue/mujoco_ros_ws/install/mujoco_ros2_control_demos/share/mujoco_ros2_control_demos//urdf/meshes/Link5.STL
-- Installing: /home/yue/mujoco_ros_ws/install/mujoco_ros2_control_demos/share/mujoco_ros2_control_demos//urdf/meshes/Link2.STL
-- Installing: /home/yue/mujoco_ros_ws/install/mujoco_ros2_control_demos/share/mujoco_ros2_control_demos//urdf/meshes/Link6.STL
-- Installing: /home/yue/mujoco_ros_ws/install/mujoco_ros2_control_demos/share/mujoco_ros2_control_demos//urdf/meshes/base_link.STL
-- Installing: /home/yue/mujoco_ros_ws/install/mujoco_ros2_control_demos/share/mujoco_ros2_control_demos//urdf/meshes/Link1.STL
-- Installing: /home/yue/mujoco_ros_ws/install/mujoco_ros2_control_demos/share/mujoco_ros2_control_demos//urdf/test_diff_drive.xacro.urdf
-- Installing: /home/yue/mujoco_ros_ws/install/mujoco_ros2_control_demos/share/mujoco_ros2_control_demos//urdf/test_cart_effort.xacro.urdf
-- Installing: /home/yue/mujoco_ros_ws/install/mujoco_ros2_control_demos/share/mujoco_ros2_control_demos//scripts
-- Installing: /home/yue/mujoco_ros_ws/install/mujoco_ros2_control_demos/share/mujoco_ros2_control_demos//scripts/manual_control.py
-- Installing: /home/yue/mujoco_ros_ws/install/mujoco_ros2_control_demos/share/mujoco_ros2_control_demos//scripts/test_arm.py
-- Installing: /home/yue/mujoco_ros_ws/install/mujoco_ros2_control_demos/share/mujoco_ros2_control_demos//meshes
-- Installing: /home/yue/mujoco_ros_ws/install/mujoco_ros2_control_demos/share/mujoco_ros2_control_demos//meshes/Link4.STL
-- Installing: /home/yue/mujoco_ros_ws/install/mujoco_ros2_control_demos/share/mujoco_ros2_control_demos//meshes/Link3.STL
-- Installing: /home/yue/mujoco_ros_ws/install/mujoco_ros2_control_demos/share/mujoco_ros2_control_demos//meshes/Link5.STL
-- Installing: /home/yue/mujoco_ros_ws/install/mujoco_ros2_control_demos/share/mujoco_ros2_control_demos//meshes/Link2.STL
-- Installing: /home/yue/mujoco_ros_ws/install/mujoco_ros2_control_demos/share/mujoco_ros2_control_demos//meshes/Link6.STL
-- Installing: /home/yue/mujoco_ros_ws/install/mujoco_ros2_control_demos/share/mujoco_ros2_control_demos//meshes/base_link.STL
-- Installing: /home/yue/mujoco_ros_ws/install/mujoco_ros2_control_demos/share/mujoco_ros2_control_demos//meshes/Link1.STL
-- Installing: /home/yue/mujoco_ros_ws/install/mujoco_ros2_control_demos/share/mujoco_ros2_control_demos//mujoco_models
-- Installing: /home/yue/mujoco_ros_ws/install/mujoco_ros2_control_demos/share/mujoco_ros2_control_demos//mujoco_models/test_gripper_mimic_joint.xml
-- Installing: /home/yue/mujoco_ros_ws/install/mujoco_ros2_control_demos/share/mujoco_ros2_control_demos//mujoco_models/test_ft_sensor.xml
-- Installing: /home/yue/mujoco_ros_ws/install/mujoco_ros2_control_demos/share/mujoco_ros2_control_demos//mujoco_models/test_diff_drive.xml
-- Installing: /home/yue/mujoco_ros_ws/install/mujoco_ros2_control_demos/share/mujoco_ros2_control_demos//mujoco_models/test_camera.xml
-- Installing: /home/yue/mujoco_ros_ws/install/mujoco_ros2_control_demos/share/mujoco_ros2_control_demos//mujoco_models/test_vertical_cart.xml
-- Installing: /home/yue/mujoco_ros_ws/install/mujoco_ros2_control_demos/share/mujoco_ros2_control_demos//mujoco_models/toe_arm.xml
-- Installing: /home/yue/mujoco_ros_ws/install/mujoco_ros2_control_demos/share/mujoco_ros2_control_demos//mujoco_models/test_cart.xml
-- Installing: /home/yue/mujoco_ros_ws/install/mujoco_ros2_control_demos/share/mujoco_ros2_control_demos//mujoco_models/test_tricycle_drive.xml
-- Installing: /home/yue/mujoco_ros_ws/install/mujoco_ros2_control_demos/lib/mujoco_ros2_control_demos/test_arm.py
-- Installing: /home/yue/mujoco_ros_ws/install/mujoco_ros2_control_demos/lib/mujoco_ros2_control_demos/manual_control.py
-- Installing: /home/yue/mujoco_ros_ws/install/mujoco_ros2_control_demos/lib/mujoco_ros2_control_demos/toe_arm_launch.py
-- Installing: /home/yue/mujoco_ros_ws/install/mujoco_ros2_control_demos/lib/mujoco_ros2_control_demos/example_position
-- Set runtime path of "/home/yue/mujoco_ros_ws/install/mujoco_ros2_control_demos/lib/mujoco_ros2_control_demos/example_position" to ""
-- Installing: /home/yue/mujoco_ros_ws/install/mujoco_ros2_control_demos/lib/mujoco_ros2_control_demos/example_velocity
-- Set runtime path of "/home/yue/mujoco_ros_ws/install/mujoco_ros2_control_demos/lib/mujoco_ros2_control_demos/example_velocity" to ""
-- Installing: /home/yue/mujoco_ros_ws/install/mujoco_ros2_control_demos/lib/mujoco_ros2_control_demos/example_effort
-- Set runtime path of "/home/yue/mujoco_ros_ws/install/mujoco_ros2_control_demos/lib/mujoco_ros2_control_demos/example_effort" to ""
-- Installing: /home/yue/mujoco_ros_ws/install/mujoco_ros2_control_demos/lib/mujoco_ros2_control_demos/example_diff_drive
-- Set runtime path of "/home/yue/mujoco_ros_ws/install/mujoco_ros2_control_demos/lib/mujoco_ros2_control_demos/example_diff_drive" to ""
-- Installing: /home/yue/mujoco_ros_ws/install/mujoco_ros2_control_demos/lib/mujoco_ros2_control_demos/example_tricycle_drive
-- Set runtime path of "/home/yue/mujoco_ros_ws/install/mujoco_ros2_control_demos/lib/mujoco_ros2_control_demos/example_tricycle_drive" to ""
-- Installing: /home/yue/mujoco_ros_ws/install/mujoco_ros2_control_demos/lib/mujoco_ros2_control_demos/example_gripper
-- Set runtime path of "/home/yue/mujoco_ros_ws/install/mujoco_ros2_control_demos/lib/mujoco_ros2_control_demos/example_gripper" to ""
-- Installing: /home/yue/mujoco_ros_ws/install/mujoco_ros2_control_demos/lib/mujoco_ros2_control_demos/example_camera
-- Set runtime path of "/home/yue/mujoco_ros_ws/install/mujoco_ros2_control_demos/lib/mujoco_ros2_control_demos/example_camera" to ""
-- Installing: /home/yue/mujoco_ros_ws/install/mujoco_ros2_control_demos/share/ament_index/resource_index/package_run_dependencies/mujoco_ros2_control_demos
-- Installing: /home/yue/mujoco_ros_ws/install/mujoco_ros2_control_demos/share/ament_index/resource_index/parent_prefix_path/mujoco_ros2_control_demos
-- Installing: /home/yue/mujoco_ros_ws/install/mujoco_ros2_control_demos/share/mujoco_ros2_control_demos/environment/ament_prefix_path.sh
-- Installing: /home/yue/mujoco_ros_ws/install/mujoco_ros2_control_demos/share/mujoco_ros2_control_demos/environment/ament_prefix_path.dsv
-- Installing: /home/yue/mujoco_ros_ws/install/mujoco_ros2_control_demos/share/mujoco_ros2_control_demos/environment/path.sh
-- Installing: /home/yue/mujoco_ros_ws/install/mujoco_ros2_control_demos/share/mujoco_ros2_control_demos/environment/path.dsv
-- Installing: /home/yue/mujoco_ros_ws/install/mujoco_ros2_control_demos/share/mujoco_ros2_control_demos/local_setup.bash
-- Installing: /home/yue/mujoco_ros_ws/install/mujoco_ros2_control_demos/share/mujoco_ros2_control_demos/local_setup.sh
-- Installing: /home/yue/mujoco_ros_ws/install/mujoco_ros2_control_demos/share/mujoco_ros2_control_demos/local_setup.zsh
-- Installing: /home/yue/mujoco_ros_ws/install/mujoco_ros2_control_demos/share/mujoco_ros2_control_demos/local_setup.dsv
-- Installing: /home/yue/mujoco_ros_ws/install/mujoco_ros2_control_demos/share/mujoco_ros2_control_demos/package.dsv
-- Installing: /home/yue/mujoco_ros_ws/install/mujoco_ros2_control_demos/share/ament_index/resource_index/packages/mujoco_ros2_control_demos
-- Installing: /home/yue/mujoco_ros_ws/install/mujoco_ros2_control_demos/share/mujoco_ros2_control_demos/cmake/mujoco_ros2_control_demosConfig.cmake
-- Installing: /home/yue/mujoco_ros_ws/install/mujoco_ros2_control_demos/share/mujoco_ros2_control_demos/cmake/mujoco_ros2_control_demosConfig-version.cmake
-- Installing: /home/yue/mujoco_ros_ws/install/mujoco_ros2_control_demos/share/mujoco_ros2_control_demos/package.xml
