[0.053s] DEBUG:colcon:Command line arguments: ['/usr/bin/colcon', 'build']
[0.053s] DEBUG:colcon:Parsed command line arguments: Namespace(log_base=None, log_level=None, verb_name='build', build_base='build', install_base='install', merge_install=False, symlink_install=False, test_result_base=None, continue_on_error=False, executor='parallel', parallel_workers=20, event_handlers=None, ignore_user_meta=False, metas=['./colcon.meta'], base_paths=['.'], packages_ignore=None, packages_ignore_regex=None, paths=None, packages_up_to=None, packages_up_to_regex=None, packages_above=None, packages_above_and_dependencies=None, packages_above_depth=None, packages_select_by_dep=None, packages_skip_by_dep=None, packages_skip_up_to=None, packages_select_build_failed=False, packages_skip_build_finished=False, packages_select_test_failures=False, packages_skip_test_passed=False, packages_select=None, packages_skip=None, packages_select_regex=None, packages_skip_regex=None, packages_start=None, packages_end=None, allow_overriding=[], cmake_args=None, cmake_target=None, cmake_target_skip_unavailable=False, cmake_clean_cache=False, cmake_clean_first=False, cmake_force_configure=False, ament_cmake_args=None, catkin_cmake_args=None, catkin_skip_building_tests=False, verb_parser=<colcon_defaults.argument_parser.defaults.DefaultArgumentsDecorator object at 0x7038367611b0>, verb_extension=<colcon_core.verb.build.BuildVerb object at 0x703836760370>, main=<bound method BuildVerb.main of <colcon_core.verb.build.BuildVerb object at 0x703836760370>>)
[0.140s] Level 1:colcon.colcon_core.package_discovery:discover_packages(colcon_meta) check parameters
[0.140s] Level 1:colcon.colcon_core.package_discovery:discover_packages(recursive) check parameters
[0.140s] Level 1:colcon.colcon_core.package_discovery:discover_packages(ignore) check parameters
[0.140s] Level 1:colcon.colcon_core.package_discovery:discover_packages(path) check parameters
[0.140s] Level 1:colcon.colcon_core.package_discovery:discover_packages(colcon_meta) discover
[0.140s] Level 1:colcon.colcon_core.package_discovery:discover_packages(recursive) discover
[0.140s] INFO:colcon.colcon_core.package_discovery:Crawling recursively for packages in '/home/yue/mujoco_ros_ws'
[0.140s] Level 1:colcon.colcon_core.package_identification:_identify(.) by extensions ['ignore', 'ignore_ament_install']
[0.140s] Level 1:colcon.colcon_core.package_identification:_identify(.) by extension 'ignore'
[0.140s] Level 1:colcon.colcon_core.package_identification:_identify(.) by extension 'ignore_ament_install'
[0.140s] Level 1:colcon.colcon_core.package_identification:_identify(.) by extensions ['colcon_pkg']
[0.140s] Level 1:colcon.colcon_core.package_identification:_identify(.) by extension 'colcon_pkg'
[0.140s] Level 1:colcon.colcon_core.package_identification:_identify(.) by extensions ['colcon_meta']
[0.140s] Level 1:colcon.colcon_core.package_identification:_identify(.) by extension 'colcon_meta'
[0.140s] Level 1:colcon.colcon_core.package_identification:_identify(.) by extensions ['ros']
[0.140s] Level 1:colcon.colcon_core.package_identification:_identify(.) by extension 'ros'
[0.146s] Level 1:colcon.colcon_core.package_identification:_identify(.) by extensions ['cmake', 'python']
[0.146s] Level 1:colcon.colcon_core.package_identification:_identify(.) by extension 'cmake'
[0.146s] Level 1:colcon.colcon_core.package_identification:_identify(.) by extension 'python'
[0.146s] Level 1:colcon.colcon_core.package_identification:_identify(.) by extensions ['python_setup_py']
[0.146s] Level 1:colcon.colcon_core.package_identification:_identify(.) by extension 'python_setup_py'
[0.146s] Level 1:colcon.colcon_core.package_identification:_identify(build) by extensions ['ignore', 'ignore_ament_install']
[0.146s] Level 1:colcon.colcon_core.package_identification:_identify(build) by extension 'ignore'
[0.146s] Level 1:colcon.colcon_core.package_identification:_identify(build) ignored
[0.146s] Level 1:colcon.colcon_core.package_identification:_identify(install) by extensions ['ignore', 'ignore_ament_install']
[0.146s] Level 1:colcon.colcon_core.package_identification:_identify(install) by extension 'ignore'
[0.146s] Level 1:colcon.colcon_core.package_identification:_identify(install) ignored
[0.147s] Level 1:colcon.colcon_core.package_identification:_identify(log) by extensions ['ignore', 'ignore_ament_install']
[0.147s] Level 1:colcon.colcon_core.package_identification:_identify(log) by extension 'ignore'
[0.147s] Level 1:colcon.colcon_core.package_identification:_identify(log) ignored
[0.147s] Level 1:colcon.colcon_core.package_identification:_identify(src) by extensions ['ignore', 'ignore_ament_install']
[0.147s] Level 1:colcon.colcon_core.package_identification:_identify(src) by extension 'ignore'
[0.147s] Level 1:colcon.colcon_core.package_identification:_identify(src) by extension 'ignore_ament_install'
[0.147s] Level 1:colcon.colcon_core.package_identification:_identify(src) by extensions ['colcon_pkg']
[0.147s] Level 1:colcon.colcon_core.package_identification:_identify(src) by extension 'colcon_pkg'
[0.147s] Level 1:colcon.colcon_core.package_identification:_identify(src) by extensions ['colcon_meta']
[0.147s] Level 1:colcon.colcon_core.package_identification:_identify(src) by extension 'colcon_meta'
[0.147s] Level 1:colcon.colcon_core.package_identification:_identify(src) by extensions ['ros']
[0.147s] Level 1:colcon.colcon_core.package_identification:_identify(src) by extension 'ros'
[0.147s] Level 1:colcon.colcon_core.package_identification:_identify(src) by extensions ['cmake', 'python']
[0.147s] Level 1:colcon.colcon_core.package_identification:_identify(src) by extension 'cmake'
[0.147s] Level 1:colcon.colcon_core.package_identification:_identify(src) by extension 'python'
[0.147s] Level 1:colcon.colcon_core.package_identification:_identify(src) by extensions ['python_setup_py']
[0.147s] Level 1:colcon.colcon_core.package_identification:_identify(src) by extension 'python_setup_py'
[0.147s] Level 1:colcon.colcon_core.package_identification:_identify(src/motor-control-routine) by extensions ['ignore', 'ignore_ament_install']
[0.147s] Level 1:colcon.colcon_core.package_identification:_identify(src/motor-control-routine) by extension 'ignore'
[0.147s] Level 1:colcon.colcon_core.package_identification:_identify(src/motor-control-routine) by extension 'ignore_ament_install'
[0.147s] Level 1:colcon.colcon_core.package_identification:_identify(src/motor-control-routine) by extensions ['colcon_pkg']
[0.147s] Level 1:colcon.colcon_core.package_identification:_identify(src/motor-control-routine) by extension 'colcon_pkg'
[0.147s] Level 1:colcon.colcon_core.package_identification:_identify(src/motor-control-routine) by extensions ['colcon_meta']
[0.147s] Level 1:colcon.colcon_core.package_identification:_identify(src/motor-control-routine) by extension 'colcon_meta'
[0.147s] Level 1:colcon.colcon_core.package_identification:_identify(src/motor-control-routine) by extensions ['ros']
[0.147s] Level 1:colcon.colcon_core.package_identification:_identify(src/motor-control-routine) by extension 'ros'
[0.147s] Level 1:colcon.colcon_core.package_identification:_identify(src/motor-control-routine) by extensions ['cmake', 'python']
[0.147s] Level 1:colcon.colcon_core.package_identification:_identify(src/motor-control-routine) by extension 'cmake'
[0.147s] Level 1:colcon.colcon_core.package_identification:_identify(src/motor-control-routine) by extension 'python'
[0.147s] Level 1:colcon.colcon_core.package_identification:_identify(src/motor-control-routine) by extensions ['python_setup_py']
[0.147s] Level 1:colcon.colcon_core.package_identification:_identify(src/motor-control-routine) by extension 'python_setup_py'
[0.147s] Level 1:colcon.colcon_core.package_identification:_identify(src/motor-control-routine/u2can) by extensions ['ignore', 'ignore_ament_install']
[0.147s] Level 1:colcon.colcon_core.package_identification:_identify(src/motor-control-routine/u2can) by extension 'ignore'
[0.147s] Level 1:colcon.colcon_core.package_identification:_identify(src/motor-control-routine/u2can) by extension 'ignore_ament_install'
[0.147s] Level 1:colcon.colcon_core.package_identification:_identify(src/motor-control-routine/u2can) by extensions ['colcon_pkg']
[0.147s] Level 1:colcon.colcon_core.package_identification:_identify(src/motor-control-routine/u2can) by extension 'colcon_pkg'
[0.147s] Level 1:colcon.colcon_core.package_identification:_identify(src/motor-control-routine/u2can) by extensions ['colcon_meta']
[0.147s] Level 1:colcon.colcon_core.package_identification:_identify(src/motor-control-routine/u2can) by extension 'colcon_meta'
[0.147s] Level 1:colcon.colcon_core.package_identification:_identify(src/motor-control-routine/u2can) by extensions ['ros']
[0.147s] Level 1:colcon.colcon_core.package_identification:_identify(src/motor-control-routine/u2can) by extension 'ros'
[0.147s] Level 1:colcon.colcon_core.package_identification:_identify(src/motor-control-routine/u2can) by extensions ['cmake', 'python']
[0.147s] Level 1:colcon.colcon_core.package_identification:_identify(src/motor-control-routine/u2can) by extension 'cmake'
[0.147s] Level 1:colcon.colcon_core.package_identification:_identify(src/motor-control-routine/u2can) by extension 'python'
[0.147s] Level 1:colcon.colcon_core.package_identification:_identify(src/motor-control-routine/u2can) by extensions ['python_setup_py']
[0.147s] Level 1:colcon.colcon_core.package_identification:_identify(src/motor-control-routine/u2can) by extension 'python_setup_py'
[0.148s] Level 1:colcon.colcon_core.package_identification:_identify(src/motor-control-routine/u2can/__pycache__) by extensions ['ignore', 'ignore_ament_install']
[0.148s] Level 1:colcon.colcon_core.package_identification:_identify(src/motor-control-routine/u2can/__pycache__) by extension 'ignore'
[0.148s] Level 1:colcon.colcon_core.package_identification:_identify(src/motor-control-routine/u2can/__pycache__) by extension 'ignore_ament_install'
[0.148s] Level 1:colcon.colcon_core.package_identification:_identify(src/motor-control-routine/u2can/__pycache__) by extensions ['colcon_pkg']
[0.148s] Level 1:colcon.colcon_core.package_identification:_identify(src/motor-control-routine/u2can/__pycache__) by extension 'colcon_pkg'
[0.148s] Level 1:colcon.colcon_core.package_identification:_identify(src/motor-control-routine/u2can/__pycache__) by extensions ['colcon_meta']
[0.148s] Level 1:colcon.colcon_core.package_identification:_identify(src/motor-control-routine/u2can/__pycache__) by extension 'colcon_meta'
[0.148s] Level 1:colcon.colcon_core.package_identification:_identify(src/motor-control-routine/u2can/__pycache__) by extensions ['ros']
[0.148s] Level 1:colcon.colcon_core.package_identification:_identify(src/motor-control-routine/u2can/__pycache__) by extension 'ros'
[0.148s] Level 1:colcon.colcon_core.package_identification:_identify(src/motor-control-routine/u2can/__pycache__) by extensions ['cmake', 'python']
[0.148s] Level 1:colcon.colcon_core.package_identification:_identify(src/motor-control-routine/u2can/__pycache__) by extension 'cmake'
[0.148s] Level 1:colcon.colcon_core.package_identification:_identify(src/motor-control-routine/u2can/__pycache__) by extension 'python'
[0.148s] Level 1:colcon.colcon_core.package_identification:_identify(src/motor-control-routine/u2can/__pycache__) by extensions ['python_setup_py']
[0.148s] Level 1:colcon.colcon_core.package_identification:_identify(src/motor-control-routine/u2can/__pycache__) by extension 'python_setup_py'
[0.148s] Level 1:colcon.colcon_core.package_identification:_identify(src/motor-control-routine/u2canfd) by extensions ['ignore', 'ignore_ament_install']
[0.148s] Level 1:colcon.colcon_core.package_identification:_identify(src/motor-control-routine/u2canfd) by extension 'ignore'
[0.148s] Level 1:colcon.colcon_core.package_identification:_identify(src/motor-control-routine/u2canfd) by extension 'ignore_ament_install'
[0.148s] Level 1:colcon.colcon_core.package_identification:_identify(src/motor-control-routine/u2canfd) by extensions ['colcon_pkg']
[0.148s] Level 1:colcon.colcon_core.package_identification:_identify(src/motor-control-routine/u2canfd) by extension 'colcon_pkg'
[0.148s] Level 1:colcon.colcon_core.package_identification:_identify(src/motor-control-routine/u2canfd) by extensions ['colcon_meta']
[0.148s] Level 1:colcon.colcon_core.package_identification:_identify(src/motor-control-routine/u2canfd) by extension 'colcon_meta'
[0.148s] Level 1:colcon.colcon_core.package_identification:_identify(src/motor-control-routine/u2canfd) by extensions ['ros']
[0.148s] Level 1:colcon.colcon_core.package_identification:_identify(src/motor-control-routine/u2canfd) by extension 'ros'
[0.148s] Level 1:colcon.colcon_core.package_identification:_identify(src/motor-control-routine/u2canfd) by extensions ['cmake', 'python']
[0.148s] Level 1:colcon.colcon_core.package_identification:_identify(src/motor-control-routine/u2canfd) by extension 'cmake'
[0.148s] Level 1:colcon.colcon_core.package_identification:_identify(src/motor-control-routine/u2canfd) by extension 'python'
[0.148s] Level 1:colcon.colcon_core.package_identification:_identify(src/motor-control-routine/u2canfd) by extensions ['python_setup_py']
[0.148s] Level 1:colcon.colcon_core.package_identification:_identify(src/motor-control-routine/u2canfd) by extension 'python_setup_py'
[0.148s] Level 1:colcon.colcon_core.package_identification:_identify(src/motor-control-routine/u2canfd/docs) by extensions ['ignore', 'ignore_ament_install']
[0.148s] Level 1:colcon.colcon_core.package_identification:_identify(src/motor-control-routine/u2canfd/docs) by extension 'ignore'
[0.148s] Level 1:colcon.colcon_core.package_identification:_identify(src/motor-control-routine/u2canfd/docs) by extension 'ignore_ament_install'
[0.148s] Level 1:colcon.colcon_core.package_identification:_identify(src/motor-control-routine/u2canfd/docs) by extensions ['colcon_pkg']
[0.148s] Level 1:colcon.colcon_core.package_identification:_identify(src/motor-control-routine/u2canfd/docs) by extension 'colcon_pkg'
[0.148s] Level 1:colcon.colcon_core.package_identification:_identify(src/motor-control-routine/u2canfd/docs) by extensions ['colcon_meta']
[0.148s] Level 1:colcon.colcon_core.package_identification:_identify(src/motor-control-routine/u2canfd/docs) by extension 'colcon_meta'
[0.148s] Level 1:colcon.colcon_core.package_identification:_identify(src/motor-control-routine/u2canfd/docs) by extensions ['ros']
[0.148s] Level 1:colcon.colcon_core.package_identification:_identify(src/motor-control-routine/u2canfd/docs) by extension 'ros'
[0.148s] Level 1:colcon.colcon_core.package_identification:_identify(src/motor-control-routine/u2canfd/docs) by extensions ['cmake', 'python']
[0.148s] Level 1:colcon.colcon_core.package_identification:_identify(src/motor-control-routine/u2canfd/docs) by extension 'cmake'
[0.148s] Level 1:colcon.colcon_core.package_identification:_identify(src/motor-control-routine/u2canfd/docs) by extension 'python'
[0.148s] Level 1:colcon.colcon_core.package_identification:_identify(src/motor-control-routine/u2canfd/docs) by extensions ['python_setup_py']
[0.148s] Level 1:colcon.colcon_core.package_identification:_identify(src/motor-control-routine/u2canfd/docs) by extension 'python_setup_py'
[0.148s] Level 1:colcon.colcon_core.package_identification:_identify(src/motor-control-routine/u2canfd/src) by extensions ['ignore', 'ignore_ament_install']
[0.148s] Level 1:colcon.colcon_core.package_identification:_identify(src/motor-control-routine/u2canfd/src) by extension 'ignore'
[0.148s] Level 1:colcon.colcon_core.package_identification:_identify(src/motor-control-routine/u2canfd/src) by extension 'ignore_ament_install'
[0.148s] Level 1:colcon.colcon_core.package_identification:_identify(src/motor-control-routine/u2canfd/src) by extensions ['colcon_pkg']
[0.148s] Level 1:colcon.colcon_core.package_identification:_identify(src/motor-control-routine/u2canfd/src) by extension 'colcon_pkg'
[0.148s] Level 1:colcon.colcon_core.package_identification:_identify(src/motor-control-routine/u2canfd/src) by extensions ['colcon_meta']
[0.148s] Level 1:colcon.colcon_core.package_identification:_identify(src/motor-control-routine/u2canfd/src) by extension 'colcon_meta'
[0.149s] Level 1:colcon.colcon_core.package_identification:_identify(src/motor-control-routine/u2canfd/src) by extensions ['ros']
[0.149s] Level 1:colcon.colcon_core.package_identification:_identify(src/motor-control-routine/u2canfd/src) by extension 'ros'
[0.149s] Level 1:colcon.colcon_core.package_identification:_identify(src/motor-control-routine/u2canfd/src) by extensions ['cmake', 'python']
[0.149s] Level 1:colcon.colcon_core.package_identification:_identify(src/motor-control-routine/u2canfd/src) by extension 'cmake'
[0.149s] Level 1:colcon.colcon_core.package_identification:_identify(src/motor-control-routine/u2canfd/src) by extension 'python'
[0.149s] Level 1:colcon.colcon_core.package_identification:_identify(src/motor-control-routine/u2canfd/src) by extensions ['python_setup_py']
[0.149s] Level 1:colcon.colcon_core.package_identification:_identify(src/motor-control-routine/u2canfd/src) by extension 'python_setup_py'
[0.149s] Level 1:colcon.colcon_core.package_identification:_identify(src/mujoco_ros2_control) by extensions ['ignore', 'ignore_ament_install']
[0.149s] Level 1:colcon.colcon_core.package_identification:_identify(src/mujoco_ros2_control) by extension 'ignore'
[0.149s] Level 1:colcon.colcon_core.package_identification:_identify(src/mujoco_ros2_control) by extension 'ignore_ament_install'
[0.149s] Level 1:colcon.colcon_core.package_identification:_identify(src/mujoco_ros2_control) by extensions ['colcon_pkg']
[0.149s] Level 1:colcon.colcon_core.package_identification:_identify(src/mujoco_ros2_control) by extension 'colcon_pkg'
[0.149s] Level 1:colcon.colcon_core.package_identification:_identify(src/mujoco_ros2_control) by extensions ['colcon_meta']
[0.149s] Level 1:colcon.colcon_core.package_identification:_identify(src/mujoco_ros2_control) by extension 'colcon_meta'
[0.149s] Level 1:colcon.colcon_core.package_identification:_identify(src/mujoco_ros2_control) by extensions ['ros']
[0.149s] Level 1:colcon.colcon_core.package_identification:_identify(src/mujoco_ros2_control) by extension 'ros'
[0.149s] Level 1:colcon.colcon_core.package_identification:_identify(src/mujoco_ros2_control) by extensions ['cmake', 'python']
[0.149s] Level 1:colcon.colcon_core.package_identification:_identify(src/mujoco_ros2_control) by extension 'cmake'
[0.149s] Level 1:colcon.colcon_core.package_identification:_identify(src/mujoco_ros2_control) by extension 'python'
[0.149s] Level 1:colcon.colcon_core.package_identification:_identify(src/mujoco_ros2_control) by extensions ['python_setup_py']
[0.149s] Level 1:colcon.colcon_core.package_identification:_identify(src/mujoco_ros2_control) by extension 'python_setup_py'
[0.149s] Level 1:colcon.colcon_core.package_identification:_identify(src/mujoco_ros2_control/doc) by extensions ['ignore', 'ignore_ament_install']
[0.149s] Level 1:colcon.colcon_core.package_identification:_identify(src/mujoco_ros2_control/doc) by extension 'ignore'
[0.149s] Level 1:colcon.colcon_core.package_identification:_identify(src/mujoco_ros2_control/doc) by extension 'ignore_ament_install'
[0.149s] Level 1:colcon.colcon_core.package_identification:_identify(src/mujoco_ros2_control/doc) by extensions ['colcon_pkg']
[0.149s] Level 1:colcon.colcon_core.package_identification:_identify(src/mujoco_ros2_control/doc) by extension 'colcon_pkg'
[0.149s] Level 1:colcon.colcon_core.package_identification:_identify(src/mujoco_ros2_control/doc) by extensions ['colcon_meta']
[0.149s] Level 1:colcon.colcon_core.package_identification:_identify(src/mujoco_ros2_control/doc) by extension 'colcon_meta'
[0.149s] Level 1:colcon.colcon_core.package_identification:_identify(src/mujoco_ros2_control/doc) by extensions ['ros']
[0.149s] Level 1:colcon.colcon_core.package_identification:_identify(src/mujoco_ros2_control/doc) by extension 'ros'
[0.149s] Level 1:colcon.colcon_core.package_identification:_identify(src/mujoco_ros2_control/doc) by extensions ['cmake', 'python']
[0.149s] Level 1:colcon.colcon_core.package_identification:_identify(src/mujoco_ros2_control/doc) by extension 'cmake'
[0.149s] Level 1:colcon.colcon_core.package_identification:_identify(src/mujoco_ros2_control/doc) by extension 'python'
[0.149s] Level 1:colcon.colcon_core.package_identification:_identify(src/mujoco_ros2_control/doc) by extensions ['python_setup_py']
[0.149s] Level 1:colcon.colcon_core.package_identification:_identify(src/mujoco_ros2_control/doc) by extension 'python_setup_py'
[0.149s] Level 1:colcon.colcon_core.package_identification:_identify(src/mujoco_ros2_control/doc/images) by extensions ['ignore', 'ignore_ament_install']
[0.149s] Level 1:colcon.colcon_core.package_identification:_identify(src/mujoco_ros2_control/doc/images) by extension 'ignore'
[0.149s] Level 1:colcon.colcon_core.package_identification:_identify(src/mujoco_ros2_control/doc/images) by extension 'ignore_ament_install'
[0.149s] Level 1:colcon.colcon_core.package_identification:_identify(src/mujoco_ros2_control/doc/images) by extensions ['colcon_pkg']
[0.149s] Level 1:colcon.colcon_core.package_identification:_identify(src/mujoco_ros2_control/doc/images) by extension 'colcon_pkg'
[0.149s] Level 1:colcon.colcon_core.package_identification:_identify(src/mujoco_ros2_control/doc/images) by extensions ['colcon_meta']
[0.149s] Level 1:colcon.colcon_core.package_identification:_identify(src/mujoco_ros2_control/doc/images) by extension 'colcon_meta'
[0.149s] Level 1:colcon.colcon_core.package_identification:_identify(src/mujoco_ros2_control/doc/images) by extensions ['ros']
[0.149s] Level 1:colcon.colcon_core.package_identification:_identify(src/mujoco_ros2_control/doc/images) by extension 'ros'
[0.149s] Level 1:colcon.colcon_core.package_identification:_identify(src/mujoco_ros2_control/doc/images) by extensions ['cmake', 'python']
[0.149s] Level 1:colcon.colcon_core.package_identification:_identify(src/mujoco_ros2_control/doc/images) by extension 'cmake'
[0.149s] Level 1:colcon.colcon_core.package_identification:_identify(src/mujoco_ros2_control/doc/images) by extension 'python'
[0.149s] Level 1:colcon.colcon_core.package_identification:_identify(src/mujoco_ros2_control/doc/images) by extensions ['python_setup_py']
[0.149s] Level 1:colcon.colcon_core.package_identification:_identify(src/mujoco_ros2_control/doc/images) by extension 'python_setup_py'
[0.150s] Level 1:colcon.colcon_core.package_identification:_identify(src/mujoco_ros2_control/docker) by extensions ['ignore', 'ignore_ament_install']
[0.150s] Level 1:colcon.colcon_core.package_identification:_identify(src/mujoco_ros2_control/docker) by extension 'ignore'
[0.150s] Level 1:colcon.colcon_core.package_identification:_identify(src/mujoco_ros2_control/docker) by extension 'ignore_ament_install'
[0.150s] Level 1:colcon.colcon_core.package_identification:_identify(src/mujoco_ros2_control/docker) by extensions ['colcon_pkg']
[0.150s] Level 1:colcon.colcon_core.package_identification:_identify(src/mujoco_ros2_control/docker) by extension 'colcon_pkg'
[0.150s] Level 1:colcon.colcon_core.package_identification:_identify(src/mujoco_ros2_control/docker) by extensions ['colcon_meta']
[0.150s] Level 1:colcon.colcon_core.package_identification:_identify(src/mujoco_ros2_control/docker) by extension 'colcon_meta'
[0.150s] Level 1:colcon.colcon_core.package_identification:_identify(src/mujoco_ros2_control/docker) by extensions ['ros']
[0.150s] Level 1:colcon.colcon_core.package_identification:_identify(src/mujoco_ros2_control/docker) by extension 'ros'
[0.150s] Level 1:colcon.colcon_core.package_identification:_identify(src/mujoco_ros2_control/docker) by extensions ['cmake', 'python']
[0.150s] Level 1:colcon.colcon_core.package_identification:_identify(src/mujoco_ros2_control/docker) by extension 'cmake'
[0.150s] Level 1:colcon.colcon_core.package_identification:_identify(src/mujoco_ros2_control/docker) by extension 'python'
[0.150s] Level 1:colcon.colcon_core.package_identification:_identify(src/mujoco_ros2_control/docker) by extensions ['python_setup_py']
[0.150s] Level 1:colcon.colcon_core.package_identification:_identify(src/mujoco_ros2_control/docker) by extension 'python_setup_py'
[0.150s] Level 1:colcon.colcon_core.package_identification:_identify(src/mujoco_ros2_control/mujoco_ros2_control) by extensions ['ignore', 'ignore_ament_install']
[0.150s] Level 1:colcon.colcon_core.package_identification:_identify(src/mujoco_ros2_control/mujoco_ros2_control) by extension 'ignore'
[0.150s] Level 1:colcon.colcon_core.package_identification:_identify(src/mujoco_ros2_control/mujoco_ros2_control) by extension 'ignore_ament_install'
[0.150s] Level 1:colcon.colcon_core.package_identification:_identify(src/mujoco_ros2_control/mujoco_ros2_control) by extensions ['colcon_pkg']
[0.150s] Level 1:colcon.colcon_core.package_identification:_identify(src/mujoco_ros2_control/mujoco_ros2_control) by extension 'colcon_pkg'
[0.150s] Level 1:colcon.colcon_core.package_identification:_identify(src/mujoco_ros2_control/mujoco_ros2_control) by extensions ['colcon_meta']
[0.150s] Level 1:colcon.colcon_core.package_identification:_identify(src/mujoco_ros2_control/mujoco_ros2_control) by extension 'colcon_meta'
[0.150s] Level 1:colcon.colcon_core.package_identification:_identify(src/mujoco_ros2_control/mujoco_ros2_control) by extensions ['ros']
[0.150s] Level 1:colcon.colcon_core.package_identification:_identify(src/mujoco_ros2_control/mujoco_ros2_control) by extension 'ros'
[0.151s] DEBUG:colcon.colcon_core.package_identification:Package 'src/mujoco_ros2_control/mujoco_ros2_control' with type 'ros.ament_cmake' and name 'mujoco_ros2_control'
[0.152s] Level 1:colcon.colcon_core.package_identification:_identify(src/mujoco_ros2_control/mujoco_ros2_control_demos) by extensions ['ignore', 'ignore_ament_install']
[0.152s] Level 1:colcon.colcon_core.package_identification:_identify(src/mujoco_ros2_control/mujoco_ros2_control_demos) by extension 'ignore'
[0.152s] Level 1:colcon.colcon_core.package_identification:_identify(src/mujoco_ros2_control/mujoco_ros2_control_demos) by extension 'ignore_ament_install'
[0.152s] Level 1:colcon.colcon_core.package_identification:_identify(src/mujoco_ros2_control/mujoco_ros2_control_demos) by extensions ['colcon_pkg']
[0.152s] Level 1:colcon.colcon_core.package_identification:_identify(src/mujoco_ros2_control/mujoco_ros2_control_demos) by extension 'colcon_pkg'
[0.152s] Level 1:colcon.colcon_core.package_identification:_identify(src/mujoco_ros2_control/mujoco_ros2_control_demos) by extensions ['colcon_meta']
[0.152s] Level 1:colcon.colcon_core.package_identification:_identify(src/mujoco_ros2_control/mujoco_ros2_control_demos) by extension 'colcon_meta'
[0.152s] Level 1:colcon.colcon_core.package_identification:_identify(src/mujoco_ros2_control/mujoco_ros2_control_demos) by extensions ['ros']
[0.152s] Level 1:colcon.colcon_core.package_identification:_identify(src/mujoco_ros2_control/mujoco_ros2_control_demos) by extension 'ros'
[0.153s] DEBUG:colcon.colcon_core.package_identification:Package 'src/mujoco_ros2_control/mujoco_ros2_control_demos' with type 'ros.ament_cmake' and name 'mujoco_ros2_control_demos'
[0.153s] Level 1:colcon.colcon_core.package_identification:_identify(src/toe_arm) by extensions ['ignore', 'ignore_ament_install']
[0.153s] Level 1:colcon.colcon_core.package_identification:_identify(src/toe_arm) by extension 'ignore'
[0.153s] Level 1:colcon.colcon_core.package_identification:_identify(src/toe_arm) by extension 'ignore_ament_install'
[0.153s] Level 1:colcon.colcon_core.package_identification:_identify(src/toe_arm) by extensions ['colcon_pkg']
[0.153s] Level 1:colcon.colcon_core.package_identification:_identify(src/toe_arm) by extension 'colcon_pkg'
[0.153s] Level 1:colcon.colcon_core.package_identification:_identify(src/toe_arm) by extensions ['colcon_meta']
[0.153s] Level 1:colcon.colcon_core.package_identification:_identify(src/toe_arm) by extension 'colcon_meta'
[0.153s] Level 1:colcon.colcon_core.package_identification:_identify(src/toe_arm) by extensions ['ros']
[0.153s] Level 1:colcon.colcon_core.package_identification:_identify(src/toe_arm) by extension 'ros'
[0.154s] DEBUG:colcon.colcon_core.package_identification:Package 'src/toe_arm' with type 'ros.ament_cmake' and name 'toe_arm'
[0.154s] Level 1:colcon.colcon_core.package_identification:_identify(src/toe_arm2) by extensions ['ignore', 'ignore_ament_install']
[0.154s] Level 1:colcon.colcon_core.package_identification:_identify(src/toe_arm2) by extension 'ignore'
[0.154s] Level 1:colcon.colcon_core.package_identification:_identify(src/toe_arm2) by extension 'ignore_ament_install'
[0.154s] Level 1:colcon.colcon_core.package_identification:_identify(src/toe_arm2) by extensions ['colcon_pkg']
[0.154s] Level 1:colcon.colcon_core.package_identification:_identify(src/toe_arm2) by extension 'colcon_pkg'
[0.154s] Level 1:colcon.colcon_core.package_identification:_identify(src/toe_arm2) by extensions ['colcon_meta']
[0.154s] Level 1:colcon.colcon_core.package_identification:_identify(src/toe_arm2) by extension 'colcon_meta'
[0.154s] Level 1:colcon.colcon_core.package_identification:_identify(src/toe_arm2) by extensions ['ros']
[0.154s] Level 1:colcon.colcon_core.package_identification:_identify(src/toe_arm2) by extension 'ros'
[0.154s] DEBUG:colcon.colcon_core.package_identification:Package 'src/toe_arm2' with type 'ros.ament_cmake' and name 'toe_arm2'
[0.154s] Level 1:colcon.colcon_core.package_discovery:discover_packages(recursive) using defaults
[0.154s] Level 1:colcon.colcon_core.package_discovery:discover_packages(ignore) discover
[0.154s] Level 1:colcon.colcon_core.package_discovery:discover_packages(ignore) using defaults
[0.154s] Level 1:colcon.colcon_core.package_discovery:discover_packages(path) discover
[0.154s] Level 1:colcon.colcon_core.package_discovery:discover_packages(path) using defaults
[0.170s] Level 1:colcon.colcon_core.package_discovery:discover_packages(prefix_path) check parameters
[0.170s] Level 1:colcon.colcon_core.package_discovery:discover_packages(prefix_path) discover
[0.172s] DEBUG:colcon.colcon_installed_package_information.package_discovery:Found 390 installed packages in /opt/ros/humble
[0.172s] Level 1:colcon.colcon_core.package_discovery:discover_packages(prefix_path) using defaults
[0.196s] Level 5:colcon.colcon_core.verb:set package 'mujoco_ros2_control' build argument 'cmake_args' from command line to 'None'
[0.196s] Level 5:colcon.colcon_core.verb:set package 'mujoco_ros2_control' build argument 'cmake_target' from command line to 'None'
[0.196s] Level 5:colcon.colcon_core.verb:set package 'mujoco_ros2_control' build argument 'cmake_target_skip_unavailable' from command line to 'False'
[0.196s] Level 5:colcon.colcon_core.verb:set package 'mujoco_ros2_control' build argument 'cmake_clean_cache' from command line to 'False'
[0.196s] Level 5:colcon.colcon_core.verb:set package 'mujoco_ros2_control' build argument 'cmake_clean_first' from command line to 'False'
[0.196s] Level 5:colcon.colcon_core.verb:set package 'mujoco_ros2_control' build argument 'cmake_force_configure' from command line to 'False'
[0.196s] Level 5:colcon.colcon_core.verb:set package 'mujoco_ros2_control' build argument 'ament_cmake_args' from command line to 'None'
[0.196s] Level 5:colcon.colcon_core.verb:set package 'mujoco_ros2_control' build argument 'catkin_cmake_args' from command line to 'None'
[0.196s] Level 5:colcon.colcon_core.verb:set package 'mujoco_ros2_control' build argument 'catkin_skip_building_tests' from command line to 'False'
[0.196s] DEBUG:colcon.colcon_core.verb:Building package 'mujoco_ros2_control' with the following arguments: {'ament_cmake_args': None, 'build_base': '/home/yue/mujoco_ros_ws/build/mujoco_ros2_control', 'catkin_cmake_args': None, 'catkin_skip_building_tests': False, 'cmake_args': None, 'cmake_clean_cache': False, 'cmake_clean_first': False, 'cmake_force_configure': False, 'cmake_target': None, 'cmake_target_skip_unavailable': False, 'install_base': '/home/yue/mujoco_ros_ws/install/mujoco_ros2_control', 'merge_install': False, 'path': '/home/yue/mujoco_ros_ws/src/mujoco_ros2_control/mujoco_ros2_control', 'symlink_install': False, 'test_result_base': None}
[0.196s] Level 5:colcon.colcon_core.verb:set package 'toe_arm' build argument 'cmake_args' from command line to 'None'
[0.196s] Level 5:colcon.colcon_core.verb:set package 'toe_arm' build argument 'cmake_target' from command line to 'None'
[0.196s] Level 5:colcon.colcon_core.verb:set package 'toe_arm' build argument 'cmake_target_skip_unavailable' from command line to 'False'
[0.196s] Level 5:colcon.colcon_core.verb:set package 'toe_arm' build argument 'cmake_clean_cache' from command line to 'False'
[0.196s] Level 5:colcon.colcon_core.verb:set package 'toe_arm' build argument 'cmake_clean_first' from command line to 'False'
[0.196s] Level 5:colcon.colcon_core.verb:set package 'toe_arm' build argument 'cmake_force_configure' from command line to 'False'
[0.196s] Level 5:colcon.colcon_core.verb:set package 'toe_arm' build argument 'ament_cmake_args' from command line to 'None'
[0.196s] Level 5:colcon.colcon_core.verb:set package 'toe_arm' build argument 'catkin_cmake_args' from command line to 'None'
[0.196s] Level 5:colcon.colcon_core.verb:set package 'toe_arm' build argument 'catkin_skip_building_tests' from command line to 'False'
[0.196s] DEBUG:colcon.colcon_core.verb:Building package 'toe_arm' with the following arguments: {'ament_cmake_args': None, 'build_base': '/home/yue/mujoco_ros_ws/build/toe_arm', 'catkin_cmake_args': None, 'catkin_skip_building_tests': False, 'cmake_args': None, 'cmake_clean_cache': False, 'cmake_clean_first': False, 'cmake_force_configure': False, 'cmake_target': None, 'cmake_target_skip_unavailable': False, 'install_base': '/home/yue/mujoco_ros_ws/install/toe_arm', 'merge_install': False, 'path': '/home/yue/mujoco_ros_ws/src/toe_arm', 'symlink_install': False, 'test_result_base': None}
[0.196s] Level 5:colcon.colcon_core.verb:set package 'toe_arm2' build argument 'cmake_args' from command line to 'None'
[0.196s] Level 5:colcon.colcon_core.verb:set package 'toe_arm2' build argument 'cmake_target' from command line to 'None'
[0.196s] Level 5:colcon.colcon_core.verb:set package 'toe_arm2' build argument 'cmake_target_skip_unavailable' from command line to 'False'
[0.196s] Level 5:colcon.colcon_core.verb:set package 'toe_arm2' build argument 'cmake_clean_cache' from command line to 'False'
[0.196s] Level 5:colcon.colcon_core.verb:set package 'toe_arm2' build argument 'cmake_clean_first' from command line to 'False'
[0.196s] Level 5:colcon.colcon_core.verb:set package 'toe_arm2' build argument 'cmake_force_configure' from command line to 'False'
[0.196s] Level 5:colcon.colcon_core.verb:set package 'toe_arm2' build argument 'ament_cmake_args' from command line to 'None'
[0.196s] Level 5:colcon.colcon_core.verb:set package 'toe_arm2' build argument 'catkin_cmake_args' from command line to 'None'
[0.196s] Level 5:colcon.colcon_core.verb:set package 'toe_arm2' build argument 'catkin_skip_building_tests' from command line to 'False'
[0.196s] DEBUG:colcon.colcon_core.verb:Building package 'toe_arm2' with the following arguments: {'ament_cmake_args': None, 'build_base': '/home/yue/mujoco_ros_ws/build/toe_arm2', 'catkin_cmake_args': None, 'catkin_skip_building_tests': False, 'cmake_args': None, 'cmake_clean_cache': False, 'cmake_clean_first': False, 'cmake_force_configure': False, 'cmake_target': None, 'cmake_target_skip_unavailable': False, 'install_base': '/home/yue/mujoco_ros_ws/install/toe_arm2', 'merge_install': False, 'path': '/home/yue/mujoco_ros_ws/src/toe_arm2', 'symlink_install': False, 'test_result_base': None}
[0.197s] Level 5:colcon.colcon_core.verb:set package 'mujoco_ros2_control_demos' build argument 'cmake_args' from command line to 'None'
[0.197s] Level 5:colcon.colcon_core.verb:set package 'mujoco_ros2_control_demos' build argument 'cmake_target' from command line to 'None'
[0.197s] Level 5:colcon.colcon_core.verb:set package 'mujoco_ros2_control_demos' build argument 'cmake_target_skip_unavailable' from command line to 'False'
[0.197s] Level 5:colcon.colcon_core.verb:set package 'mujoco_ros2_control_demos' build argument 'cmake_clean_cache' from command line to 'False'
[0.197s] Level 5:colcon.colcon_core.verb:set package 'mujoco_ros2_control_demos' build argument 'cmake_clean_first' from command line to 'False'
[0.197s] Level 5:colcon.colcon_core.verb:set package 'mujoco_ros2_control_demos' build argument 'cmake_force_configure' from command line to 'False'
[0.197s] Level 5:colcon.colcon_core.verb:set package 'mujoco_ros2_control_demos' build argument 'ament_cmake_args' from command line to 'None'
[0.197s] Level 5:colcon.colcon_core.verb:set package 'mujoco_ros2_control_demos' build argument 'catkin_cmake_args' from command line to 'None'
[0.197s] Level 5:colcon.colcon_core.verb:set package 'mujoco_ros2_control_demos' build argument 'catkin_skip_building_tests' from command line to 'False'
[0.197s] DEBUG:colcon.colcon_core.verb:Building package 'mujoco_ros2_control_demos' with the following arguments: {'ament_cmake_args': None, 'build_base': '/home/yue/mujoco_ros_ws/build/mujoco_ros2_control_demos', 'catkin_cmake_args': None, 'catkin_skip_building_tests': False, 'cmake_args': None, 'cmake_clean_cache': False, 'cmake_clean_first': False, 'cmake_force_configure': False, 'cmake_target': None, 'cmake_target_skip_unavailable': False, 'install_base': '/home/yue/mujoco_ros_ws/install/mujoco_ros2_control_demos', 'merge_install': False, 'path': '/home/yue/mujoco_ros_ws/src/mujoco_ros2_control/mujoco_ros2_control_demos', 'symlink_install': False, 'test_result_base': None}
[0.197s] INFO:colcon.colcon_core.executor:Executing jobs using 'parallel' executor
[0.197s] DEBUG:colcon.colcon_parallel_executor.executor.parallel:run_until_complete
[0.198s] INFO:colcon.colcon_ros.task.ament_cmake.build:Building ROS package in '/home/yue/mujoco_ros_ws/src/mujoco_ros2_control/mujoco_ros2_control' with build type 'ament_cmake'
[0.198s] INFO:colcon.colcon_cmake.task.cmake.build:Building CMake package in '/home/yue/mujoco_ros_ws/src/mujoco_ros2_control/mujoco_ros2_control'
[0.199s] INFO:colcon.colcon_core.plugin_system:Skipping extension 'colcon_core.shell.bat': Not used on non-Windows systems
[0.199s] INFO:colcon.colcon_core.shell:Skip shell extension 'powershell' for command environment: Not usable outside of PowerShell
[0.199s] DEBUG:colcon.colcon_core.shell:Skip shell extension 'dsv' for command environment
[0.201s] INFO:colcon.colcon_ros.task.ament_cmake.build:Building ROS package in '/home/yue/mujoco_ros_ws/src/toe_arm' with build type 'ament_cmake'
[0.201s] INFO:colcon.colcon_cmake.task.cmake.build:Building CMake package in '/home/yue/mujoco_ros_ws/src/toe_arm'
[0.201s] INFO:colcon.colcon_core.shell:Skip shell extension 'powershell' for command environment: Not usable outside of PowerShell
[0.201s] DEBUG:colcon.colcon_core.shell:Skip shell extension 'dsv' for command environment
[0.202s] INFO:colcon.colcon_ros.task.ament_cmake.build:Building ROS package in '/home/yue/mujoco_ros_ws/src/toe_arm2' with build type 'ament_cmake'
[0.203s] INFO:colcon.colcon_cmake.task.cmake.build:Building CMake package in '/home/yue/mujoco_ros_ws/src/toe_arm2'
[0.203s] INFO:colcon.colcon_core.shell:Skip shell extension 'powershell' for command environment: Not usable outside of PowerShell
[0.203s] DEBUG:colcon.colcon_core.shell:Skip shell extension 'dsv' for command environment
[0.207s] DEBUG:colcon.colcon_core.event_handler.log_command:Invoking command in '/home/yue/mujoco_ros_ws/build/mujoco_ros2_control': CMAKE_PREFIX_PATH=/opt/ros/humble /usr/bin/cmake /home/yue/mujoco_ros_ws/src/mujoco_ros2_control/mujoco_ros2_control -DCMAKE_INSTALL_PREFIX=/home/yue/mujoco_ros_ws/install/mujoco_ros2_control
[0.209s] DEBUG:colcon.colcon_core.event_handler.log_command:Invoking command in '/home/yue/mujoco_ros_ws/build/toe_arm': CMAKE_PREFIX_PATH=/opt/ros/humble /usr/bin/cmake /home/yue/mujoco_ros_ws/src/toe_arm -DCMAKE_INSTALL_PREFIX=/home/yue/mujoco_ros_ws/install/toe_arm
[0.211s] DEBUG:colcon.colcon_core.event_handler.log_command:Invoking command in '/home/yue/mujoco_ros_ws/build/toe_arm2': CMAKE_PREFIX_PATH=/opt/ros/humble /usr/bin/cmake /home/yue/mujoco_ros_ws/src/toe_arm2 -DCMAKE_INSTALL_PREFIX=/home/yue/mujoco_ros_ws/install/toe_arm2
[1.751s] DEBUG:colcon.colcon_core.event_handler.log_command:Invoked command in '/home/yue/mujoco_ros_ws/build/toe_arm' returned '0': CMAKE_PREFIX_PATH=/opt/ros/humble /usr/bin/cmake /home/yue/mujoco_ros_ws/src/toe_arm -DCMAKE_INSTALL_PREFIX=/home/yue/mujoco_ros_ws/install/toe_arm
[1.751s] DEBUG:colcon.colcon_core.event_handler.log_command:Invoking command in '/home/yue/mujoco_ros_ws/build/toe_arm': CMAKE_PREFIX_PATH=/opt/ros/humble /usr/bin/cmake --build /home/yue/mujoco_ros_ws/build/toe_arm -- -j20 -l20
[1.752s] DEBUG:colcon.colcon_core.event_handler.log_command:Invoked command in '/home/yue/mujoco_ros_ws/build/toe_arm2' returned '0': CMAKE_PREFIX_PATH=/opt/ros/humble /usr/bin/cmake /home/yue/mujoco_ros_ws/src/toe_arm2 -DCMAKE_INSTALL_PREFIX=/home/yue/mujoco_ros_ws/install/toe_arm2
[1.753s] DEBUG:colcon.colcon_core.event_handler.log_command:Invoking command in '/home/yue/mujoco_ros_ws/build/toe_arm2': CMAKE_PREFIX_PATH=/opt/ros/humble /usr/bin/cmake --build /home/yue/mujoco_ros_ws/build/toe_arm2 -- -j20 -l20
[1.778s] DEBUG:colcon.colcon_core.event_handler.log_command:Invoked command in '/home/yue/mujoco_ros_ws/build/toe_arm' returned '0': CMAKE_PREFIX_PATH=/opt/ros/humble /usr/bin/cmake --build /home/yue/mujoco_ros_ws/build/toe_arm -- -j20 -l20
[1.787s] DEBUG:colcon.colcon_core.event_handler.log_command:Invoking command in '/home/yue/mujoco_ros_ws/build/toe_arm': CMAKE_PREFIX_PATH=/opt/ros/humble /usr/bin/cmake --install /home/yue/mujoco_ros_ws/build/toe_arm
[1.787s] DEBUG:colcon.colcon_core.event_handler.log_command:Invoked command in '/home/yue/mujoco_ros_ws/build/toe_arm2' returned '0': CMAKE_PREFIX_PATH=/opt/ros/humble /usr/bin/cmake --build /home/yue/mujoco_ros_ws/build/toe_arm2 -- -j20 -l20
[1.788s] DEBUG:colcon.colcon_core.event_handler.log_command:Invoking command in '/home/yue/mujoco_ros_ws/build/toe_arm2': CMAKE_PREFIX_PATH=/opt/ros/humble /usr/bin/cmake --install /home/yue/mujoco_ros_ws/build/toe_arm2
[1.853s] Level 1:colcon.colcon_core.environment:create_environment_scripts_only(toe_arm)
[1.853s] DEBUG:colcon.colcon_core.event_handler.log_command:Invoked command in '/home/yue/mujoco_ros_ws/build/toe_arm' returned '0': CMAKE_PREFIX_PATH=/opt/ros/humble /usr/bin/cmake --install /home/yue/mujoco_ros_ws/build/toe_arm
[1.855s] Level 1:colcon.colcon_core.environment:checking '/home/yue/mujoco_ros_ws/install/toe_arm' for CMake module files
[1.856s] Level 1:colcon.colcon_core.environment:checking '/home/yue/mujoco_ros_ws/install/toe_arm' for CMake config files
[1.856s] Level 1:colcon.colcon_core.shell:create_environment_hook('toe_arm', 'cmake_prefix_path')
[1.856s] INFO:colcon.colcon_core.shell:Creating environment hook '/home/yue/mujoco_ros_ws/install/toe_arm/share/toe_arm/hook/cmake_prefix_path.ps1'
[1.857s] INFO:colcon.colcon_core.shell:Creating environment descriptor '/home/yue/mujoco_ros_ws/install/toe_arm/share/toe_arm/hook/cmake_prefix_path.dsv'
[1.857s] INFO:colcon.colcon_core.shell:Creating environment hook '/home/yue/mujoco_ros_ws/install/toe_arm/share/toe_arm/hook/cmake_prefix_path.sh'
[1.858s] Level 1:colcon.colcon_core.environment:checking '/home/yue/mujoco_ros_ws/install/toe_arm/bin'
[1.858s] Level 1:colcon.colcon_core.environment:checking '/home/yue/mujoco_ros_ws/install/toe_arm/lib/pkgconfig/toe_arm.pc'
[1.858s] Level 1:colcon.colcon_core.environment:checking '/home/yue/mujoco_ros_ws/install/toe_arm/lib/python3.10/site-packages'
[1.858s] Level 1:colcon.colcon_core.environment:checking '/home/yue/mujoco_ros_ws/install/toe_arm/bin'
[1.859s] INFO:colcon.colcon_core.shell:Creating package script '/home/yue/mujoco_ros_ws/install/toe_arm/share/toe_arm/package.ps1'
[1.860s] INFO:colcon.colcon_core.shell:Creating package descriptor '/home/yue/mujoco_ros_ws/install/toe_arm/share/toe_arm/package.dsv'
[1.860s] INFO:colcon.colcon_core.shell:Creating package script '/home/yue/mujoco_ros_ws/install/toe_arm/share/toe_arm/package.sh'
[1.861s] INFO:colcon.colcon_core.shell:Creating package script '/home/yue/mujoco_ros_ws/install/toe_arm/share/toe_arm/package.bash'
[1.861s] INFO:colcon.colcon_core.shell:Creating package script '/home/yue/mujoco_ros_ws/install/toe_arm/share/toe_arm/package.zsh'
[1.861s] Level 1:colcon.colcon_core.environment:create_file_with_runtime_dependencies(/home/yue/mujoco_ros_ws/install/toe_arm/share/colcon-core/packages/toe_arm)
[1.862s] Level 1:colcon.colcon_core.environment:create_environment_scripts_only(toe_arm)
[1.862s] Level 1:colcon.colcon_core.environment:checking '/home/yue/mujoco_ros_ws/install/toe_arm' for CMake module files
[1.862s] Level 1:colcon.colcon_core.environment:checking '/home/yue/mujoco_ros_ws/install/toe_arm' for CMake config files
[1.862s] Level 1:colcon.colcon_core.shell:create_environment_hook('toe_arm', 'cmake_prefix_path')
[1.862s] INFO:colcon.colcon_core.shell:Creating environment hook '/home/yue/mujoco_ros_ws/install/toe_arm/share/toe_arm/hook/cmake_prefix_path.ps1'
[1.863s] INFO:colcon.colcon_core.shell:Creating environment descriptor '/home/yue/mujoco_ros_ws/install/toe_arm/share/toe_arm/hook/cmake_prefix_path.dsv'
[1.863s] INFO:colcon.colcon_core.shell:Creating environment hook '/home/yue/mujoco_ros_ws/install/toe_arm/share/toe_arm/hook/cmake_prefix_path.sh'
[1.863s] Level 1:colcon.colcon_core.environment:checking '/home/yue/mujoco_ros_ws/install/toe_arm/bin'
[1.863s] Level 1:colcon.colcon_core.environment:checking '/home/yue/mujoco_ros_ws/install/toe_arm/lib/pkgconfig/toe_arm.pc'
[1.863s] Level 1:colcon.colcon_core.environment:checking '/home/yue/mujoco_ros_ws/install/toe_arm/lib/python3.10/site-packages'
[1.863s] Level 1:colcon.colcon_core.environment:checking '/home/yue/mujoco_ros_ws/install/toe_arm/bin'
[1.863s] INFO:colcon.colcon_core.shell:Creating package script '/home/yue/mujoco_ros_ws/install/toe_arm/share/toe_arm/package.ps1'
[1.864s] INFO:colcon.colcon_core.shell:Creating package descriptor '/home/yue/mujoco_ros_ws/install/toe_arm/share/toe_arm/package.dsv'
[1.864s] INFO:colcon.colcon_core.shell:Creating package script '/home/yue/mujoco_ros_ws/install/toe_arm/share/toe_arm/package.sh'
[1.864s] INFO:colcon.colcon_core.shell:Creating package script '/home/yue/mujoco_ros_ws/install/toe_arm/share/toe_arm/package.bash'
[1.864s] INFO:colcon.colcon_core.shell:Creating package script '/home/yue/mujoco_ros_ws/install/toe_arm/share/toe_arm/package.zsh'
[1.865s] Level 1:colcon.colcon_core.environment:create_file_with_runtime_dependencies(/home/yue/mujoco_ros_ws/install/toe_arm/share/colcon-core/packages/toe_arm)
[1.865s] Level 1:colcon.colcon_core.environment:create_environment_scripts_only(toe_arm2)
[1.865s] Level 1:colcon.colcon_core.environment:checking '/home/yue/mujoco_ros_ws/install/toe_arm2' for CMake module files
[1.866s] DEBUG:colcon.colcon_core.event_handler.log_command:Invoked command in '/home/yue/mujoco_ros_ws/build/toe_arm2' returned '0': CMAKE_PREFIX_PATH=/opt/ros/humble /usr/bin/cmake --install /home/yue/mujoco_ros_ws/build/toe_arm2
[1.866s] Level 1:colcon.colcon_core.environment:checking '/home/yue/mujoco_ros_ws/install/toe_arm2' for CMake config files
[1.866s] Level 1:colcon.colcon_core.shell:create_environment_hook('toe_arm2', 'cmake_prefix_path')
[1.866s] INFO:colcon.colcon_core.shell:Creating environment hook '/home/yue/mujoco_ros_ws/install/toe_arm2/share/toe_arm2/hook/cmake_prefix_path.ps1'
[1.867s] INFO:colcon.colcon_core.shell:Creating environment descriptor '/home/yue/mujoco_ros_ws/install/toe_arm2/share/toe_arm2/hook/cmake_prefix_path.dsv'
[1.867s] INFO:colcon.colcon_core.shell:Creating environment hook '/home/yue/mujoco_ros_ws/install/toe_arm2/share/toe_arm2/hook/cmake_prefix_path.sh'
[1.868s] Level 1:colcon.colcon_core.environment:checking '/home/yue/mujoco_ros_ws/install/toe_arm2/bin'
[1.868s] Level 1:colcon.colcon_core.environment:checking '/home/yue/mujoco_ros_ws/install/toe_arm2/lib/pkgconfig/toe_arm2.pc'
[1.868s] Level 1:colcon.colcon_core.environment:checking '/home/yue/mujoco_ros_ws/install/toe_arm2/lib/python3.10/site-packages'
[1.868s] Level 1:colcon.colcon_core.environment:checking '/home/yue/mujoco_ros_ws/install/toe_arm2/bin'
[1.868s] INFO:colcon.colcon_core.shell:Creating package script '/home/yue/mujoco_ros_ws/install/toe_arm2/share/toe_arm2/package.ps1'
[1.869s] INFO:colcon.colcon_core.shell:Creating package descriptor '/home/yue/mujoco_ros_ws/install/toe_arm2/share/toe_arm2/package.dsv'
[1.869s] INFO:colcon.colcon_core.shell:Creating package script '/home/yue/mujoco_ros_ws/install/toe_arm2/share/toe_arm2/package.sh'
[1.870s] INFO:colcon.colcon_core.shell:Creating package script '/home/yue/mujoco_ros_ws/install/toe_arm2/share/toe_arm2/package.bash'
[1.870s] INFO:colcon.colcon_core.shell:Creating package script '/home/yue/mujoco_ros_ws/install/toe_arm2/share/toe_arm2/package.zsh'
[1.870s] Level 1:colcon.colcon_core.environment:create_file_with_runtime_dependencies(/home/yue/mujoco_ros_ws/install/toe_arm2/share/colcon-core/packages/toe_arm2)
[1.871s] Level 1:colcon.colcon_core.environment:create_environment_scripts_only(toe_arm2)
[1.871s] Level 1:colcon.colcon_core.environment:checking '/home/yue/mujoco_ros_ws/install/toe_arm2' for CMake module files
[1.871s] Level 1:colcon.colcon_core.environment:checking '/home/yue/mujoco_ros_ws/install/toe_arm2' for CMake config files
[1.872s] Level 1:colcon.colcon_core.shell:create_environment_hook('toe_arm2', 'cmake_prefix_path')
[1.872s] INFO:colcon.colcon_core.shell:Creating environment hook '/home/yue/mujoco_ros_ws/install/toe_arm2/share/toe_arm2/hook/cmake_prefix_path.ps1'
[1.872s] INFO:colcon.colcon_core.shell:Creating environment descriptor '/home/yue/mujoco_ros_ws/install/toe_arm2/share/toe_arm2/hook/cmake_prefix_path.dsv'
[1.872s] INFO:colcon.colcon_core.shell:Creating environment hook '/home/yue/mujoco_ros_ws/install/toe_arm2/share/toe_arm2/hook/cmake_prefix_path.sh'
[1.873s] Level 1:colcon.colcon_core.environment:checking '/home/yue/mujoco_ros_ws/install/toe_arm2/bin'
[1.873s] Level 1:colcon.colcon_core.environment:checking '/home/yue/mujoco_ros_ws/install/toe_arm2/lib/pkgconfig/toe_arm2.pc'
[1.873s] Level 1:colcon.colcon_core.environment:checking '/home/yue/mujoco_ros_ws/install/toe_arm2/lib/python3.10/site-packages'
[1.873s] Level 1:colcon.colcon_core.environment:checking '/home/yue/mujoco_ros_ws/install/toe_arm2/bin'
[1.873s] INFO:colcon.colcon_core.shell:Creating package script '/home/yue/mujoco_ros_ws/install/toe_arm2/share/toe_arm2/package.ps1'
[1.873s] INFO:colcon.colcon_core.shell:Creating package descriptor '/home/yue/mujoco_ros_ws/install/toe_arm2/share/toe_arm2/package.dsv'
[1.874s] INFO:colcon.colcon_core.shell:Creating package script '/home/yue/mujoco_ros_ws/install/toe_arm2/share/toe_arm2/package.sh'
[1.874s] INFO:colcon.colcon_core.shell:Creating package script '/home/yue/mujoco_ros_ws/install/toe_arm2/share/toe_arm2/package.bash'
[1.874s] INFO:colcon.colcon_core.shell:Creating package script '/home/yue/mujoco_ros_ws/install/toe_arm2/share/toe_arm2/package.zsh'
[1.874s] Level 1:colcon.colcon_core.environment:create_file_with_runtime_dependencies(/home/yue/mujoco_ros_ws/install/toe_arm2/share/colcon-core/packages/toe_arm2)
[2.607s] DEBUG:colcon.colcon_core.event_handler.log_command:Invoked command in '/home/yue/mujoco_ros_ws/build/mujoco_ros2_control' returned '0': CMAKE_PREFIX_PATH=/opt/ros/humble /usr/bin/cmake /home/yue/mujoco_ros_ws/src/mujoco_ros2_control/mujoco_ros2_control -DCMAKE_INSTALL_PREFIX=/home/yue/mujoco_ros_ws/install/mujoco_ros2_control
[2.608s] DEBUG:colcon.colcon_core.event_handler.log_command:Invoking command in '/home/yue/mujoco_ros_ws/build/mujoco_ros2_control': CMAKE_PREFIX_PATH=/opt/ros/humble /usr/bin/cmake --build /home/yue/mujoco_ros_ws/build/mujoco_ros2_control -- -j20 -l20
[10.186s] DEBUG:colcon.colcon_core.event_handler.log_command:Invoked command in '/home/yue/mujoco_ros_ws/build/mujoco_ros2_control' returned '0': CMAKE_PREFIX_PATH=/opt/ros/humble /usr/bin/cmake --build /home/yue/mujoco_ros_ws/build/mujoco_ros2_control -- -j20 -l20
[10.188s] DEBUG:colcon.colcon_core.event_handler.log_command:Invoking command in '/home/yue/mujoco_ros_ws/build/mujoco_ros2_control': CMAKE_PREFIX_PATH=/opt/ros/humble /usr/bin/cmake --install /home/yue/mujoco_ros_ws/build/mujoco_ros2_control
[10.202s] Level 1:colcon.colcon_core.environment:create_environment_scripts_only(mujoco_ros2_control)
[10.203s] Level 1:colcon.colcon_core.environment:checking '/home/yue/mujoco_ros_ws/install/mujoco_ros2_control' for CMake module files
[10.203s] DEBUG:colcon.colcon_core.event_handler.log_command:Invoked command in '/home/yue/mujoco_ros_ws/build/mujoco_ros2_control' returned '0': CMAKE_PREFIX_PATH=/opt/ros/humble /usr/bin/cmake --install /home/yue/mujoco_ros_ws/build/mujoco_ros2_control
[10.204s] Level 1:colcon.colcon_core.environment:checking '/home/yue/mujoco_ros_ws/install/mujoco_ros2_control' for CMake config files
[10.204s] Level 1:colcon.colcon_core.shell:create_environment_hook('mujoco_ros2_control', 'cmake_prefix_path')
[10.204s] INFO:colcon.colcon_core.shell:Creating environment hook '/home/yue/mujoco_ros_ws/install/mujoco_ros2_control/share/mujoco_ros2_control/hook/cmake_prefix_path.ps1'
[10.204s] INFO:colcon.colcon_core.shell:Creating environment descriptor '/home/yue/mujoco_ros_ws/install/mujoco_ros2_control/share/mujoco_ros2_control/hook/cmake_prefix_path.dsv'
[10.205s] INFO:colcon.colcon_core.shell:Creating environment hook '/home/yue/mujoco_ros_ws/install/mujoco_ros2_control/share/mujoco_ros2_control/hook/cmake_prefix_path.sh'
[10.205s] Level 1:colcon.colcon_core.environment:checking '/home/yue/mujoco_ros_ws/install/mujoco_ros2_control/lib'
[10.205s] Level 1:colcon.colcon_core.shell:create_environment_hook('mujoco_ros2_control', 'ld_library_path_lib')
[10.205s] INFO:colcon.colcon_core.shell:Creating environment hook '/home/yue/mujoco_ros_ws/install/mujoco_ros2_control/share/mujoco_ros2_control/hook/ld_library_path_lib.ps1'
[10.206s] INFO:colcon.colcon_core.shell:Creating environment descriptor '/home/yue/mujoco_ros_ws/install/mujoco_ros2_control/share/mujoco_ros2_control/hook/ld_library_path_lib.dsv'
[10.206s] INFO:colcon.colcon_core.shell:Creating environment hook '/home/yue/mujoco_ros_ws/install/mujoco_ros2_control/share/mujoco_ros2_control/hook/ld_library_path_lib.sh'
[10.206s] Level 1:colcon.colcon_core.environment:checking '/home/yue/mujoco_ros_ws/install/mujoco_ros2_control/bin'
[10.207s] Level 1:colcon.colcon_core.environment:checking '/home/yue/mujoco_ros_ws/install/mujoco_ros2_control/lib/pkgconfig/mujoco_ros2_control.pc'
[10.207s] Level 1:colcon.colcon_core.environment:checking '/home/yue/mujoco_ros_ws/install/mujoco_ros2_control/lib/python3.10/site-packages'
[10.207s] Level 1:colcon.colcon_core.environment:checking '/home/yue/mujoco_ros_ws/install/mujoco_ros2_control/bin'
[10.207s] INFO:colcon.colcon_core.shell:Creating package script '/home/yue/mujoco_ros_ws/install/mujoco_ros2_control/share/mujoco_ros2_control/package.ps1'
[10.207s] INFO:colcon.colcon_core.shell:Creating package descriptor '/home/yue/mujoco_ros_ws/install/mujoco_ros2_control/share/mujoco_ros2_control/package.dsv'
[10.208s] INFO:colcon.colcon_core.shell:Creating package script '/home/yue/mujoco_ros_ws/install/mujoco_ros2_control/share/mujoco_ros2_control/package.sh'
[10.208s] INFO:colcon.colcon_core.shell:Creating package script '/home/yue/mujoco_ros_ws/install/mujoco_ros2_control/share/mujoco_ros2_control/package.bash'
[10.208s] INFO:colcon.colcon_core.shell:Creating package script '/home/yue/mujoco_ros_ws/install/mujoco_ros2_control/share/mujoco_ros2_control/package.zsh'
[10.208s] Level 1:colcon.colcon_core.environment:create_file_with_runtime_dependencies(/home/yue/mujoco_ros_ws/install/mujoco_ros2_control/share/colcon-core/packages/mujoco_ros2_control)
[10.209s] Level 1:colcon.colcon_core.environment:create_environment_scripts_only(mujoco_ros2_control)
[10.209s] Level 1:colcon.colcon_core.environment:checking '/home/yue/mujoco_ros_ws/install/mujoco_ros2_control' for CMake module files
[10.209s] Level 1:colcon.colcon_core.environment:checking '/home/yue/mujoco_ros_ws/install/mujoco_ros2_control' for CMake config files
[10.209s] Level 1:colcon.colcon_core.shell:create_environment_hook('mujoco_ros2_control', 'cmake_prefix_path')
[10.209s] INFO:colcon.colcon_core.shell:Creating environment hook '/home/yue/mujoco_ros_ws/install/mujoco_ros2_control/share/mujoco_ros2_control/hook/cmake_prefix_path.ps1'
[10.209s] INFO:colcon.colcon_core.shell:Creating environment descriptor '/home/yue/mujoco_ros_ws/install/mujoco_ros2_control/share/mujoco_ros2_control/hook/cmake_prefix_path.dsv'
[10.209s] INFO:colcon.colcon_core.shell:Creating environment hook '/home/yue/mujoco_ros_ws/install/mujoco_ros2_control/share/mujoco_ros2_control/hook/cmake_prefix_path.sh'
[10.210s] Level 1:colcon.colcon_core.environment:checking '/home/yue/mujoco_ros_ws/install/mujoco_ros2_control/lib'
[10.210s] Level 1:colcon.colcon_core.shell:create_environment_hook('mujoco_ros2_control', 'ld_library_path_lib')
[10.210s] INFO:colcon.colcon_core.shell:Creating environment hook '/home/yue/mujoco_ros_ws/install/mujoco_ros2_control/share/mujoco_ros2_control/hook/ld_library_path_lib.ps1'
[10.210s] INFO:colcon.colcon_core.shell:Creating environment descriptor '/home/yue/mujoco_ros_ws/install/mujoco_ros2_control/share/mujoco_ros2_control/hook/ld_library_path_lib.dsv'
[10.210s] INFO:colcon.colcon_core.shell:Creating environment hook '/home/yue/mujoco_ros_ws/install/mujoco_ros2_control/share/mujoco_ros2_control/hook/ld_library_path_lib.sh'
[10.211s] Level 1:colcon.colcon_core.environment:checking '/home/yue/mujoco_ros_ws/install/mujoco_ros2_control/bin'
[10.211s] Level 1:colcon.colcon_core.environment:checking '/home/yue/mujoco_ros_ws/install/mujoco_ros2_control/lib/pkgconfig/mujoco_ros2_control.pc'
[10.211s] Level 1:colcon.colcon_core.environment:checking '/home/yue/mujoco_ros_ws/install/mujoco_ros2_control/lib/python3.10/site-packages'
[10.211s] Level 1:colcon.colcon_core.environment:checking '/home/yue/mujoco_ros_ws/install/mujoco_ros2_control/bin'
[10.211s] INFO:colcon.colcon_core.shell:Creating package script '/home/yue/mujoco_ros_ws/install/mujoco_ros2_control/share/mujoco_ros2_control/package.ps1'
[10.212s] INFO:colcon.colcon_core.shell:Creating package descriptor '/home/yue/mujoco_ros_ws/install/mujoco_ros2_control/share/mujoco_ros2_control/package.dsv'
[10.212s] INFO:colcon.colcon_core.shell:Creating package script '/home/yue/mujoco_ros_ws/install/mujoco_ros2_control/share/mujoco_ros2_control/package.sh'
[10.212s] INFO:colcon.colcon_core.shell:Creating package script '/home/yue/mujoco_ros_ws/install/mujoco_ros2_control/share/mujoco_ros2_control/package.bash'
[10.213s] INFO:colcon.colcon_core.shell:Creating package script '/home/yue/mujoco_ros_ws/install/mujoco_ros2_control/share/mujoco_ros2_control/package.zsh'
[10.213s] Level 1:colcon.colcon_core.environment:create_file_with_runtime_dependencies(/home/yue/mujoco_ros_ws/install/mujoco_ros2_control/share/colcon-core/packages/mujoco_ros2_control)
[10.213s] INFO:colcon.colcon_ros.task.ament_cmake.build:Building ROS package in '/home/yue/mujoco_ros_ws/src/mujoco_ros2_control/mujoco_ros2_control_demos' with build type 'ament_cmake'
[10.213s] INFO:colcon.colcon_cmake.task.cmake.build:Building CMake package in '/home/yue/mujoco_ros_ws/src/mujoco_ros2_control/mujoco_ros2_control_demos'
[10.213s] INFO:colcon.colcon_core.shell:Skip shell extension 'powershell' for command environment: Not usable outside of PowerShell
[10.213s] DEBUG:colcon.colcon_core.shell:Skip shell extension 'dsv' for command environment
[10.220s] DEBUG:colcon.colcon_core.event_handler.log_command:Invoking command in '/home/yue/mujoco_ros_ws/build/mujoco_ros2_control_demos': AMENT_PREFIX_PATH=/home/yue/mujoco_ros_ws/install/mujoco_ros2_control:${AMENT_PREFIX_PATH} CMAKE_PREFIX_PATH=/home/yue/mujoco_ros_ws/install/mujoco_ros2_control:/opt/ros/humble LD_LIBRARY_PATH=/home/yue/mujoco_ros_ws/install/mujoco_ros2_control/lib:${LD_LIBRARY_PATH} /usr/bin/cmake /home/yue/mujoco_ros_ws/src/mujoco_ros2_control/mujoco_ros2_control_demos -DCMAKE_INSTALL_PREFIX=/home/yue/mujoco_ros_ws/install/mujoco_ros2_control_demos
[11.107s] DEBUG:colcon.colcon_core.event_handler.log_command:Invoked command in '/home/yue/mujoco_ros_ws/build/mujoco_ros2_control_demos' returned '0': AMENT_PREFIX_PATH=/home/yue/mujoco_ros_ws/install/mujoco_ros2_control:${AMENT_PREFIX_PATH} CMAKE_PREFIX_PATH=/home/yue/mujoco_ros_ws/install/mujoco_ros2_control:/opt/ros/humble LD_LIBRARY_PATH=/home/yue/mujoco_ros_ws/install/mujoco_ros2_control/lib:${LD_LIBRARY_PATH} /usr/bin/cmake /home/yue/mujoco_ros_ws/src/mujoco_ros2_control/mujoco_ros2_control_demos -DCMAKE_INSTALL_PREFIX=/home/yue/mujoco_ros_ws/install/mujoco_ros2_control_demos
[11.108s] DEBUG:colcon.colcon_core.event_handler.log_command:Invoking command in '/home/yue/mujoco_ros_ws/build/mujoco_ros2_control_demos': AMENT_PREFIX_PATH=/home/yue/mujoco_ros_ws/install/mujoco_ros2_control:${AMENT_PREFIX_PATH} CMAKE_PREFIX_PATH=/home/yue/mujoco_ros_ws/install/mujoco_ros2_control:/opt/ros/humble LD_LIBRARY_PATH=/home/yue/mujoco_ros_ws/install/mujoco_ros2_control/lib:${LD_LIBRARY_PATH} /usr/bin/cmake --build /home/yue/mujoco_ros_ws/build/mujoco_ros2_control_demos -- -j20 -l20
[14.529s] DEBUG:colcon.colcon_core.event_handler.log_command:Invoked command in '/home/yue/mujoco_ros_ws/build/mujoco_ros2_control_demos' returned '0': AMENT_PREFIX_PATH=/home/yue/mujoco_ros_ws/install/mujoco_ros2_control:${AMENT_PREFIX_PATH} CMAKE_PREFIX_PATH=/home/yue/mujoco_ros_ws/install/mujoco_ros2_control:/opt/ros/humble LD_LIBRARY_PATH=/home/yue/mujoco_ros_ws/install/mujoco_ros2_control/lib:${LD_LIBRARY_PATH} /usr/bin/cmake --build /home/yue/mujoco_ros_ws/build/mujoco_ros2_control_demos -- -j20 -l20
[14.530s] DEBUG:colcon.colcon_core.event_handler.log_command:Invoking command in '/home/yue/mujoco_ros_ws/build/mujoco_ros2_control_demos': AMENT_PREFIX_PATH=/home/yue/mujoco_ros_ws/install/mujoco_ros2_control:${AMENT_PREFIX_PATH} CMAKE_PREFIX_PATH=/home/yue/mujoco_ros_ws/install/mujoco_ros2_control:/opt/ros/humble LD_LIBRARY_PATH=/home/yue/mujoco_ros_ws/install/mujoco_ros2_control/lib:${LD_LIBRARY_PATH} /usr/bin/cmake --install /home/yue/mujoco_ros_ws/build/mujoco_ros2_control_demos
[14.594s] Level 1:colcon.colcon_core.environment:create_environment_scripts_only(mujoco_ros2_control_demos)
[14.594s] Level 1:colcon.colcon_core.environment:checking '/home/yue/mujoco_ros_ws/install/mujoco_ros2_control_demos' for CMake module files
[14.595s] DEBUG:colcon.colcon_core.event_handler.log_command:Invoked command in '/home/yue/mujoco_ros_ws/build/mujoco_ros2_control_demos' returned '0': AMENT_PREFIX_PATH=/home/yue/mujoco_ros_ws/install/mujoco_ros2_control:${AMENT_PREFIX_PATH} CMAKE_PREFIX_PATH=/home/yue/mujoco_ros_ws/install/mujoco_ros2_control:/opt/ros/humble LD_LIBRARY_PATH=/home/yue/mujoco_ros_ws/install/mujoco_ros2_control/lib:${LD_LIBRARY_PATH} /usr/bin/cmake --install /home/yue/mujoco_ros_ws/build/mujoco_ros2_control_demos
[14.595s] Level 1:colcon.colcon_core.environment:checking '/home/yue/mujoco_ros_ws/install/mujoco_ros2_control_demos' for CMake config files
[14.595s] Level 1:colcon.colcon_core.shell:create_environment_hook('mujoco_ros2_control_demos', 'cmake_prefix_path')
[14.596s] INFO:colcon.colcon_core.shell:Creating environment hook '/home/yue/mujoco_ros_ws/install/mujoco_ros2_control_demos/share/mujoco_ros2_control_demos/hook/cmake_prefix_path.ps1'
[14.596s] INFO:colcon.colcon_core.shell:Creating environment descriptor '/home/yue/mujoco_ros_ws/install/mujoco_ros2_control_demos/share/mujoco_ros2_control_demos/hook/cmake_prefix_path.dsv'
[14.596s] INFO:colcon.colcon_core.shell:Creating environment hook '/home/yue/mujoco_ros_ws/install/mujoco_ros2_control_demos/share/mujoco_ros2_control_demos/hook/cmake_prefix_path.sh'
[14.597s] Level 1:colcon.colcon_core.environment:checking '/home/yue/mujoco_ros_ws/install/mujoco_ros2_control_demos/lib'
[14.597s] Level 1:colcon.colcon_core.environment:checking '/home/yue/mujoco_ros_ws/install/mujoco_ros2_control_demos/bin'
[14.597s] Level 1:colcon.colcon_core.environment:checking '/home/yue/mujoco_ros_ws/install/mujoco_ros2_control_demos/lib/pkgconfig/mujoco_ros2_control_demos.pc'
[14.597s] Level 1:colcon.colcon_core.environment:checking '/home/yue/mujoco_ros_ws/install/mujoco_ros2_control_demos/lib/python3.10/site-packages'
[14.598s] Level 1:colcon.colcon_core.environment:checking '/home/yue/mujoco_ros_ws/install/mujoco_ros2_control_demos/bin'
[14.598s] INFO:colcon.colcon_core.shell:Creating package script '/home/yue/mujoco_ros_ws/install/mujoco_ros2_control_demos/share/mujoco_ros2_control_demos/package.ps1'
[14.598s] INFO:colcon.colcon_core.shell:Creating package descriptor '/home/yue/mujoco_ros_ws/install/mujoco_ros2_control_demos/share/mujoco_ros2_control_demos/package.dsv'
[14.599s] INFO:colcon.colcon_core.shell:Creating package script '/home/yue/mujoco_ros_ws/install/mujoco_ros2_control_demos/share/mujoco_ros2_control_demos/package.sh'
[14.599s] INFO:colcon.colcon_core.shell:Creating package script '/home/yue/mujoco_ros_ws/install/mujoco_ros2_control_demos/share/mujoco_ros2_control_demos/package.bash'
[14.599s] INFO:colcon.colcon_core.shell:Creating package script '/home/yue/mujoco_ros_ws/install/mujoco_ros2_control_demos/share/mujoco_ros2_control_demos/package.zsh'
[14.600s] Level 1:colcon.colcon_core.environment:create_file_with_runtime_dependencies(/home/yue/mujoco_ros_ws/install/mujoco_ros2_control_demos/share/colcon-core/packages/mujoco_ros2_control_demos)
[14.600s] Level 1:colcon.colcon_core.environment:create_environment_scripts_only(mujoco_ros2_control_demos)
[14.600s] Level 1:colcon.colcon_core.environment:checking '/home/yue/mujoco_ros_ws/install/mujoco_ros2_control_demos' for CMake module files
[14.601s] Level 1:colcon.colcon_core.environment:checking '/home/yue/mujoco_ros_ws/install/mujoco_ros2_control_demos' for CMake config files
[14.601s] Level 1:colcon.colcon_core.shell:create_environment_hook('mujoco_ros2_control_demos', 'cmake_prefix_path')
[14.601s] INFO:colcon.colcon_core.shell:Creating environment hook '/home/yue/mujoco_ros_ws/install/mujoco_ros2_control_demos/share/mujoco_ros2_control_demos/hook/cmake_prefix_path.ps1'
[14.602s] INFO:colcon.colcon_core.shell:Creating environment descriptor '/home/yue/mujoco_ros_ws/install/mujoco_ros2_control_demos/share/mujoco_ros2_control_demos/hook/cmake_prefix_path.dsv'
[14.602s] INFO:colcon.colcon_core.shell:Creating environment hook '/home/yue/mujoco_ros_ws/install/mujoco_ros2_control_demos/share/mujoco_ros2_control_demos/hook/cmake_prefix_path.sh'
[14.602s] Level 1:colcon.colcon_core.environment:checking '/home/yue/mujoco_ros_ws/install/mujoco_ros2_control_demos/lib'
[14.602s] Level 1:colcon.colcon_core.environment:checking '/home/yue/mujoco_ros_ws/install/mujoco_ros2_control_demos/bin'
[14.602s] Level 1:colcon.colcon_core.environment:checking '/home/yue/mujoco_ros_ws/install/mujoco_ros2_control_demos/lib/pkgconfig/mujoco_ros2_control_demos.pc'
[14.602s] Level 1:colcon.colcon_core.environment:checking '/home/yue/mujoco_ros_ws/install/mujoco_ros2_control_demos/lib/python3.10/site-packages'
[14.603s] Level 1:colcon.colcon_core.environment:checking '/home/yue/mujoco_ros_ws/install/mujoco_ros2_control_demos/bin'
[14.603s] INFO:colcon.colcon_core.shell:Creating package script '/home/yue/mujoco_ros_ws/install/mujoco_ros2_control_demos/share/mujoco_ros2_control_demos/package.ps1'
[14.603s] INFO:colcon.colcon_core.shell:Creating package descriptor '/home/yue/mujoco_ros_ws/install/mujoco_ros2_control_demos/share/mujoco_ros2_control_demos/package.dsv'
[14.603s] INFO:colcon.colcon_core.shell:Creating package script '/home/yue/mujoco_ros_ws/install/mujoco_ros2_control_demos/share/mujoco_ros2_control_demos/package.sh'
[14.604s] INFO:colcon.colcon_core.shell:Creating package script '/home/yue/mujoco_ros_ws/install/mujoco_ros2_control_demos/share/mujoco_ros2_control_demos/package.bash'
[14.604s] INFO:colcon.colcon_core.shell:Creating package script '/home/yue/mujoco_ros_ws/install/mujoco_ros2_control_demos/share/mujoco_ros2_control_demos/package.zsh'
[14.604s] Level 1:colcon.colcon_core.environment:create_file_with_runtime_dependencies(/home/yue/mujoco_ros_ws/install/mujoco_ros2_control_demos/share/colcon-core/packages/mujoco_ros2_control_demos)
[14.604s] DEBUG:colcon.colcon_parallel_executor.executor.parallel:closing loop
[14.604s] DEBUG:colcon.colcon_parallel_executor.executor.parallel:loop closed
[14.604s] DEBUG:colcon.colcon_parallel_executor.executor.parallel:run_until_complete finished with '0'
[14.604s] DEBUG:colcon.colcon_core.event_reactor:joining thread
[14.609s] INFO:colcon.colcon_core.plugin_system:Skipping extension 'colcon_notification.desktop_notification.terminal_notifier': Not used on non-Darwin systems
[14.609s] INFO:colcon.colcon_core.plugin_system:Skipping extension 'colcon_notification.desktop_notification.win32': Not used on non-Windows systems
[14.609s] INFO:colcon.colcon_notification.desktop_notification:Sending desktop notification using 'notify2'
[14.622s] DEBUG:colcon.colcon_core.event_reactor:joined thread
[14.623s] INFO:colcon.colcon_core.shell:Creating prefix script '/home/yue/mujoco_ros_ws/install/local_setup.ps1'
[14.623s] INFO:colcon.colcon_core.shell:Creating prefix util module '/home/yue/mujoco_ros_ws/install/_local_setup_util_ps1.py'
[14.624s] INFO:colcon.colcon_core.shell:Creating prefix chain script '/home/yue/mujoco_ros_ws/install/setup.ps1'
[14.624s] INFO:colcon.colcon_core.shell:Creating prefix script '/home/yue/mujoco_ros_ws/install/local_setup.sh'
[14.624s] INFO:colcon.colcon_core.shell:Creating prefix util module '/home/yue/mujoco_ros_ws/install/_local_setup_util_sh.py'
[14.625s] INFO:colcon.colcon_core.shell:Creating prefix chain script '/home/yue/mujoco_ros_ws/install/setup.sh'
[14.625s] INFO:colcon.colcon_core.shell:Creating prefix script '/home/yue/mujoco_ros_ws/install/local_setup.bash'
[14.626s] INFO:colcon.colcon_core.shell:Creating prefix chain script '/home/yue/mujoco_ros_ws/install/setup.bash'
[14.626s] INFO:colcon.colcon_core.shell:Creating prefix script '/home/yue/mujoco_ros_ws/install/local_setup.zsh'
[14.626s] INFO:colcon.colcon_core.shell:Creating prefix chain script '/home/yue/mujoco_ros_ws/install/setup.zsh'
