-- Install configuration: ""
-- Up-to-date: /home/yue/mujoco_ros_ws/install/toe_arm/share/ament_index/resource_index/package_run_dependencies/toe_arm
-- Up-to-date: /home/yue/mujoco_ros_ws/install/toe_arm/share/ament_index/resource_index/parent_prefix_path/toe_arm
-- Up-to-date: /home/yue/mujoco_ros_ws/install/toe_arm/share/toe_arm/environment/ament_prefix_path.sh
-- Up-to-date: /home/yue/mujoco_ros_ws/install/toe_arm/share/toe_arm/environment/ament_prefix_path.dsv
-- Up-to-date: /home/yue/mujoco_ros_ws/install/toe_arm/share/toe_arm/environment/path.sh
-- Up-to-date: /home/yue/mujoco_ros_ws/install/toe_arm/share/toe_arm/environment/path.dsv
-- Up-to-date: /home/yue/mujoco_ros_ws/install/toe_arm/share/toe_arm/local_setup.bash
-- Up-to-date: /home/yue/mujoco_ros_ws/install/toe_arm/share/toe_arm/local_setup.sh
-- Up-to-date: /home/yue/mujoco_ros_ws/install/toe_arm/share/toe_arm/local_setup.zsh
-- Up-to-date: /home/yue/mujoco_ros_ws/install/toe_arm/share/toe_arm/local_setup.dsv
-- Up-to-date: /home/yue/mujoco_ros_ws/install/toe_arm/share/toe_arm/package.dsv
-- Up-to-date: /home/yue/mujoco_ros_ws/install/toe_arm/share/ament_index/resource_index/packages/toe_arm
-- Up-to-date: /home/yue/mujoco_ros_ws/install/toe_arm/share/toe_arm/cmake/toe_armConfig.cmake
-- Up-to-date: /home/yue/mujoco_ros_ws/install/toe_arm/share/toe_arm/cmake/toe_armConfig-version.cmake
-- Up-to-date: /home/yue/mujoco_ros_ws/install/toe_arm/share/toe_arm/package.xml
-- Up-to-date: /home/yue/mujoco_ros_ws/install/toe_arm/share/toe_arm/launch
-- Up-to-date: /home/yue/mujoco_ros_ws/install/toe_arm/share/toe_arm/launch/mujoco_moveit.launch.py
-- Up-to-date: /home/yue/mujoco_ros_ws/install/toe_arm/share/toe_arm/launch/move_group.launch.py
-- Up-to-date: /home/yue/mujoco_ros_ws/install/toe_arm/share/toe_arm/launch/spawn_controllers.launch.py
-- Up-to-date: /home/yue/mujoco_ros_ws/install/toe_arm/share/toe_arm/launch/moveit_rviz.launch.py
-- Up-to-date: /home/yue/mujoco_ros_ws/install/toe_arm/share/toe_arm/launch/setup_assistant.launch.py
-- Up-to-date: /home/yue/mujoco_ros_ws/install/toe_arm/share/toe_arm/launch/rsp.launch.py
-- Up-to-date: /home/yue/mujoco_ros_ws/install/toe_arm/share/toe_arm/launch/MUJOCO_LOG.TXT
-- Up-to-date: /home/yue/mujoco_ros_ws/install/toe_arm/share/toe_arm/launch/static_virtual_joint_tfs.launch.py
-- Up-to-date: /home/yue/mujoco_ros_ws/install/toe_arm/share/toe_arm/launch/test.py
-- Up-to-date: /home/yue/mujoco_ros_ws/install/toe_arm/share/toe_arm/launch/warehouse_db.launch.py
-- Up-to-date: /home/yue/mujoco_ros_ws/install/toe_arm/share/toe_arm/launch/demo.launch.py
-- Up-to-date: /home/yue/mujoco_ros_ws/install/toe_arm/share/toe_arm/config
-- Up-to-date: /home/yue/mujoco_ros_ws/install/toe_arm/share/toe_arm/config/ros2_controllers.yaml
-- Up-to-date: /home/yue/mujoco_ros_ws/install/toe_arm/share/toe_arm/config/initial_positions.yaml
-- Up-to-date: /home/yue/mujoco_ros_ws/install/toe_arm/share/toe_arm/config/pilz_cartesian_limits.yaml
-- Up-to-date: /home/yue/mujoco_ros_ws/install/toe_arm/share/toe_arm/config/moveit_controllers.yaml
-- Up-to-date: /home/yue/mujoco_ros_ws/install/toe_arm/share/toe_arm/config/arm.ros2_control.xacro
-- Up-to-date: /home/yue/mujoco_ros_ws/install/toe_arm/share/toe_arm/config/controllers.yaml
-- Up-to-date: /home/yue/mujoco_ros_ws/install/toe_arm/share/toe_arm/config/kinematics.yaml
-- Up-to-date: /home/yue/mujoco_ros_ws/install/toe_arm/share/toe_arm/config/moveit.rviz
-- Up-to-date: /home/yue/mujoco_ros_ws/install/toe_arm/share/toe_arm/config/arm.urdf.xacro
-- Up-to-date: /home/yue/mujoco_ros_ws/install/toe_arm/share/toe_arm/config/arm.srdf
-- Up-to-date: /home/yue/mujoco_ros_ws/install/toe_arm/share/toe_arm/config/joint_limits.yaml
-- Up-to-date: /home/yue/mujoco_ros_ws/install/toe_arm/share/toe_arm/.setup_assistant
-- Up-to-date: /home/yue/mujoco_ros_ws/install/toe_arm/share/toe_arm/urdf
-- Up-to-date: /home/yue/mujoco_ros_ws/install/toe_arm/share/toe_arm/urdf/arm.urdf
-- Up-to-date: /home/yue/mujoco_ros_ws/install/toe_arm/share/toe_arm/meshes
-- Up-to-date: /home/yue/mujoco_ros_ws/install/toe_arm/share/toe_arm/meshes/Link4.STL
-- Up-to-date: /home/yue/mujoco_ros_ws/install/toe_arm/share/toe_arm/meshes/Link3.STL
-- Up-to-date: /home/yue/mujoco_ros_ws/install/toe_arm/share/toe_arm/meshes/Link5.STL
-- Up-to-date: /home/yue/mujoco_ros_ws/install/toe_arm/share/toe_arm/meshes/Link2.STL
-- Up-to-date: /home/yue/mujoco_ros_ws/install/toe_arm/share/toe_arm/meshes/Link6.STL
-- Up-to-date: /home/yue/mujoco_ros_ws/install/toe_arm/share/toe_arm/meshes/base_link.STL
-- Up-to-date: /home/yue/mujoco_ros_ws/install/toe_arm/share/toe_arm/meshes/Link1.STL
-- Up-to-date: /home/yue/mujoco_ros_ws/install/toe_arm/share/toe_arm/config
-- Up-to-date: /home/yue/mujoco_ros_ws/install/toe_arm/share/toe_arm/config/ros2_controllers.yaml
-- Up-to-date: /home/yue/mujoco_ros_ws/install/toe_arm/share/toe_arm/config/initial_positions.yaml
-- Up-to-date: /home/yue/mujoco_ros_ws/install/toe_arm/share/toe_arm/config/pilz_cartesian_limits.yaml
-- Up-to-date: /home/yue/mujoco_ros_ws/install/toe_arm/share/toe_arm/config/moveit_controllers.yaml
-- Up-to-date: /home/yue/mujoco_ros_ws/install/toe_arm/share/toe_arm/config/arm.ros2_control.xacro
-- Up-to-date: /home/yue/mujoco_ros_ws/install/toe_arm/share/toe_arm/config/controllers.yaml
-- Up-to-date: /home/yue/mujoco_ros_ws/install/toe_arm/share/toe_arm/config/kinematics.yaml
-- Up-to-date: /home/yue/mujoco_ros_ws/install/toe_arm/share/toe_arm/config/moveit.rviz
-- Up-to-date: /home/yue/mujoco_ros_ws/install/toe_arm/share/toe_arm/config/arm.urdf.xacro
-- Up-to-date: /home/yue/mujoco_ros_ws/install/toe_arm/share/toe_arm/config/arm.srdf
-- Up-to-date: /home/yue/mujoco_ros_ws/install/toe_arm/share/toe_arm/config/joint_limits.yaml
-- Up-to-date: /home/yue/mujoco_ros_ws/install/toe_arm/share/toe_arm/launch
-- Up-to-date: /home/yue/mujoco_ros_ws/install/toe_arm/share/toe_arm/launch/mujoco_moveit.launch.py
-- Up-to-date: /home/yue/mujoco_ros_ws/install/toe_arm/share/toe_arm/launch/move_group.launch.py
-- Up-to-date: /home/yue/mujoco_ros_ws/install/toe_arm/share/toe_arm/launch/spawn_controllers.launch.py
-- Up-to-date: /home/yue/mujoco_ros_ws/install/toe_arm/share/toe_arm/launch/moveit_rviz.launch.py
-- Up-to-date: /home/yue/mujoco_ros_ws/install/toe_arm/share/toe_arm/launch/setup_assistant.launch.py
-- Up-to-date: /home/yue/mujoco_ros_ws/install/toe_arm/share/toe_arm/launch/rsp.launch.py
-- Up-to-date: /home/yue/mujoco_ros_ws/install/toe_arm/share/toe_arm/launch/MUJOCO_LOG.TXT
-- Up-to-date: /home/yue/mujoco_ros_ws/install/toe_arm/share/toe_arm/launch/static_virtual_joint_tfs.launch.py
-- Up-to-date: /home/yue/mujoco_ros_ws/install/toe_arm/share/toe_arm/launch/test.py
-- Up-to-date: /home/yue/mujoco_ros_ws/install/toe_arm/share/toe_arm/launch/warehouse_db.launch.py
-- Up-to-date: /home/yue/mujoco_ros_ws/install/toe_arm/share/toe_arm/launch/demo.launch.py
