[0.006s] Invoking command in '/home/yue/mujoco_ros_ws/build/toe_arm': CMAKE_PREFIX_PATH=/opt/ros/humble /usr/bin/cmake --build /home/yue/mujoco_ros_ws/build/toe_arm -- -j20 -l20
[0.122s] Invoked command in '/home/yue/mujoco_ros_ws/build/toe_arm' returned '0': CMAKE_PREFIX_PATH=/opt/ros/humble /usr/bin/cmake --build /home/yue/mujoco_ros_ws/build/toe_arm -- -j20 -l20
[0.132s] Invoking command in '/home/yue/mujoco_ros_ws/build/toe_arm': CMAKE_PREFIX_PATH=/opt/ros/humble /usr/bin/cmake --install /home/yue/mujoco_ros_ws/build/toe_arm
[0.141s] -- Install configuration: ""
[0.143s] -- Up-to-date: /home/yue/mujoco_ros_ws/install/toe_arm/share/ament_index/resource_index/package_run_dependencies/toe_arm
[0.143s] -- Up-to-date: /home/yue/mujoco_ros_ws/install/toe_arm/share/ament_index/resource_index/parent_prefix_path/toe_arm
[0.143s] -- Up-to-date: /home/yue/mujoco_ros_ws/install/toe_arm/share/toe_arm/environment/ament_prefix_path.sh
[0.143s] -- Up-to-date: /home/yue/mujoco_ros_ws/install/toe_arm/share/toe_arm/environment/ament_prefix_path.dsv
[0.144s] -- Up-to-date: /home/yue/mujoco_ros_ws/install/toe_arm/share/toe_arm/environment/path.sh
[0.144s] -- Up-to-date: /home/yue/mujoco_ros_ws/install/toe_arm/share/toe_arm/environment/path.dsv
[0.144s] -- Up-to-date: /home/yue/mujoco_ros_ws/install/toe_arm/share/toe_arm/local_setup.bash
[0.144s] -- Up-to-date: /home/yue/mujoco_ros_ws/install/toe_arm/share/toe_arm/local_setup.sh
[0.144s] -- Up-to-date: /home/yue/mujoco_ros_ws/install/toe_arm/share/toe_arm/local_setup.zsh
[0.144s] -- Up-to-date: /home/yue/mujoco_ros_ws/install/toe_arm/share/toe_arm/local_setup.dsv
[0.144s] -- Installing: /home/yue/mujoco_ros_ws/install/toe_arm/share/toe_arm/package.dsv
[0.145s] -- Up-to-date: /home/yue/mujoco_ros_ws/install/toe_arm/share/ament_index/resource_index/packages/toe_arm
[0.145s] -- Up-to-date: /home/yue/mujoco_ros_ws/install/toe_arm/share/toe_arm/cmake/toe_armConfig.cmake
[0.145s] -- Up-to-date: /home/yue/mujoco_ros_ws/install/toe_arm/share/toe_arm/cmake/toe_armConfig-version.cmake
[0.145s] -- Up-to-date: /home/yue/mujoco_ros_ws/install/toe_arm/share/toe_arm/package.xml
[0.145s] -- Up-to-date: /home/yue/mujoco_ros_ws/install/toe_arm/share/toe_arm/launch
[0.145s] -- Up-to-date: /home/yue/mujoco_ros_ws/install/toe_arm/share/toe_arm/launch/mujoco_moveit.launch.py
[0.145s] -- Up-to-date: /home/yue/mujoco_ros_ws/install/toe_arm/share/toe_arm/launch/move_group.launch.py
[0.145s] -- Up-to-date: /home/yue/mujoco_ros_ws/install/toe_arm/share/toe_arm/launch/spawn_controllers.launch.py
[0.145s] -- Up-to-date: /home/yue/mujoco_ros_ws/install/toe_arm/share/toe_arm/launch/moveit_rviz.launch.py
[0.145s] -- Up-to-date: /home/yue/mujoco_ros_ws/install/toe_arm/share/toe_arm/launch/setup_assistant.launch.py
[0.145s] -- Up-to-date: /home/yue/mujoco_ros_ws/install/toe_arm/share/toe_arm/launch/rsp.launch.py
[0.145s] -- Up-to-date: /home/yue/mujoco_ros_ws/install/toe_arm/share/toe_arm/launch/MUJOCO_LOG.TXT
[0.145s] -- Up-to-date: /home/yue/mujoco_ros_ws/install/toe_arm/share/toe_arm/launch/static_virtual_joint_tfs.launch.py
[0.145s] -- Up-to-date: /home/yue/mujoco_ros_ws/install/toe_arm/share/toe_arm/launch/test.py
[0.145s] -- Up-to-date: /home/yue/mujoco_ros_ws/install/toe_arm/share/toe_arm/launch/warehouse_db.launch.py
[0.145s] -- Up-to-date: /home/yue/mujoco_ros_ws/install/toe_arm/share/toe_arm/launch/demo.launch.py
[0.146s] -- Up-to-date: /home/yue/mujoco_ros_ws/install/toe_arm/share/toe_arm/config
[0.146s] -- Up-to-date: /home/yue/mujoco_ros_ws/install/toe_arm/share/toe_arm/config/ros2_controllers.yaml
[0.146s] -- Up-to-date: /home/yue/mujoco_ros_ws/install/toe_arm/share/toe_arm/config/initial_positions.yaml
[0.146s] -- Up-to-date: /home/yue/mujoco_ros_ws/install/toe_arm/share/toe_arm/config/pilz_cartesian_limits.yaml
[0.146s] -- Up-to-date: /home/yue/mujoco_ros_ws/install/toe_arm/share/toe_arm/config/moveit_controllers.yaml
[0.146s] -- Up-to-date: /home/yue/mujoco_ros_ws/install/toe_arm/share/toe_arm/config/arm.ros2_control.xacro
[0.146s] -- Up-to-date: /home/yue/mujoco_ros_ws/install/toe_arm/share/toe_arm/config/controllers.yaml
[0.146s] -- Up-to-date: /home/yue/mujoco_ros_ws/install/toe_arm/share/toe_arm/config/kinematics.yaml
[0.146s] -- Up-to-date: /home/yue/mujoco_ros_ws/install/toe_arm/share/toe_arm/config/moveit.rviz
[0.146s] -- Up-to-date: /home/yue/mujoco_ros_ws/install/toe_arm/share/toe_arm/config/arm.urdf.xacro
[0.146s] -- Up-to-date: /home/yue/mujoco_ros_ws/install/toe_arm/share/toe_arm/config/arm.srdf
[0.146s] -- Up-to-date: /home/yue/mujoco_ros_ws/install/toe_arm/share/toe_arm/config/joint_limits.yaml
[0.146s] -- Up-to-date: /home/yue/mujoco_ros_ws/install/toe_arm/share/toe_arm/.setup_assistant
[0.146s] -- Up-to-date: /home/yue/mujoco_ros_ws/install/toe_arm/share/toe_arm/urdf
[0.146s] -- Installing: /home/yue/mujoco_ros_ws/install/toe_arm/share/toe_arm/urdf/arm.urdf
[0.146s] -- Up-to-date: /home/yue/mujoco_ros_ws/install/toe_arm/share/toe_arm/meshes
[0.147s] -- Up-to-date: /home/yue/mujoco_ros_ws/install/toe_arm/share/toe_arm/meshes/Link4.STL
[0.147s] -- Up-to-date: /home/yue/mujoco_ros_ws/install/toe_arm/share/toe_arm/meshes/Link3.STL
[0.147s] -- Up-to-date: /home/yue/mujoco_ros_ws/install/toe_arm/share/toe_arm/meshes/Link5.STL
[0.147s] -- Up-to-date: /home/yue/mujoco_ros_ws/install/toe_arm/share/toe_arm/meshes/Link2.STL
[0.147s] -- Up-to-date: /home/yue/mujoco_ros_ws/install/toe_arm/share/toe_arm/meshes/Link6.STL
[0.147s] -- Up-to-date: /home/yue/mujoco_ros_ws/install/toe_arm/share/toe_arm/meshes/base_link.STL
[0.147s] -- Up-to-date: /home/yue/mujoco_ros_ws/install/toe_arm/share/toe_arm/meshes/Link1.STL
[0.147s] -- Up-to-date: /home/yue/mujoco_ros_ws/install/toe_arm/share/toe_arm/config
[0.147s] -- Up-to-date: /home/yue/mujoco_ros_ws/install/toe_arm/share/toe_arm/config/ros2_controllers.yaml
[0.147s] -- Up-to-date: /home/yue/mujoco_ros_ws/install/toe_arm/share/toe_arm/config/initial_positions.yaml
[0.147s] -- Up-to-date: /home/yue/mujoco_ros_ws/install/toe_arm/share/toe_arm/config/pilz_cartesian_limits.yaml
[0.147s] -- Up-to-date: /home/yue/mujoco_ros_ws/install/toe_arm/share/toe_arm/config/moveit_controllers.yaml
[0.147s] -- Up-to-date: /home/yue/mujoco_ros_ws/install/toe_arm/share/toe_arm/config/arm.ros2_control.xacro
[0.147s] -- Up-to-date: /home/yue/mujoco_ros_ws/install/toe_arm/share/toe_arm/config/controllers.yaml
[0.147s] -- Up-to-date: /home/yue/mujoco_ros_ws/install/toe_arm/share/toe_arm/config/kinematics.yaml
[0.147s] -- Up-to-date: /home/yue/mujoco_ros_ws/install/toe_arm/share/toe_arm/config/moveit.rviz
[0.147s] -- Up-to-date: /home/yue/mujoco_ros_ws/install/toe_arm/share/toe_arm/config/arm.urdf.xacro
[0.148s] -- Up-to-date: /home/yue/mujoco_ros_ws/install/toe_arm/share/toe_arm/config/arm.srdf
[0.148s] -- Up-to-date: /home/yue/mujoco_ros_ws/install/toe_arm/share/toe_arm/config/joint_limits.yaml
[0.148s] -- Up-to-date: /home/yue/mujoco_ros_ws/install/toe_arm/share/toe_arm/launch
[0.148s] -- Up-to-date: /home/yue/mujoco_ros_ws/install/toe_arm/share/toe_arm/launch/mujoco_moveit.launch.py
[0.148s] -- Up-to-date: /home/yue/mujoco_ros_ws/install/toe_arm/share/toe_arm/launch/move_group.launch.py
[0.148s] -- Up-to-date: /home/yue/mujoco_ros_ws/install/toe_arm/share/toe_arm/launch/spawn_controllers.launch.py
[0.148s] -- Up-to-date: /home/yue/mujoco_ros_ws/install/toe_arm/share/toe_arm/launch/moveit_rviz.launch.py
[0.148s] -- Up-to-date: /home/yue/mujoco_ros_ws/install/toe_arm/share/toe_arm/launch/setup_assistant.launch.py
[0.148s] -- Up-to-date: /home/yue/mujoco_ros_ws/install/toe_arm/share/toe_arm/launch/rsp.launch.py
[0.148s] -- Up-to-date: /home/yue/mujoco_ros_ws/install/toe_arm/share/toe_arm/launch/MUJOCO_LOG.TXT
[0.148s] -- Up-to-date: /home/yue/mujoco_ros_ws/install/toe_arm/share/toe_arm/launch/static_virtual_joint_tfs.launch.py
[0.148s] -- Up-to-date: /home/yue/mujoco_ros_ws/install/toe_arm/share/toe_arm/launch/test.py
[0.148s] -- Up-to-date: /home/yue/mujoco_ros_ws/install/toe_arm/share/toe_arm/launch/warehouse_db.launch.py
[0.148s] -- Up-to-date: /home/yue/mujoco_ros_ws/install/toe_arm/share/toe_arm/launch/demo.launch.py
[0.149s] Invoked command in '/home/yue/mujoco_ros_ws/build/toe_arm' returned '0': CMAKE_PREFIX_PATH=/opt/ros/humble /usr/bin/cmake --install /home/yue/mujoco_ros_ws/build/toe_arm
