[1.055s] DEBUG:colcon:Command line arguments: ['/usr/bin/colcon', 'build']
[1.055s] DEBUG:colcon:Parsed command line arguments: Namespace(log_base=None, log_level=None, verb_name='build', build_base='build', install_base='install', merge_install=False, symlink_install=False, test_result_base=None, continue_on_error=False, executor='parallel', parallel_workers=20, event_handlers=None, ignore_user_meta=False, metas=['./colcon.meta'], base_paths=['.'], packages_ignore=None, packages_ignore_regex=None, paths=None, packages_up_to=None, packages_up_to_regex=None, packages_above=None, packages_above_and_dependencies=None, packages_above_depth=None, packages_select_by_dep=None, packages_skip_by_dep=None, packages_skip_up_to=None, packages_select_build_failed=False, packages_skip_build_finished=False, packages_select_test_failures=False, packages_skip_test_passed=False, packages_select=None, packages_skip=None, packages_select_regex=None, packages_skip_regex=None, packages_start=None, packages_end=None, allow_overriding=[], cmake_args=None, cmake_target=None, cmake_target_skip_unavailable=False, cmake_clean_cache=False, cmake_clean_first=False, cmake_force_configure=False, ament_cmake_args=None, catkin_cmake_args=None, catkin_skip_building_tests=False, verb_parser=<colcon_defaults.argument_parser.defaults.DefaultArgumentsDecorator object at 0x7e22627691b0>, verb_extension=<colcon_core.verb.build.BuildVerb object at 0x7e2262768370>, main=<bound method BuildVerb.main of <colcon_core.verb.build.BuildVerb object at 0x7e2262768370>>)
[2.802s] Level 1:colcon.colcon_core.package_discovery:discover_packages(colcon_meta) check parameters
[2.802s] Level 1:colcon.colcon_core.package_discovery:discover_packages(recursive) check parameters
[2.802s] Level 1:colcon.colcon_core.package_discovery:discover_packages(ignore) check parameters
[2.802s] Level 1:colcon.colcon_core.package_discovery:discover_packages(path) check parameters
[2.802s] Level 1:colcon.colcon_core.package_discovery:discover_packages(colcon_meta) discover
[2.802s] Level 1:colcon.colcon_core.package_discovery:discover_packages(recursive) discover
[2.802s] INFO:colcon.colcon_core.package_discovery:Crawling recursively for packages in '/home/yue/mujoco_ros_ws'
[2.803s] Level 1:colcon.colcon_core.package_identification:_identify(.) by extensions ['ignore', 'ignore_ament_install']
[2.803s] Level 1:colcon.colcon_core.package_identification:_identify(.) by extension 'ignore'
[2.803s] Level 1:colcon.colcon_core.package_identification:_identify(.) by extension 'ignore_ament_install'
[2.803s] Level 1:colcon.colcon_core.package_identification:_identify(.) by extensions ['colcon_pkg']
[2.803s] Level 1:colcon.colcon_core.package_identification:_identify(.) by extension 'colcon_pkg'
[2.803s] Level 1:colcon.colcon_core.package_identification:_identify(.) by extensions ['colcon_meta']
[2.803s] Level 1:colcon.colcon_core.package_identification:_identify(.) by extension 'colcon_meta'
[2.803s] Level 1:colcon.colcon_core.package_identification:_identify(.) by extensions ['ros']
[2.803s] Level 1:colcon.colcon_core.package_identification:_identify(.) by extension 'ros'
[2.814s] Level 1:colcon.colcon_core.package_identification:_identify(.) by extensions ['cmake', 'python']
[2.814s] Level 1:colcon.colcon_core.package_identification:_identify(.) by extension 'cmake'
[2.814s] Level 1:colcon.colcon_core.package_identification:_identify(.) by extension 'python'
[2.814s] Level 1:colcon.colcon_core.package_identification:_identify(.) by extensions ['python_setup_py']
[2.814s] Level 1:colcon.colcon_core.package_identification:_identify(.) by extension 'python_setup_py'
[2.814s] Level 1:colcon.colcon_core.package_identification:_identify(build) by extensions ['ignore', 'ignore_ament_install']
[2.814s] Level 1:colcon.colcon_core.package_identification:_identify(build) by extension 'ignore'
[2.814s] Level 1:colcon.colcon_core.package_identification:_identify(build) ignored
[2.814s] Level 1:colcon.colcon_core.package_identification:_identify(install) by extensions ['ignore', 'ignore_ament_install']
[2.815s] Level 1:colcon.colcon_core.package_identification:_identify(install) by extension 'ignore'
[2.815s] Level 1:colcon.colcon_core.package_identification:_identify(install) ignored
[2.815s] Level 1:colcon.colcon_core.package_identification:_identify(log) by extensions ['ignore', 'ignore_ament_install']
[2.815s] Level 1:colcon.colcon_core.package_identification:_identify(log) by extension 'ignore'
[2.815s] Level 1:colcon.colcon_core.package_identification:_identify(log) ignored
[2.815s] Level 1:colcon.colcon_core.package_identification:_identify(src) by extensions ['ignore', 'ignore_ament_install']
[2.815s] Level 1:colcon.colcon_core.package_identification:_identify(src) by extension 'ignore'
[2.815s] Level 1:colcon.colcon_core.package_identification:_identify(src) by extension 'ignore_ament_install'
[2.815s] Level 1:colcon.colcon_core.package_identification:_identify(src) by extensions ['colcon_pkg']
[2.815s] Level 1:colcon.colcon_core.package_identification:_identify(src) by extension 'colcon_pkg'
[2.815s] Level 1:colcon.colcon_core.package_identification:_identify(src) by extensions ['colcon_meta']
[2.815s] Level 1:colcon.colcon_core.package_identification:_identify(src) by extension 'colcon_meta'
[2.815s] Level 1:colcon.colcon_core.package_identification:_identify(src) by extensions ['ros']
[2.815s] Level 1:colcon.colcon_core.package_identification:_identify(src) by extension 'ros'
[2.815s] Level 1:colcon.colcon_core.package_identification:_identify(src) by extensions ['cmake', 'python']
[2.815s] Level 1:colcon.colcon_core.package_identification:_identify(src) by extension 'cmake'
[2.815s] Level 1:colcon.colcon_core.package_identification:_identify(src) by extension 'python'
[2.815s] Level 1:colcon.colcon_core.package_identification:_identify(src) by extensions ['python_setup_py']
[2.815s] Level 1:colcon.colcon_core.package_identification:_identify(src) by extension 'python_setup_py'
[2.815s] Level 1:colcon.colcon_core.package_identification:_identify(src/motor-control-routine) by extensions ['ignore', 'ignore_ament_install']
[2.815s] Level 1:colcon.colcon_core.package_identification:_identify(src/motor-control-routine) by extension 'ignore'
[2.815s] Level 1:colcon.colcon_core.package_identification:_identify(src/motor-control-routine) by extension 'ignore_ament_install'
[2.815s] Level 1:colcon.colcon_core.package_identification:_identify(src/motor-control-routine) by extensions ['colcon_pkg']
[2.815s] Level 1:colcon.colcon_core.package_identification:_identify(src/motor-control-routine) by extension 'colcon_pkg'
[2.815s] Level 1:colcon.colcon_core.package_identification:_identify(src/motor-control-routine) by extensions ['colcon_meta']
[2.815s] Level 1:colcon.colcon_core.package_identification:_identify(src/motor-control-routine) by extension 'colcon_meta'
[2.815s] Level 1:colcon.colcon_core.package_identification:_identify(src/motor-control-routine) by extensions ['ros']
[2.815s] Level 1:colcon.colcon_core.package_identification:_identify(src/motor-control-routine) by extension 'ros'
[2.815s] Level 1:colcon.colcon_core.package_identification:_identify(src/motor-control-routine) by extensions ['cmake', 'python']
[2.815s] Level 1:colcon.colcon_core.package_identification:_identify(src/motor-control-routine) by extension 'cmake'
[2.815s] Level 1:colcon.colcon_core.package_identification:_identify(src/motor-control-routine) by extension 'python'
[2.815s] Level 1:colcon.colcon_core.package_identification:_identify(src/motor-control-routine) by extensions ['python_setup_py']
[2.815s] Level 1:colcon.colcon_core.package_identification:_identify(src/motor-control-routine) by extension 'python_setup_py'
[2.815s] Level 1:colcon.colcon_core.package_identification:_identify(src/motor-control-routine/u2can) by extensions ['ignore', 'ignore_ament_install']
[2.815s] Level 1:colcon.colcon_core.package_identification:_identify(src/motor-control-routine/u2can) by extension 'ignore'
[2.815s] Level 1:colcon.colcon_core.package_identification:_identify(src/motor-control-routine/u2can) by extension 'ignore_ament_install'
[2.815s] Level 1:colcon.colcon_core.package_identification:_identify(src/motor-control-routine/u2can) by extensions ['colcon_pkg']
[2.815s] Level 1:colcon.colcon_core.package_identification:_identify(src/motor-control-routine/u2can) by extension 'colcon_pkg'
[2.816s] Level 1:colcon.colcon_core.package_identification:_identify(src/motor-control-routine/u2can) by extensions ['colcon_meta']
[2.816s] Level 1:colcon.colcon_core.package_identification:_identify(src/motor-control-routine/u2can) by extension 'colcon_meta'
[2.816s] Level 1:colcon.colcon_core.package_identification:_identify(src/motor-control-routine/u2can) by extensions ['ros']
[2.816s] Level 1:colcon.colcon_core.package_identification:_identify(src/motor-control-routine/u2can) by extension 'ros'
[2.816s] Level 1:colcon.colcon_core.package_identification:_identify(src/motor-control-routine/u2can) by extensions ['cmake', 'python']
[2.816s] Level 1:colcon.colcon_core.package_identification:_identify(src/motor-control-routine/u2can) by extension 'cmake'
[2.816s] Level 1:colcon.colcon_core.package_identification:_identify(src/motor-control-routine/u2can) by extension 'python'
[2.816s] Level 1:colcon.colcon_core.package_identification:_identify(src/motor-control-routine/u2can) by extensions ['python_setup_py']
[2.816s] Level 1:colcon.colcon_core.package_identification:_identify(src/motor-control-routine/u2can) by extension 'python_setup_py'
[2.816s] Level 1:colcon.colcon_core.package_identification:_identify(src/motor-control-routine/u2can/__pycache__) by extensions ['ignore', 'ignore_ament_install']
[2.816s] Level 1:colcon.colcon_core.package_identification:_identify(src/motor-control-routine/u2can/__pycache__) by extension 'ignore'
[2.816s] Level 1:colcon.colcon_core.package_identification:_identify(src/motor-control-routine/u2can/__pycache__) by extension 'ignore_ament_install'
[2.816s] Level 1:colcon.colcon_core.package_identification:_identify(src/motor-control-routine/u2can/__pycache__) by extensions ['colcon_pkg']
[2.816s] Level 1:colcon.colcon_core.package_identification:_identify(src/motor-control-routine/u2can/__pycache__) by extension 'colcon_pkg'
[2.816s] Level 1:colcon.colcon_core.package_identification:_identify(src/motor-control-routine/u2can/__pycache__) by extensions ['colcon_meta']
[2.816s] Level 1:colcon.colcon_core.package_identification:_identify(src/motor-control-routine/u2can/__pycache__) by extension 'colcon_meta'
[2.816s] Level 1:colcon.colcon_core.package_identification:_identify(src/motor-control-routine/u2can/__pycache__) by extensions ['ros']
[2.816s] Level 1:colcon.colcon_core.package_identification:_identify(src/motor-control-routine/u2can/__pycache__) by extension 'ros'
[2.816s] Level 1:colcon.colcon_core.package_identification:_identify(src/motor-control-routine/u2can/__pycache__) by extensions ['cmake', 'python']
[2.816s] Level 1:colcon.colcon_core.package_identification:_identify(src/motor-control-routine/u2can/__pycache__) by extension 'cmake'
[2.816s] Level 1:colcon.colcon_core.package_identification:_identify(src/motor-control-routine/u2can/__pycache__) by extension 'python'
[2.816s] Level 1:colcon.colcon_core.package_identification:_identify(src/motor-control-routine/u2can/__pycache__) by extensions ['python_setup_py']
[2.816s] Level 1:colcon.colcon_core.package_identification:_identify(src/motor-control-routine/u2can/__pycache__) by extension 'python_setup_py'
[2.816s] Level 1:colcon.colcon_core.package_identification:_identify(src/motor-control-routine/u2canfd) by extensions ['ignore', 'ignore_ament_install']
[2.816s] Level 1:colcon.colcon_core.package_identification:_identify(src/motor-control-routine/u2canfd) by extension 'ignore'
[2.816s] Level 1:colcon.colcon_core.package_identification:_identify(src/motor-control-routine/u2canfd) by extension 'ignore_ament_install'
[2.816s] Level 1:colcon.colcon_core.package_identification:_identify(src/motor-control-routine/u2canfd) by extensions ['colcon_pkg']
[2.816s] Level 1:colcon.colcon_core.package_identification:_identify(src/motor-control-routine/u2canfd) by extension 'colcon_pkg'
[2.816s] Level 1:colcon.colcon_core.package_identification:_identify(src/motor-control-routine/u2canfd) by extensions ['colcon_meta']
[2.816s] Level 1:colcon.colcon_core.package_identification:_identify(src/motor-control-routine/u2canfd) by extension 'colcon_meta'
[2.816s] Level 1:colcon.colcon_core.package_identification:_identify(src/motor-control-routine/u2canfd) by extensions ['ros']
[2.816s] Level 1:colcon.colcon_core.package_identification:_identify(src/motor-control-routine/u2canfd) by extension 'ros'
[2.816s] Level 1:colcon.colcon_core.package_identification:_identify(src/motor-control-routine/u2canfd) by extensions ['cmake', 'python']
[2.816s] Level 1:colcon.colcon_core.package_identification:_identify(src/motor-control-routine/u2canfd) by extension 'cmake'
[2.816s] Level 1:colcon.colcon_core.package_identification:_identify(src/motor-control-routine/u2canfd) by extension 'python'
[2.816s] Level 1:colcon.colcon_core.package_identification:_identify(src/motor-control-routine/u2canfd) by extensions ['python_setup_py']
[2.816s] Level 1:colcon.colcon_core.package_identification:_identify(src/motor-control-routine/u2canfd) by extension 'python_setup_py'
[2.816s] Level 1:colcon.colcon_core.package_identification:_identify(src/motor-control-routine/u2canfd/docs) by extensions ['ignore', 'ignore_ament_install']
[2.816s] Level 1:colcon.colcon_core.package_identification:_identify(src/motor-control-routine/u2canfd/docs) by extension 'ignore'
[2.816s] Level 1:colcon.colcon_core.package_identification:_identify(src/motor-control-routine/u2canfd/docs) by extension 'ignore_ament_install'
[2.816s] Level 1:colcon.colcon_core.package_identification:_identify(src/motor-control-routine/u2canfd/docs) by extensions ['colcon_pkg']
[2.816s] Level 1:colcon.colcon_core.package_identification:_identify(src/motor-control-routine/u2canfd/docs) by extension 'colcon_pkg'
[2.816s] Level 1:colcon.colcon_core.package_identification:_identify(src/motor-control-routine/u2canfd/docs) by extensions ['colcon_meta']
[2.816s] Level 1:colcon.colcon_core.package_identification:_identify(src/motor-control-routine/u2canfd/docs) by extension 'colcon_meta'
[2.817s] Level 1:colcon.colcon_core.package_identification:_identify(src/motor-control-routine/u2canfd/docs) by extensions ['ros']
[2.817s] Level 1:colcon.colcon_core.package_identification:_identify(src/motor-control-routine/u2canfd/docs) by extension 'ros'
[2.817s] Level 1:colcon.colcon_core.package_identification:_identify(src/motor-control-routine/u2canfd/docs) by extensions ['cmake', 'python']
[2.817s] Level 1:colcon.colcon_core.package_identification:_identify(src/motor-control-routine/u2canfd/docs) by extension 'cmake'
[2.817s] Level 1:colcon.colcon_core.package_identification:_identify(src/motor-control-routine/u2canfd/docs) by extension 'python'
[2.817s] Level 1:colcon.colcon_core.package_identification:_identify(src/motor-control-routine/u2canfd/docs) by extensions ['python_setup_py']
[2.817s] Level 1:colcon.colcon_core.package_identification:_identify(src/motor-control-routine/u2canfd/docs) by extension 'python_setup_py'
[2.817s] Level 1:colcon.colcon_core.package_identification:_identify(src/motor-control-routine/u2canfd/src) by extensions ['ignore', 'ignore_ament_install']
[2.817s] Level 1:colcon.colcon_core.package_identification:_identify(src/motor-control-routine/u2canfd/src) by extension 'ignore'
[2.817s] Level 1:colcon.colcon_core.package_identification:_identify(src/motor-control-routine/u2canfd/src) by extension 'ignore_ament_install'
[2.817s] Level 1:colcon.colcon_core.package_identification:_identify(src/motor-control-routine/u2canfd/src) by extensions ['colcon_pkg']
[2.817s] Level 1:colcon.colcon_core.package_identification:_identify(src/motor-control-routine/u2canfd/src) by extension 'colcon_pkg'
[2.817s] Level 1:colcon.colcon_core.package_identification:_identify(src/motor-control-routine/u2canfd/src) by extensions ['colcon_meta']
[2.817s] Level 1:colcon.colcon_core.package_identification:_identify(src/motor-control-routine/u2canfd/src) by extension 'colcon_meta'
[2.817s] Level 1:colcon.colcon_core.package_identification:_identify(src/motor-control-routine/u2canfd/src) by extensions ['ros']
[2.817s] Level 1:colcon.colcon_core.package_identification:_identify(src/motor-control-routine/u2canfd/src) by extension 'ros'
[2.817s] Level 1:colcon.colcon_core.package_identification:_identify(src/motor-control-routine/u2canfd/src) by extensions ['cmake', 'python']
[2.817s] Level 1:colcon.colcon_core.package_identification:_identify(src/motor-control-routine/u2canfd/src) by extension 'cmake'
[2.817s] Level 1:colcon.colcon_core.package_identification:_identify(src/motor-control-routine/u2canfd/src) by extension 'python'
[2.817s] Level 1:colcon.colcon_core.package_identification:_identify(src/motor-control-routine/u2canfd/src) by extensions ['python_setup_py']
[2.817s] Level 1:colcon.colcon_core.package_identification:_identify(src/motor-control-routine/u2canfd/src) by extension 'python_setup_py'
[2.817s] Level 1:colcon.colcon_core.package_identification:_identify(src/mujoco_ros2_control) by extensions ['ignore', 'ignore_ament_install']
[2.817s] Level 1:colcon.colcon_core.package_identification:_identify(src/mujoco_ros2_control) by extension 'ignore'
[2.817s] Level 1:colcon.colcon_core.package_identification:_identify(src/mujoco_ros2_control) by extension 'ignore_ament_install'
[2.817s] Level 1:colcon.colcon_core.package_identification:_identify(src/mujoco_ros2_control) by extensions ['colcon_pkg']
[2.817s] Level 1:colcon.colcon_core.package_identification:_identify(src/mujoco_ros2_control) by extension 'colcon_pkg'
[2.817s] Level 1:colcon.colcon_core.package_identification:_identify(src/mujoco_ros2_control) by extensions ['colcon_meta']
[2.817s] Level 1:colcon.colcon_core.package_identification:_identify(src/mujoco_ros2_control) by extension 'colcon_meta'
[2.817s] Level 1:colcon.colcon_core.package_identification:_identify(src/mujoco_ros2_control) by extensions ['ros']
[2.817s] Level 1:colcon.colcon_core.package_identification:_identify(src/mujoco_ros2_control) by extension 'ros'
[2.817s] Level 1:colcon.colcon_core.package_identification:_identify(src/mujoco_ros2_control) by extensions ['cmake', 'python']
[2.817s] Level 1:colcon.colcon_core.package_identification:_identify(src/mujoco_ros2_control) by extension 'cmake'
[2.817s] Level 1:colcon.colcon_core.package_identification:_identify(src/mujoco_ros2_control) by extension 'python'
[2.817s] Level 1:colcon.colcon_core.package_identification:_identify(src/mujoco_ros2_control) by extensions ['python_setup_py']
[2.817s] Level 1:colcon.colcon_core.package_identification:_identify(src/mujoco_ros2_control) by extension 'python_setup_py'
[2.817s] Level 1:colcon.colcon_core.package_identification:_identify(src/mujoco_ros2_control/doc) by extensions ['ignore', 'ignore_ament_install']
[2.817s] Level 1:colcon.colcon_core.package_identification:_identify(src/mujoco_ros2_control/doc) by extension 'ignore'
[2.817s] Level 1:colcon.colcon_core.package_identification:_identify(src/mujoco_ros2_control/doc) by extension 'ignore_ament_install'
[2.817s] Level 1:colcon.colcon_core.package_identification:_identify(src/mujoco_ros2_control/doc) by extensions ['colcon_pkg']
[2.817s] Level 1:colcon.colcon_core.package_identification:_identify(src/mujoco_ros2_control/doc) by extension 'colcon_pkg'
[2.817s] Level 1:colcon.colcon_core.package_identification:_identify(src/mujoco_ros2_control/doc) by extensions ['colcon_meta']
[2.817s] Level 1:colcon.colcon_core.package_identification:_identify(src/mujoco_ros2_control/doc) by extension 'colcon_meta'
[2.818s] Level 1:colcon.colcon_core.package_identification:_identify(src/mujoco_ros2_control/doc) by extensions ['ros']
[2.818s] Level 1:colcon.colcon_core.package_identification:_identify(src/mujoco_ros2_control/doc) by extension 'ros'
[2.818s] Level 1:colcon.colcon_core.package_identification:_identify(src/mujoco_ros2_control/doc) by extensions ['cmake', 'python']
[2.818s] Level 1:colcon.colcon_core.package_identification:_identify(src/mujoco_ros2_control/doc) by extension 'cmake'
[2.818s] Level 1:colcon.colcon_core.package_identification:_identify(src/mujoco_ros2_control/doc) by extension 'python'
[2.818s] Level 1:colcon.colcon_core.package_identification:_identify(src/mujoco_ros2_control/doc) by extensions ['python_setup_py']
[2.818s] Level 1:colcon.colcon_core.package_identification:_identify(src/mujoco_ros2_control/doc) by extension 'python_setup_py'
[2.818s] Level 1:colcon.colcon_core.package_identification:_identify(src/mujoco_ros2_control/doc/images) by extensions ['ignore', 'ignore_ament_install']
[2.818s] Level 1:colcon.colcon_core.package_identification:_identify(src/mujoco_ros2_control/doc/images) by extension 'ignore'
[2.818s] Level 1:colcon.colcon_core.package_identification:_identify(src/mujoco_ros2_control/doc/images) by extension 'ignore_ament_install'
[2.818s] Level 1:colcon.colcon_core.package_identification:_identify(src/mujoco_ros2_control/doc/images) by extensions ['colcon_pkg']
[2.818s] Level 1:colcon.colcon_core.package_identification:_identify(src/mujoco_ros2_control/doc/images) by extension 'colcon_pkg'
[2.818s] Level 1:colcon.colcon_core.package_identification:_identify(src/mujoco_ros2_control/doc/images) by extensions ['colcon_meta']
[2.818s] Level 1:colcon.colcon_core.package_identification:_identify(src/mujoco_ros2_control/doc/images) by extension 'colcon_meta'
[2.818s] Level 1:colcon.colcon_core.package_identification:_identify(src/mujoco_ros2_control/doc/images) by extensions ['ros']
[2.818s] Level 1:colcon.colcon_core.package_identification:_identify(src/mujoco_ros2_control/doc/images) by extension 'ros'
[2.818s] Level 1:colcon.colcon_core.package_identification:_identify(src/mujoco_ros2_control/doc/images) by extensions ['cmake', 'python']
[2.818s] Level 1:colcon.colcon_core.package_identification:_identify(src/mujoco_ros2_control/doc/images) by extension 'cmake'
[2.818s] Level 1:colcon.colcon_core.package_identification:_identify(src/mujoco_ros2_control/doc/images) by extension 'python'
[2.818s] Level 1:colcon.colcon_core.package_identification:_identify(src/mujoco_ros2_control/doc/images) by extensions ['python_setup_py']
[2.818s] Level 1:colcon.colcon_core.package_identification:_identify(src/mujoco_ros2_control/doc/images) by extension 'python_setup_py'
[2.818s] Level 1:colcon.colcon_core.package_identification:_identify(src/mujoco_ros2_control/docker) by extensions ['ignore', 'ignore_ament_install']
[2.818s] Level 1:colcon.colcon_core.package_identification:_identify(src/mujoco_ros2_control/docker) by extension 'ignore'
[2.818s] Level 1:colcon.colcon_core.package_identification:_identify(src/mujoco_ros2_control/docker) by extension 'ignore_ament_install'
[2.818s] Level 1:colcon.colcon_core.package_identification:_identify(src/mujoco_ros2_control/docker) by extensions ['colcon_pkg']
[2.818s] Level 1:colcon.colcon_core.package_identification:_identify(src/mujoco_ros2_control/docker) by extension 'colcon_pkg'
[2.818s] Level 1:colcon.colcon_core.package_identification:_identify(src/mujoco_ros2_control/docker) by extensions ['colcon_meta']
[2.818s] Level 1:colcon.colcon_core.package_identification:_identify(src/mujoco_ros2_control/docker) by extension 'colcon_meta'
[2.818s] Level 1:colcon.colcon_core.package_identification:_identify(src/mujoco_ros2_control/docker) by extensions ['ros']
[2.818s] Level 1:colcon.colcon_core.package_identification:_identify(src/mujoco_ros2_control/docker) by extension 'ros'
[2.818s] Level 1:colcon.colcon_core.package_identification:_identify(src/mujoco_ros2_control/docker) by extensions ['cmake', 'python']
[2.818s] Level 1:colcon.colcon_core.package_identification:_identify(src/mujoco_ros2_control/docker) by extension 'cmake'
[2.818s] Level 1:colcon.colcon_core.package_identification:_identify(src/mujoco_ros2_control/docker) by extension 'python'
[2.818s] Level 1:colcon.colcon_core.package_identification:_identify(src/mujoco_ros2_control/docker) by extensions ['python_setup_py']
[2.818s] Level 1:colcon.colcon_core.package_identification:_identify(src/mujoco_ros2_control/docker) by extension 'python_setup_py'
[2.818s] Level 1:colcon.colcon_core.package_identification:_identify(src/mujoco_ros2_control/mujoco_ros2_control) by extensions ['ignore', 'ignore_ament_install']
[2.818s] Level 1:colcon.colcon_core.package_identification:_identify(src/mujoco_ros2_control/mujoco_ros2_control) by extension 'ignore'
[2.818s] Level 1:colcon.colcon_core.package_identification:_identify(src/mujoco_ros2_control/mujoco_ros2_control) by extension 'ignore_ament_install'
[2.818s] Level 1:colcon.colcon_core.package_identification:_identify(src/mujoco_ros2_control/mujoco_ros2_control) by extensions ['colcon_pkg']
[2.819s] Level 1:colcon.colcon_core.package_identification:_identify(src/mujoco_ros2_control/mujoco_ros2_control) by extension 'colcon_pkg'
[2.819s] Level 1:colcon.colcon_core.package_identification:_identify(src/mujoco_ros2_control/mujoco_ros2_control) by extensions ['colcon_meta']
[2.819s] Level 1:colcon.colcon_core.package_identification:_identify(src/mujoco_ros2_control/mujoco_ros2_control) by extension 'colcon_meta'
[2.819s] Level 1:colcon.colcon_core.package_identification:_identify(src/mujoco_ros2_control/mujoco_ros2_control) by extensions ['ros']
[2.819s] Level 1:colcon.colcon_core.package_identification:_identify(src/mujoco_ros2_control/mujoco_ros2_control) by extension 'ros'
[2.823s] DEBUG:colcon.colcon_core.package_identification:Package 'src/mujoco_ros2_control/mujoco_ros2_control' with type 'ros.ament_cmake' and name 'mujoco_ros2_control'
[2.823s] Level 1:colcon.colcon_core.package_identification:_identify(src/mujoco_ros2_control/mujoco_ros2_control_demos) by extensions ['ignore', 'ignore_ament_install']
[2.823s] Level 1:colcon.colcon_core.package_identification:_identify(src/mujoco_ros2_control/mujoco_ros2_control_demos) by extension 'ignore'
[2.823s] Level 1:colcon.colcon_core.package_identification:_identify(src/mujoco_ros2_control/mujoco_ros2_control_demos) by extension 'ignore_ament_install'
[2.823s] Level 1:colcon.colcon_core.package_identification:_identify(src/mujoco_ros2_control/mujoco_ros2_control_demos) by extensions ['colcon_pkg']
[2.823s] Level 1:colcon.colcon_core.package_identification:_identify(src/mujoco_ros2_control/mujoco_ros2_control_demos) by extension 'colcon_pkg'
[2.823s] Level 1:colcon.colcon_core.package_identification:_identify(src/mujoco_ros2_control/mujoco_ros2_control_demos) by extensions ['colcon_meta']
[2.823s] Level 1:colcon.colcon_core.package_identification:_identify(src/mujoco_ros2_control/mujoco_ros2_control_demos) by extension 'colcon_meta'
[2.823s] Level 1:colcon.colcon_core.package_identification:_identify(src/mujoco_ros2_control/mujoco_ros2_control_demos) by extensions ['ros']
[2.823s] Level 1:colcon.colcon_core.package_identification:_identify(src/mujoco_ros2_control/mujoco_ros2_control_demos) by extension 'ros'
[2.828s] DEBUG:colcon.colcon_core.package_identification:Package 'src/mujoco_ros2_control/mujoco_ros2_control_demos' with type 'ros.ament_cmake' and name 'mujoco_ros2_control_demos'
[2.828s] Level 1:colcon.colcon_core.package_identification:_identify(src/toe_arm) by extensions ['ignore', 'ignore_ament_install']
[2.828s] Level 1:colcon.colcon_core.package_identification:_identify(src/toe_arm) by extension 'ignore'
[2.828s] Level 1:colcon.colcon_core.package_identification:_identify(src/toe_arm) by extension 'ignore_ament_install'
[2.828s] Level 1:colcon.colcon_core.package_identification:_identify(src/toe_arm) by extensions ['colcon_pkg']
[2.828s] Level 1:colcon.colcon_core.package_identification:_identify(src/toe_arm) by extension 'colcon_pkg'
[2.828s] Level 1:colcon.colcon_core.package_identification:_identify(src/toe_arm) by extensions ['colcon_meta']
[2.828s] Level 1:colcon.colcon_core.package_identification:_identify(src/toe_arm) by extension 'colcon_meta'
[2.828s] Level 1:colcon.colcon_core.package_identification:_identify(src/toe_arm) by extensions ['ros']
[2.828s] Level 1:colcon.colcon_core.package_identification:_identify(src/toe_arm) by extension 'ros'
[2.829s] DEBUG:colcon.colcon_core.package_identification:Package 'src/toe_arm' with type 'ros.ament_cmake' and name 'toe_arm'
[2.829s] Level 1:colcon.colcon_core.package_identification:_identify(src/toe_arm2) by extensions ['ignore', 'ignore_ament_install']
[2.829s] Level 1:colcon.colcon_core.package_identification:_identify(src/toe_arm2) by extension 'ignore'
[2.829s] Level 1:colcon.colcon_core.package_identification:_identify(src/toe_arm2) by extension 'ignore_ament_install'
[2.829s] Level 1:colcon.colcon_core.package_identification:_identify(src/toe_arm2) by extensions ['colcon_pkg']
[2.829s] Level 1:colcon.colcon_core.package_identification:_identify(src/toe_arm2) by extension 'colcon_pkg'
[2.830s] Level 1:colcon.colcon_core.package_identification:_identify(src/toe_arm2) by extensions ['colcon_meta']
[2.830s] Level 1:colcon.colcon_core.package_identification:_identify(src/toe_arm2) by extension 'colcon_meta'
[2.830s] Level 1:colcon.colcon_core.package_identification:_identify(src/toe_arm2) by extensions ['ros']
[2.830s] Level 1:colcon.colcon_core.package_identification:_identify(src/toe_arm2) by extension 'ros'
[2.830s] DEBUG:colcon.colcon_core.package_identification:Package 'src/toe_arm2' with type 'ros.ament_cmake' and name 'toe_arm2'
[2.830s] Level 1:colcon.colcon_core.package_discovery:discover_packages(recursive) using defaults
[2.830s] Level 1:colcon.colcon_core.package_discovery:discover_packages(ignore) discover
[2.830s] Level 1:colcon.colcon_core.package_discovery:discover_packages(ignore) using defaults
[2.830s] Level 1:colcon.colcon_core.package_discovery:discover_packages(path) discover
[2.830s] Level 1:colcon.colcon_core.package_discovery:discover_packages(path) using defaults
[2.895s] Level 1:colcon.colcon_core.package_discovery:discover_packages(prefix_path) check parameters
[2.895s] Level 1:colcon.colcon_core.package_discovery:discover_packages(prefix_path) discover
[2.900s] DEBUG:colcon.colcon_installed_package_information.package_discovery:Found 390 installed packages in /opt/ros/humble
[2.901s] Level 1:colcon.colcon_core.package_discovery:discover_packages(prefix_path) using defaults
[2.925s] Level 5:colcon.colcon_core.verb:set package 'mujoco_ros2_control' build argument 'cmake_args' from command line to 'None'
[2.925s] Level 5:colcon.colcon_core.verb:set package 'mujoco_ros2_control' build argument 'cmake_target' from command line to 'None'
[2.925s] Level 5:colcon.colcon_core.verb:set package 'mujoco_ros2_control' build argument 'cmake_target_skip_unavailable' from command line to 'False'
[2.925s] Level 5:colcon.colcon_core.verb:set package 'mujoco_ros2_control' build argument 'cmake_clean_cache' from command line to 'False'
[2.925s] Level 5:colcon.colcon_core.verb:set package 'mujoco_ros2_control' build argument 'cmake_clean_first' from command line to 'False'
[2.925s] Level 5:colcon.colcon_core.verb:set package 'mujoco_ros2_control' build argument 'cmake_force_configure' from command line to 'False'
[2.925s] Level 5:colcon.colcon_core.verb:set package 'mujoco_ros2_control' build argument 'ament_cmake_args' from command line to 'None'
[2.925s] Level 5:colcon.colcon_core.verb:set package 'mujoco_ros2_control' build argument 'catkin_cmake_args' from command line to 'None'
[2.925s] Level 5:colcon.colcon_core.verb:set package 'mujoco_ros2_control' build argument 'catkin_skip_building_tests' from command line to 'False'
[2.925s] DEBUG:colcon.colcon_core.verb:Building package 'mujoco_ros2_control' with the following arguments: {'ament_cmake_args': None, 'build_base': '/home/yue/mujoco_ros_ws/build/mujoco_ros2_control', 'catkin_cmake_args': None, 'catkin_skip_building_tests': False, 'cmake_args': None, 'cmake_clean_cache': False, 'cmake_clean_first': False, 'cmake_force_configure': False, 'cmake_target': None, 'cmake_target_skip_unavailable': False, 'install_base': '/home/yue/mujoco_ros_ws/install/mujoco_ros2_control', 'merge_install': False, 'path': '/home/yue/mujoco_ros_ws/src/mujoco_ros2_control/mujoco_ros2_control', 'symlink_install': False, 'test_result_base': None}
[2.925s] Level 5:colcon.colcon_core.verb:set package 'toe_arm' build argument 'cmake_args' from command line to 'None'
[2.925s] Level 5:colcon.colcon_core.verb:set package 'toe_arm' build argument 'cmake_target' from command line to 'None'
[2.925s] Level 5:colcon.colcon_core.verb:set package 'toe_arm' build argument 'cmake_target_skip_unavailable' from command line to 'False'
[2.925s] Level 5:colcon.colcon_core.verb:set package 'toe_arm' build argument 'cmake_clean_cache' from command line to 'False'
[2.925s] Level 5:colcon.colcon_core.verb:set package 'toe_arm' build argument 'cmake_clean_first' from command line to 'False'
[2.925s] Level 5:colcon.colcon_core.verb:set package 'toe_arm' build argument 'cmake_force_configure' from command line to 'False'
[2.925s] Level 5:colcon.colcon_core.verb:set package 'toe_arm' build argument 'ament_cmake_args' from command line to 'None'
[2.925s] Level 5:colcon.colcon_core.verb:set package 'toe_arm' build argument 'catkin_cmake_args' from command line to 'None'
[2.925s] Level 5:colcon.colcon_core.verb:set package 'toe_arm' build argument 'catkin_skip_building_tests' from command line to 'False'
[2.925s] DEBUG:colcon.colcon_core.verb:Building package 'toe_arm' with the following arguments: {'ament_cmake_args': None, 'build_base': '/home/yue/mujoco_ros_ws/build/toe_arm', 'catkin_cmake_args': None, 'catkin_skip_building_tests': False, 'cmake_args': None, 'cmake_clean_cache': False, 'cmake_clean_first': False, 'cmake_force_configure': False, 'cmake_target': None, 'cmake_target_skip_unavailable': False, 'install_base': '/home/yue/mujoco_ros_ws/install/toe_arm', 'merge_install': False, 'path': '/home/yue/mujoco_ros_ws/src/toe_arm', 'symlink_install': False, 'test_result_base': None}
[2.925s] Level 5:colcon.colcon_core.verb:set package 'toe_arm2' build argument 'cmake_args' from command line to 'None'
[2.925s] Level 5:colcon.colcon_core.verb:set package 'toe_arm2' build argument 'cmake_target' from command line to 'None'
[2.925s] Level 5:colcon.colcon_core.verb:set package 'toe_arm2' build argument 'cmake_target_skip_unavailable' from command line to 'False'
[2.925s] Level 5:colcon.colcon_core.verb:set package 'toe_arm2' build argument 'cmake_clean_cache' from command line to 'False'
[2.925s] Level 5:colcon.colcon_core.verb:set package 'toe_arm2' build argument 'cmake_clean_first' from command line to 'False'
[2.925s] Level 5:colcon.colcon_core.verb:set package 'toe_arm2' build argument 'cmake_force_configure' from command line to 'False'
[2.925s] Level 5:colcon.colcon_core.verb:set package 'toe_arm2' build argument 'ament_cmake_args' from command line to 'None'
[2.926s] Level 5:colcon.colcon_core.verb:set package 'toe_arm2' build argument 'catkin_cmake_args' from command line to 'None'
[2.926s] Level 5:colcon.colcon_core.verb:set package 'toe_arm2' build argument 'catkin_skip_building_tests' from command line to 'False'
[2.926s] DEBUG:colcon.colcon_core.verb:Building package 'toe_arm2' with the following arguments: {'ament_cmake_args': None, 'build_base': '/home/yue/mujoco_ros_ws/build/toe_arm2', 'catkin_cmake_args': None, 'catkin_skip_building_tests': False, 'cmake_args': None, 'cmake_clean_cache': False, 'cmake_clean_first': False, 'cmake_force_configure': False, 'cmake_target': None, 'cmake_target_skip_unavailable': False, 'install_base': '/home/yue/mujoco_ros_ws/install/toe_arm2', 'merge_install': False, 'path': '/home/yue/mujoco_ros_ws/src/toe_arm2', 'symlink_install': False, 'test_result_base': None}
[2.926s] Level 5:colcon.colcon_core.verb:set package 'mujoco_ros2_control_demos' build argument 'cmake_args' from command line to 'None'
[2.926s] Level 5:colcon.colcon_core.verb:set package 'mujoco_ros2_control_demos' build argument 'cmake_target' from command line to 'None'
[2.926s] Level 5:colcon.colcon_core.verb:set package 'mujoco_ros2_control_demos' build argument 'cmake_target_skip_unavailable' from command line to 'False'
[2.926s] Level 5:colcon.colcon_core.verb:set package 'mujoco_ros2_control_demos' build argument 'cmake_clean_cache' from command line to 'False'
[2.926s] Level 5:colcon.colcon_core.verb:set package 'mujoco_ros2_control_demos' build argument 'cmake_clean_first' from command line to 'False'
[2.926s] Level 5:colcon.colcon_core.verb:set package 'mujoco_ros2_control_demos' build argument 'cmake_force_configure' from command line to 'False'
[2.926s] Level 5:colcon.colcon_core.verb:set package 'mujoco_ros2_control_demos' build argument 'ament_cmake_args' from command line to 'None'
[2.926s] Level 5:colcon.colcon_core.verb:set package 'mujoco_ros2_control_demos' build argument 'catkin_cmake_args' from command line to 'None'
[2.926s] Level 5:colcon.colcon_core.verb:set package 'mujoco_ros2_control_demos' build argument 'catkin_skip_building_tests' from command line to 'False'
[2.926s] DEBUG:colcon.colcon_core.verb:Building package 'mujoco_ros2_control_demos' with the following arguments: {'ament_cmake_args': None, 'build_base': '/home/yue/mujoco_ros_ws/build/mujoco_ros2_control_demos', 'catkin_cmake_args': None, 'catkin_skip_building_tests': False, 'cmake_args': None, 'cmake_clean_cache': False, 'cmake_clean_first': False, 'cmake_force_configure': False, 'cmake_target': None, 'cmake_target_skip_unavailable': False, 'install_base': '/home/yue/mujoco_ros_ws/install/mujoco_ros2_control_demos', 'merge_install': False, 'path': '/home/yue/mujoco_ros_ws/src/mujoco_ros2_control/mujoco_ros2_control_demos', 'symlink_install': False, 'test_result_base': None}
[2.926s] INFO:colcon.colcon_core.executor:Executing jobs using 'parallel' executor
[2.927s] DEBUG:colcon.colcon_parallel_executor.executor.parallel:run_until_complete
[2.927s] INFO:colcon.colcon_ros.task.ament_cmake.build:Building ROS package in '/home/yue/mujoco_ros_ws/src/mujoco_ros2_control/mujoco_ros2_control' with build type 'ament_cmake'
[2.927s] INFO:colcon.colcon_cmake.task.cmake.build:Building CMake package in '/home/yue/mujoco_ros_ws/src/mujoco_ros2_control/mujoco_ros2_control'
[2.953s] INFO:colcon.colcon_core.plugin_system:Skipping extension 'colcon_core.shell.bat': Not used on non-Windows systems
[2.953s] INFO:colcon.colcon_core.shell:Skip shell extension 'powershell' for command environment: Not usable outside of PowerShell
[2.953s] DEBUG:colcon.colcon_core.shell:Skip shell extension 'dsv' for command environment
[2.960s] INFO:colcon.colcon_ros.task.ament_cmake.build:Building ROS package in '/home/yue/mujoco_ros_ws/src/toe_arm' with build type 'ament_cmake'
[2.960s] INFO:colcon.colcon_cmake.task.cmake.build:Building CMake package in '/home/yue/mujoco_ros_ws/src/toe_arm'
[2.960s] INFO:colcon.colcon_core.shell:Skip shell extension 'powershell' for command environment: Not usable outside of PowerShell
[2.960s] DEBUG:colcon.colcon_core.shell:Skip shell extension 'dsv' for command environment
[2.962s] INFO:colcon.colcon_ros.task.ament_cmake.build:Building ROS package in '/home/yue/mujoco_ros_ws/src/toe_arm2' with build type 'ament_cmake'
[2.962s] INFO:colcon.colcon_cmake.task.cmake.build:Building CMake package in '/home/yue/mujoco_ros_ws/src/toe_arm2'
[2.962s] INFO:colcon.colcon_core.shell:Skip shell extension 'powershell' for command environment: Not usable outside of PowerShell
[2.962s] DEBUG:colcon.colcon_core.shell:Skip shell extension 'dsv' for command environment
[2.972s] DEBUG:colcon.colcon_core.event_handler.log_command:Invoking command in '/home/yue/mujoco_ros_ws/build/mujoco_ros2_control': CMAKE_PREFIX_PATH=/opt/ros/humble /usr/bin/cmake --build /home/yue/mujoco_ros_ws/build/mujoco_ros2_control -- -j20 -l20
[2.974s] DEBUG:colcon.colcon_core.event_handler.log_command:Invoking command in '/home/yue/mujoco_ros_ws/build/toe_arm': CMAKE_PREFIX_PATH=/opt/ros/humble /usr/bin/cmake --build /home/yue/mujoco_ros_ws/build/toe_arm -- -j20 -l20
[2.977s] DEBUG:colcon.colcon_core.event_handler.log_command:Invoking command in '/home/yue/mujoco_ros_ws/build/toe_arm2': CMAKE_PREFIX_PATH=/opt/ros/humble /usr/bin/cmake --build /home/yue/mujoco_ros_ws/build/toe_arm2 -- -j20 -l20
[3.010s] DEBUG:colcon.colcon_core.event_handler.log_command:Invoked command in '/home/yue/mujoco_ros_ws/build/toe_arm' returned '0': CMAKE_PREFIX_PATH=/opt/ros/humble /usr/bin/cmake --build /home/yue/mujoco_ros_ws/build/toe_arm -- -j20 -l20
[3.018s] DEBUG:colcon.colcon_core.event_handler.log_command:Invoking command in '/home/yue/mujoco_ros_ws/build/toe_arm': CMAKE_PREFIX_PATH=/opt/ros/humble /usr/bin/cmake --install /home/yue/mujoco_ros_ws/build/toe_arm
[3.018s] DEBUG:colcon.colcon_core.event_handler.log_command:Invoked command in '/home/yue/mujoco_ros_ws/build/toe_arm2' returned '0': CMAKE_PREFIX_PATH=/opt/ros/humble /usr/bin/cmake --build /home/yue/mujoco_ros_ws/build/toe_arm2 -- -j20 -l20
[3.020s] DEBUG:colcon.colcon_core.event_handler.log_command:Invoking command in '/home/yue/mujoco_ros_ws/build/toe_arm2': CMAKE_PREFIX_PATH=/opt/ros/humble /usr/bin/cmake --install /home/yue/mujoco_ros_ws/build/toe_arm2
[3.031s] Level 1:colcon.colcon_core.environment:create_environment_scripts_only(toe_arm)
[3.031s] DEBUG:colcon.colcon_core.event_handler.log_command:Invoked command in '/home/yue/mujoco_ros_ws/build/toe_arm' returned '0': CMAKE_PREFIX_PATH=/opt/ros/humble /usr/bin/cmake --install /home/yue/mujoco_ros_ws/build/toe_arm
[3.037s] Level 1:colcon.colcon_core.environment:checking '/home/yue/mujoco_ros_ws/install/toe_arm' for CMake module files
[3.037s] Level 1:colcon.colcon_core.environment:checking '/home/yue/mujoco_ros_ws/install/toe_arm' for CMake config files
[3.037s] Level 1:colcon.colcon_core.shell:create_environment_hook('toe_arm', 'cmake_prefix_path')
[3.038s] INFO:colcon.colcon_core.shell:Creating environment hook '/home/yue/mujoco_ros_ws/install/toe_arm/share/toe_arm/hook/cmake_prefix_path.ps1'
[3.038s] INFO:colcon.colcon_core.shell:Creating environment descriptor '/home/yue/mujoco_ros_ws/install/toe_arm/share/toe_arm/hook/cmake_prefix_path.dsv'
[3.039s] INFO:colcon.colcon_core.shell:Creating environment hook '/home/yue/mujoco_ros_ws/install/toe_arm/share/toe_arm/hook/cmake_prefix_path.sh'
[3.040s] Level 1:colcon.colcon_core.environment:checking '/home/yue/mujoco_ros_ws/install/toe_arm/bin'
[3.040s] Level 1:colcon.colcon_core.environment:checking '/home/yue/mujoco_ros_ws/install/toe_arm/lib/pkgconfig/toe_arm.pc'
[3.041s] Level 1:colcon.colcon_core.environment:checking '/home/yue/mujoco_ros_ws/install/toe_arm/lib/python3.10/site-packages'
[3.041s] Level 1:colcon.colcon_core.environment:checking '/home/yue/mujoco_ros_ws/install/toe_arm/bin'
[3.041s] INFO:colcon.colcon_core.shell:Creating package script '/home/yue/mujoco_ros_ws/install/toe_arm/share/toe_arm/package.ps1'
[3.042s] INFO:colcon.colcon_core.shell:Creating package descriptor '/home/yue/mujoco_ros_ws/install/toe_arm/share/toe_arm/package.dsv'
[3.042s] INFO:colcon.colcon_core.shell:Creating package script '/home/yue/mujoco_ros_ws/install/toe_arm/share/toe_arm/package.sh'
[3.043s] INFO:colcon.colcon_core.shell:Creating package script '/home/yue/mujoco_ros_ws/install/toe_arm/share/toe_arm/package.bash'
[3.044s] INFO:colcon.colcon_core.shell:Creating package script '/home/yue/mujoco_ros_ws/install/toe_arm/share/toe_arm/package.zsh'
[3.045s] Level 1:colcon.colcon_core.environment:create_file_with_runtime_dependencies(/home/yue/mujoco_ros_ws/install/toe_arm/share/colcon-core/packages/toe_arm)
[3.045s] Level 1:colcon.colcon_core.environment:create_environment_scripts_only(toe_arm)
[3.046s] Level 1:colcon.colcon_core.environment:checking '/home/yue/mujoco_ros_ws/install/toe_arm' for CMake module files
[3.046s] Level 1:colcon.colcon_core.environment:checking '/home/yue/mujoco_ros_ws/install/toe_arm' for CMake config files
[3.046s] Level 1:colcon.colcon_core.shell:create_environment_hook('toe_arm', 'cmake_prefix_path')
[3.046s] INFO:colcon.colcon_core.shell:Creating environment hook '/home/yue/mujoco_ros_ws/install/toe_arm/share/toe_arm/hook/cmake_prefix_path.ps1'
[3.046s] INFO:colcon.colcon_core.shell:Creating environment descriptor '/home/yue/mujoco_ros_ws/install/toe_arm/share/toe_arm/hook/cmake_prefix_path.dsv'
[3.046s] INFO:colcon.colcon_core.shell:Creating environment hook '/home/yue/mujoco_ros_ws/install/toe_arm/share/toe_arm/hook/cmake_prefix_path.sh'
[3.047s] Level 1:colcon.colcon_core.environment:checking '/home/yue/mujoco_ros_ws/install/toe_arm/bin'
[3.047s] Level 1:colcon.colcon_core.environment:checking '/home/yue/mujoco_ros_ws/install/toe_arm/lib/pkgconfig/toe_arm.pc'
[3.047s] Level 1:colcon.colcon_core.environment:checking '/home/yue/mujoco_ros_ws/install/toe_arm/lib/python3.10/site-packages'
[3.047s] Level 1:colcon.colcon_core.environment:checking '/home/yue/mujoco_ros_ws/install/toe_arm/bin'
[3.047s] INFO:colcon.colcon_core.shell:Creating package script '/home/yue/mujoco_ros_ws/install/toe_arm/share/toe_arm/package.ps1'
[3.047s] INFO:colcon.colcon_core.shell:Creating package descriptor '/home/yue/mujoco_ros_ws/install/toe_arm/share/toe_arm/package.dsv'
[3.048s] INFO:colcon.colcon_core.shell:Creating package script '/home/yue/mujoco_ros_ws/install/toe_arm/share/toe_arm/package.sh'
[3.048s] INFO:colcon.colcon_core.shell:Creating package script '/home/yue/mujoco_ros_ws/install/toe_arm/share/toe_arm/package.bash'
[3.048s] INFO:colcon.colcon_core.shell:Creating package script '/home/yue/mujoco_ros_ws/install/toe_arm/share/toe_arm/package.zsh'
[3.048s] Level 1:colcon.colcon_core.environment:create_file_with_runtime_dependencies(/home/yue/mujoco_ros_ws/install/toe_arm/share/colcon-core/packages/toe_arm)
[3.049s] Level 1:colcon.colcon_core.environment:create_environment_scripts_only(toe_arm2)
[3.049s] Level 1:colcon.colcon_core.environment:checking '/home/yue/mujoco_ros_ws/install/toe_arm2' for CMake module files
[3.049s] DEBUG:colcon.colcon_core.event_handler.log_command:Invoked command in '/home/yue/mujoco_ros_ws/build/toe_arm2' returned '0': CMAKE_PREFIX_PATH=/opt/ros/humble /usr/bin/cmake --install /home/yue/mujoco_ros_ws/build/toe_arm2
[3.049s] Level 1:colcon.colcon_core.environment:checking '/home/yue/mujoco_ros_ws/install/toe_arm2' for CMake config files
[3.049s] Level 1:colcon.colcon_core.shell:create_environment_hook('toe_arm2', 'cmake_prefix_path')
[3.050s] INFO:colcon.colcon_core.shell:Creating environment hook '/home/yue/mujoco_ros_ws/install/toe_arm2/share/toe_arm2/hook/cmake_prefix_path.ps1'
[3.050s] INFO:colcon.colcon_core.shell:Creating environment descriptor '/home/yue/mujoco_ros_ws/install/toe_arm2/share/toe_arm2/hook/cmake_prefix_path.dsv'
[3.050s] INFO:colcon.colcon_core.shell:Creating environment hook '/home/yue/mujoco_ros_ws/install/toe_arm2/share/toe_arm2/hook/cmake_prefix_path.sh'
[3.050s] Level 1:colcon.colcon_core.environment:checking '/home/yue/mujoco_ros_ws/install/toe_arm2/bin'
[3.050s] Level 1:colcon.colcon_core.environment:checking '/home/yue/mujoco_ros_ws/install/toe_arm2/lib/pkgconfig/toe_arm2.pc'
[3.050s] Level 1:colcon.colcon_core.environment:checking '/home/yue/mujoco_ros_ws/install/toe_arm2/lib/python3.10/site-packages'
[3.051s] Level 1:colcon.colcon_core.environment:checking '/home/yue/mujoco_ros_ws/install/toe_arm2/bin'
[3.051s] INFO:colcon.colcon_core.shell:Creating package script '/home/yue/mujoco_ros_ws/install/toe_arm2/share/toe_arm2/package.ps1'
[3.051s] INFO:colcon.colcon_core.shell:Creating package descriptor '/home/yue/mujoco_ros_ws/install/toe_arm2/share/toe_arm2/package.dsv'
[3.051s] INFO:colcon.colcon_core.shell:Creating package script '/home/yue/mujoco_ros_ws/install/toe_arm2/share/toe_arm2/package.sh'
[3.052s] INFO:colcon.colcon_core.shell:Creating package script '/home/yue/mujoco_ros_ws/install/toe_arm2/share/toe_arm2/package.bash'
[3.052s] INFO:colcon.colcon_core.shell:Creating package script '/home/yue/mujoco_ros_ws/install/toe_arm2/share/toe_arm2/package.zsh'
[3.052s] Level 1:colcon.colcon_core.environment:create_file_with_runtime_dependencies(/home/yue/mujoco_ros_ws/install/toe_arm2/share/colcon-core/packages/toe_arm2)
[3.052s] Level 1:colcon.colcon_core.environment:create_environment_scripts_only(toe_arm2)
[3.052s] Level 1:colcon.colcon_core.environment:checking '/home/yue/mujoco_ros_ws/install/toe_arm2' for CMake module files
[3.053s] Level 1:colcon.colcon_core.environment:checking '/home/yue/mujoco_ros_ws/install/toe_arm2' for CMake config files
[3.053s] Level 1:colcon.colcon_core.shell:create_environment_hook('toe_arm2', 'cmake_prefix_path')
[3.053s] INFO:colcon.colcon_core.shell:Creating environment hook '/home/yue/mujoco_ros_ws/install/toe_arm2/share/toe_arm2/hook/cmake_prefix_path.ps1'
[3.053s] INFO:colcon.colcon_core.shell:Creating environment descriptor '/home/yue/mujoco_ros_ws/install/toe_arm2/share/toe_arm2/hook/cmake_prefix_path.dsv'
[3.053s] INFO:colcon.colcon_core.shell:Creating environment hook '/home/yue/mujoco_ros_ws/install/toe_arm2/share/toe_arm2/hook/cmake_prefix_path.sh'
[3.054s] Level 1:colcon.colcon_core.environment:checking '/home/yue/mujoco_ros_ws/install/toe_arm2/bin'
[3.054s] Level 1:colcon.colcon_core.environment:checking '/home/yue/mujoco_ros_ws/install/toe_arm2/lib/pkgconfig/toe_arm2.pc'
[3.054s] Level 1:colcon.colcon_core.environment:checking '/home/yue/mujoco_ros_ws/install/toe_arm2/lib/python3.10/site-packages'
[3.054s] Level 1:colcon.colcon_core.environment:checking '/home/yue/mujoco_ros_ws/install/toe_arm2/bin'
[3.054s] INFO:colcon.colcon_core.shell:Creating package script '/home/yue/mujoco_ros_ws/install/toe_arm2/share/toe_arm2/package.ps1'
[3.055s] INFO:colcon.colcon_core.shell:Creating package descriptor '/home/yue/mujoco_ros_ws/install/toe_arm2/share/toe_arm2/package.dsv'
[3.055s] INFO:colcon.colcon_core.shell:Creating package script '/home/yue/mujoco_ros_ws/install/toe_arm2/share/toe_arm2/package.sh'
[3.055s] INFO:colcon.colcon_core.shell:Creating package script '/home/yue/mujoco_ros_ws/install/toe_arm2/share/toe_arm2/package.bash'
[3.055s] INFO:colcon.colcon_core.shell:Creating package script '/home/yue/mujoco_ros_ws/install/toe_arm2/share/toe_arm2/package.zsh'
[3.055s] Level 1:colcon.colcon_core.environment:create_file_with_runtime_dependencies(/home/yue/mujoco_ros_ws/install/toe_arm2/share/colcon-core/packages/toe_arm2)
[3.091s] DEBUG:colcon.colcon_core.event_handler.log_command:Invoked command in '/home/yue/mujoco_ros_ws/build/mujoco_ros2_control' returned '0': CMAKE_PREFIX_PATH=/opt/ros/humble /usr/bin/cmake --build /home/yue/mujoco_ros_ws/build/mujoco_ros2_control -- -j20 -l20
[3.092s] DEBUG:colcon.colcon_core.event_handler.log_command:Invoking command in '/home/yue/mujoco_ros_ws/build/mujoco_ros2_control': CMAKE_PREFIX_PATH=/opt/ros/humble /usr/bin/cmake --install /home/yue/mujoco_ros_ws/build/mujoco_ros2_control
[3.105s] Level 1:colcon.colcon_core.environment:create_environment_scripts_only(mujoco_ros2_control)
[3.106s] DEBUG:colcon.colcon_core.event_handler.log_command:Invoked command in '/home/yue/mujoco_ros_ws/build/mujoco_ros2_control' returned '0': CMAKE_PREFIX_PATH=/opt/ros/humble /usr/bin/cmake --install /home/yue/mujoco_ros_ws/build/mujoco_ros2_control
[3.106s] Level 1:colcon.colcon_core.environment:checking '/home/yue/mujoco_ros_ws/install/mujoco_ros2_control' for CMake module files
[3.107s] Level 1:colcon.colcon_core.environment:checking '/home/yue/mujoco_ros_ws/install/mujoco_ros2_control' for CMake config files
[3.107s] Level 1:colcon.colcon_core.shell:create_environment_hook('mujoco_ros2_control', 'cmake_prefix_path')
[3.107s] INFO:colcon.colcon_core.shell:Creating environment hook '/home/yue/mujoco_ros_ws/install/mujoco_ros2_control/share/mujoco_ros2_control/hook/cmake_prefix_path.ps1'
[3.107s] INFO:colcon.colcon_core.shell:Creating environment descriptor '/home/yue/mujoco_ros_ws/install/mujoco_ros2_control/share/mujoco_ros2_control/hook/cmake_prefix_path.dsv'
[3.108s] INFO:colcon.colcon_core.shell:Creating environment hook '/home/yue/mujoco_ros_ws/install/mujoco_ros2_control/share/mujoco_ros2_control/hook/cmake_prefix_path.sh'
[3.108s] Level 1:colcon.colcon_core.environment:checking '/home/yue/mujoco_ros_ws/install/mujoco_ros2_control/lib'
[3.108s] Level 1:colcon.colcon_core.shell:create_environment_hook('mujoco_ros2_control', 'ld_library_path_lib')
[3.109s] INFO:colcon.colcon_core.shell:Creating environment hook '/home/yue/mujoco_ros_ws/install/mujoco_ros2_control/share/mujoco_ros2_control/hook/ld_library_path_lib.ps1'
[3.109s] INFO:colcon.colcon_core.shell:Creating environment descriptor '/home/yue/mujoco_ros_ws/install/mujoco_ros2_control/share/mujoco_ros2_control/hook/ld_library_path_lib.dsv'
[3.109s] INFO:colcon.colcon_core.shell:Creating environment hook '/home/yue/mujoco_ros_ws/install/mujoco_ros2_control/share/mujoco_ros2_control/hook/ld_library_path_lib.sh'
[3.109s] Level 1:colcon.colcon_core.environment:checking '/home/yue/mujoco_ros_ws/install/mujoco_ros2_control/bin'
[3.110s] Level 1:colcon.colcon_core.environment:checking '/home/yue/mujoco_ros_ws/install/mujoco_ros2_control/lib/pkgconfig/mujoco_ros2_control.pc'
[3.110s] Level 1:colcon.colcon_core.environment:checking '/home/yue/mujoco_ros_ws/install/mujoco_ros2_control/lib/python3.10/site-packages'
[3.110s] Level 1:colcon.colcon_core.environment:checking '/home/yue/mujoco_ros_ws/install/mujoco_ros2_control/bin'
[3.110s] INFO:colcon.colcon_core.shell:Creating package script '/home/yue/mujoco_ros_ws/install/mujoco_ros2_control/share/mujoco_ros2_control/package.ps1'
[3.111s] INFO:colcon.colcon_core.shell:Creating package descriptor '/home/yue/mujoco_ros_ws/install/mujoco_ros2_control/share/mujoco_ros2_control/package.dsv'
[3.111s] INFO:colcon.colcon_core.shell:Creating package script '/home/yue/mujoco_ros_ws/install/mujoco_ros2_control/share/mujoco_ros2_control/package.sh'
[3.111s] INFO:colcon.colcon_core.shell:Creating package script '/home/yue/mujoco_ros_ws/install/mujoco_ros2_control/share/mujoco_ros2_control/package.bash'
[3.111s] INFO:colcon.colcon_core.shell:Creating package script '/home/yue/mujoco_ros_ws/install/mujoco_ros2_control/share/mujoco_ros2_control/package.zsh'
[3.111s] Level 1:colcon.colcon_core.environment:create_file_with_runtime_dependencies(/home/yue/mujoco_ros_ws/install/mujoco_ros2_control/share/colcon-core/packages/mujoco_ros2_control)
[3.112s] Level 1:colcon.colcon_core.environment:create_environment_scripts_only(mujoco_ros2_control)
[3.112s] Level 1:colcon.colcon_core.environment:checking '/home/yue/mujoco_ros_ws/install/mujoco_ros2_control' for CMake module files
[3.112s] Level 1:colcon.colcon_core.environment:checking '/home/yue/mujoco_ros_ws/install/mujoco_ros2_control' for CMake config files
[3.112s] Level 1:colcon.colcon_core.shell:create_environment_hook('mujoco_ros2_control', 'cmake_prefix_path')
[3.112s] INFO:colcon.colcon_core.shell:Creating environment hook '/home/yue/mujoco_ros_ws/install/mujoco_ros2_control/share/mujoco_ros2_control/hook/cmake_prefix_path.ps1'
[3.112s] INFO:colcon.colcon_core.shell:Creating environment descriptor '/home/yue/mujoco_ros_ws/install/mujoco_ros2_control/share/mujoco_ros2_control/hook/cmake_prefix_path.dsv'
[3.112s] INFO:colcon.colcon_core.shell:Creating environment hook '/home/yue/mujoco_ros_ws/install/mujoco_ros2_control/share/mujoco_ros2_control/hook/cmake_prefix_path.sh'
[3.113s] Level 1:colcon.colcon_core.environment:checking '/home/yue/mujoco_ros_ws/install/mujoco_ros2_control/lib'
[3.113s] Level 1:colcon.colcon_core.shell:create_environment_hook('mujoco_ros2_control', 'ld_library_path_lib')
[3.113s] INFO:colcon.colcon_core.shell:Creating environment hook '/home/yue/mujoco_ros_ws/install/mujoco_ros2_control/share/mujoco_ros2_control/hook/ld_library_path_lib.ps1'
[3.113s] INFO:colcon.colcon_core.shell:Creating environment descriptor '/home/yue/mujoco_ros_ws/install/mujoco_ros2_control/share/mujoco_ros2_control/hook/ld_library_path_lib.dsv'
[3.113s] INFO:colcon.colcon_core.shell:Creating environment hook '/home/yue/mujoco_ros_ws/install/mujoco_ros2_control/share/mujoco_ros2_control/hook/ld_library_path_lib.sh'
[3.113s] Level 1:colcon.colcon_core.environment:checking '/home/yue/mujoco_ros_ws/install/mujoco_ros2_control/bin'
[3.113s] Level 1:colcon.colcon_core.environment:checking '/home/yue/mujoco_ros_ws/install/mujoco_ros2_control/lib/pkgconfig/mujoco_ros2_control.pc'
[3.113s] Level 1:colcon.colcon_core.environment:checking '/home/yue/mujoco_ros_ws/install/mujoco_ros2_control/lib/python3.10/site-packages'
[3.114s] Level 1:colcon.colcon_core.environment:checking '/home/yue/mujoco_ros_ws/install/mujoco_ros2_control/bin'
[3.114s] INFO:colcon.colcon_core.shell:Creating package script '/home/yue/mujoco_ros_ws/install/mujoco_ros2_control/share/mujoco_ros2_control/package.ps1'
[3.114s] INFO:colcon.colcon_core.shell:Creating package descriptor '/home/yue/mujoco_ros_ws/install/mujoco_ros2_control/share/mujoco_ros2_control/package.dsv'
[3.114s] INFO:colcon.colcon_core.shell:Creating package script '/home/yue/mujoco_ros_ws/install/mujoco_ros2_control/share/mujoco_ros2_control/package.sh'
[3.115s] INFO:colcon.colcon_core.shell:Creating package script '/home/yue/mujoco_ros_ws/install/mujoco_ros2_control/share/mujoco_ros2_control/package.bash'
[3.115s] INFO:colcon.colcon_core.shell:Creating package script '/home/yue/mujoco_ros_ws/install/mujoco_ros2_control/share/mujoco_ros2_control/package.zsh'
[3.115s] Level 1:colcon.colcon_core.environment:create_file_with_runtime_dependencies(/home/yue/mujoco_ros_ws/install/mujoco_ros2_control/share/colcon-core/packages/mujoco_ros2_control)
[3.115s] INFO:colcon.colcon_ros.task.ament_cmake.build:Building ROS package in '/home/yue/mujoco_ros_ws/src/mujoco_ros2_control/mujoco_ros2_control_demos' with build type 'ament_cmake'
[3.115s] INFO:colcon.colcon_cmake.task.cmake.build:Building CMake package in '/home/yue/mujoco_ros_ws/src/mujoco_ros2_control/mujoco_ros2_control_demos'
[3.115s] INFO:colcon.colcon_core.shell:Skip shell extension 'powershell' for command environment: Not usable outside of PowerShell
[3.115s] DEBUG:colcon.colcon_core.shell:Skip shell extension 'dsv' for command environment
[3.122s] DEBUG:colcon.colcon_core.event_handler.log_command:Invoking command in '/home/yue/mujoco_ros_ws/build/mujoco_ros2_control_demos': AMENT_PREFIX_PATH=/home/yue/mujoco_ros_ws/install/mujoco_ros2_control:${AMENT_PREFIX_PATH} CMAKE_PREFIX_PATH=/home/yue/mujoco_ros_ws/install/mujoco_ros2_control:/opt/ros/humble LD_LIBRARY_PATH=/home/yue/mujoco_ros_ws/install/mujoco_ros2_control/lib:${LD_LIBRARY_PATH} /usr/bin/cmake --build /home/yue/mujoco_ros_ws/build/mujoco_ros2_control_demos -- -j20 -l20
[3.230s] DEBUG:colcon.colcon_core.event_handler.log_command:Invoked command in '/home/yue/mujoco_ros_ws/build/mujoco_ros2_control_demos' returned '0': AMENT_PREFIX_PATH=/home/yue/mujoco_ros_ws/install/mujoco_ros2_control:${AMENT_PREFIX_PATH} CMAKE_PREFIX_PATH=/home/yue/mujoco_ros_ws/install/mujoco_ros2_control:/opt/ros/humble LD_LIBRARY_PATH=/home/yue/mujoco_ros_ws/install/mujoco_ros2_control/lib:${LD_LIBRARY_PATH} /usr/bin/cmake --build /home/yue/mujoco_ros_ws/build/mujoco_ros2_control_demos -- -j20 -l20
[3.232s] DEBUG:colcon.colcon_core.event_handler.log_command:Invoking command in '/home/yue/mujoco_ros_ws/build/mujoco_ros2_control_demos': AMENT_PREFIX_PATH=/home/yue/mujoco_ros_ws/install/mujoco_ros2_control:${AMENT_PREFIX_PATH} CMAKE_PREFIX_PATH=/home/yue/mujoco_ros_ws/install/mujoco_ros2_control:/opt/ros/humble LD_LIBRARY_PATH=/home/yue/mujoco_ros_ws/install/mujoco_ros2_control/lib:${LD_LIBRARY_PATH} /usr/bin/cmake --install /home/yue/mujoco_ros_ws/build/mujoco_ros2_control_demos
[3.246s] Level 1:colcon.colcon_core.environment:create_environment_scripts_only(mujoco_ros2_control_demos)
[3.246s] Level 1:colcon.colcon_core.environment:checking '/home/yue/mujoco_ros_ws/install/mujoco_ros2_control_demos' for CMake module files
[3.247s] DEBUG:colcon.colcon_core.event_handler.log_command:Invoked command in '/home/yue/mujoco_ros_ws/build/mujoco_ros2_control_demos' returned '0': AMENT_PREFIX_PATH=/home/yue/mujoco_ros_ws/install/mujoco_ros2_control:${AMENT_PREFIX_PATH} CMAKE_PREFIX_PATH=/home/yue/mujoco_ros_ws/install/mujoco_ros2_control:/opt/ros/humble LD_LIBRARY_PATH=/home/yue/mujoco_ros_ws/install/mujoco_ros2_control/lib:${LD_LIBRARY_PATH} /usr/bin/cmake --install /home/yue/mujoco_ros_ws/build/mujoco_ros2_control_demos
[3.247s] Level 1:colcon.colcon_core.environment:checking '/home/yue/mujoco_ros_ws/install/mujoco_ros2_control_demos' for CMake config files
[3.247s] Level 1:colcon.colcon_core.shell:create_environment_hook('mujoco_ros2_control_demos', 'cmake_prefix_path')
[3.247s] INFO:colcon.colcon_core.shell:Creating environment hook '/home/yue/mujoco_ros_ws/install/mujoco_ros2_control_demos/share/mujoco_ros2_control_demos/hook/cmake_prefix_path.ps1'
[3.247s] INFO:colcon.colcon_core.shell:Creating environment descriptor '/home/yue/mujoco_ros_ws/install/mujoco_ros2_control_demos/share/mujoco_ros2_control_demos/hook/cmake_prefix_path.dsv'
[3.248s] INFO:colcon.colcon_core.shell:Creating environment hook '/home/yue/mujoco_ros_ws/install/mujoco_ros2_control_demos/share/mujoco_ros2_control_demos/hook/cmake_prefix_path.sh'
[3.248s] Level 1:colcon.colcon_core.environment:checking '/home/yue/mujoco_ros_ws/install/mujoco_ros2_control_demos/lib'
[3.248s] Level 1:colcon.colcon_core.environment:checking '/home/yue/mujoco_ros_ws/install/mujoco_ros2_control_demos/bin'
[3.248s] Level 1:colcon.colcon_core.environment:checking '/home/yue/mujoco_ros_ws/install/mujoco_ros2_control_demos/lib/pkgconfig/mujoco_ros2_control_demos.pc'
[3.248s] Level 1:colcon.colcon_core.environment:checking '/home/yue/mujoco_ros_ws/install/mujoco_ros2_control_demos/lib/python3.10/site-packages'
[3.248s] Level 1:colcon.colcon_core.environment:checking '/home/yue/mujoco_ros_ws/install/mujoco_ros2_control_demos/bin'
[3.248s] INFO:colcon.colcon_core.shell:Creating package script '/home/yue/mujoco_ros_ws/install/mujoco_ros2_control_demos/share/mujoco_ros2_control_demos/package.ps1'
[3.249s] INFO:colcon.colcon_core.shell:Creating package descriptor '/home/yue/mujoco_ros_ws/install/mujoco_ros2_control_demos/share/mujoco_ros2_control_demos/package.dsv'
[3.249s] INFO:colcon.colcon_core.shell:Creating package script '/home/yue/mujoco_ros_ws/install/mujoco_ros2_control_demos/share/mujoco_ros2_control_demos/package.sh'
[3.249s] INFO:colcon.colcon_core.shell:Creating package script '/home/yue/mujoco_ros_ws/install/mujoco_ros2_control_demos/share/mujoco_ros2_control_demos/package.bash'
[3.249s] INFO:colcon.colcon_core.shell:Creating package script '/home/yue/mujoco_ros_ws/install/mujoco_ros2_control_demos/share/mujoco_ros2_control_demos/package.zsh'
[3.249s] Level 1:colcon.colcon_core.environment:create_file_with_runtime_dependencies(/home/yue/mujoco_ros_ws/install/mujoco_ros2_control_demos/share/colcon-core/packages/mujoco_ros2_control_demos)
[3.250s] Level 1:colcon.colcon_core.environment:create_environment_scripts_only(mujoco_ros2_control_demos)
[3.250s] Level 1:colcon.colcon_core.environment:checking '/home/yue/mujoco_ros_ws/install/mujoco_ros2_control_demos' for CMake module files
[3.250s] Level 1:colcon.colcon_core.environment:checking '/home/yue/mujoco_ros_ws/install/mujoco_ros2_control_demos' for CMake config files
[3.250s] Level 1:colcon.colcon_core.shell:create_environment_hook('mujoco_ros2_control_demos', 'cmake_prefix_path')
[3.250s] INFO:colcon.colcon_core.shell:Creating environment hook '/home/yue/mujoco_ros_ws/install/mujoco_ros2_control_demos/share/mujoco_ros2_control_demos/hook/cmake_prefix_path.ps1'
[3.250s] INFO:colcon.colcon_core.shell:Creating environment descriptor '/home/yue/mujoco_ros_ws/install/mujoco_ros2_control_demos/share/mujoco_ros2_control_demos/hook/cmake_prefix_path.dsv'
[3.251s] INFO:colcon.colcon_core.shell:Creating environment hook '/home/yue/mujoco_ros_ws/install/mujoco_ros2_control_demos/share/mujoco_ros2_control_demos/hook/cmake_prefix_path.sh'
[3.251s] Level 1:colcon.colcon_core.environment:checking '/home/yue/mujoco_ros_ws/install/mujoco_ros2_control_demos/lib'
[3.251s] Level 1:colcon.colcon_core.environment:checking '/home/yue/mujoco_ros_ws/install/mujoco_ros2_control_demos/bin'
[3.251s] Level 1:colcon.colcon_core.environment:checking '/home/yue/mujoco_ros_ws/install/mujoco_ros2_control_demos/lib/pkgconfig/mujoco_ros2_control_demos.pc'
[3.251s] Level 1:colcon.colcon_core.environment:checking '/home/yue/mujoco_ros_ws/install/mujoco_ros2_control_demos/lib/python3.10/site-packages'
[3.251s] Level 1:colcon.colcon_core.environment:checking '/home/yue/mujoco_ros_ws/install/mujoco_ros2_control_demos/bin'
[3.251s] INFO:colcon.colcon_core.shell:Creating package script '/home/yue/mujoco_ros_ws/install/mujoco_ros2_control_demos/share/mujoco_ros2_control_demos/package.ps1'
[3.252s] INFO:colcon.colcon_core.shell:Creating package descriptor '/home/yue/mujoco_ros_ws/install/mujoco_ros2_control_demos/share/mujoco_ros2_control_demos/package.dsv'
[3.252s] INFO:colcon.colcon_core.shell:Creating package script '/home/yue/mujoco_ros_ws/install/mujoco_ros2_control_demos/share/mujoco_ros2_control_demos/package.sh'
[3.252s] INFO:colcon.colcon_core.shell:Creating package script '/home/yue/mujoco_ros_ws/install/mujoco_ros2_control_demos/share/mujoco_ros2_control_demos/package.bash'
[3.252s] INFO:colcon.colcon_core.shell:Creating package script '/home/yue/mujoco_ros_ws/install/mujoco_ros2_control_demos/share/mujoco_ros2_control_demos/package.zsh'
[3.253s] Level 1:colcon.colcon_core.environment:create_file_with_runtime_dependencies(/home/yue/mujoco_ros_ws/install/mujoco_ros2_control_demos/share/colcon-core/packages/mujoco_ros2_control_demos)
[3.253s] DEBUG:colcon.colcon_parallel_executor.executor.parallel:closing loop
[3.253s] DEBUG:colcon.colcon_parallel_executor.executor.parallel:loop closed
[3.253s] DEBUG:colcon.colcon_parallel_executor.executor.parallel:run_until_complete finished with '0'
[3.253s] DEBUG:colcon.colcon_core.event_reactor:joining thread
[3.257s] INFO:colcon.colcon_core.plugin_system:Skipping extension 'colcon_notification.desktop_notification.terminal_notifier': Not used on non-Darwin systems
[3.257s] INFO:colcon.colcon_core.plugin_system:Skipping extension 'colcon_notification.desktop_notification.win32': Not used on non-Windows systems
[3.257s] INFO:colcon.colcon_notification.desktop_notification:Sending desktop notification using 'notify2'
[3.269s] DEBUG:colcon.colcon_core.event_reactor:joined thread
[3.269s] INFO:colcon.colcon_core.shell:Creating prefix script '/home/yue/mujoco_ros_ws/install/local_setup.ps1'
[3.270s] INFO:colcon.colcon_core.shell:Creating prefix util module '/home/yue/mujoco_ros_ws/install/_local_setup_util_ps1.py'
[3.271s] INFO:colcon.colcon_core.shell:Creating prefix chain script '/home/yue/mujoco_ros_ws/install/setup.ps1'
[3.272s] INFO:colcon.colcon_core.shell:Creating prefix script '/home/yue/mujoco_ros_ws/install/local_setup.sh'
[3.272s] INFO:colcon.colcon_core.shell:Creating prefix util module '/home/yue/mujoco_ros_ws/install/_local_setup_util_sh.py'
[3.273s] INFO:colcon.colcon_core.shell:Creating prefix chain script '/home/yue/mujoco_ros_ws/install/setup.sh'
[3.276s] INFO:colcon.colcon_core.shell:Creating prefix script '/home/yue/mujoco_ros_ws/install/local_setup.bash'
[3.280s] INFO:colcon.colcon_core.shell:Creating prefix chain script '/home/yue/mujoco_ros_ws/install/setup.bash'
[3.286s] INFO:colcon.colcon_core.shell:Creating prefix script '/home/yue/mujoco_ros_ws/install/local_setup.zsh'
[3.293s] INFO:colcon.colcon_core.shell:Creating prefix chain script '/home/yue/mujoco_ros_ws/install/setup.zsh'
