[0.053s] Invoking command in '/home/yue/mujoco_ros_ws/build/mujoco_ros2_control': CMAKE_PREFIX_PATH=/opt/ros/humble /usr/bin/cmake --build /home/yue/mujoco_ros_ws/build/mujoco_ros2_control -- -j20 -l20
[0.277s] [ 28%] Built target mujoco_system_plugins
[0.277s] [100%] Built target mujoco_ros2_control
[0.288s] Invoked command in '/home/yue/mujoco_ros_ws/build/mujoco_ros2_control' returned '0': CMAKE_PREFIX_PATH=/opt/ros/humble /usr/bin/cmake --build /home/yue/mujoco_ros_ws/build/mujoco_ros2_control -- -j20 -l20
[0.289s] Invoking command in '/home/yue/mujoco_ros_ws/build/mujoco_ros2_control': CMAKE_PREFIX_PATH=/opt/ros/humble /usr/bin/cmake --install /home/yue/mujoco_ros_ws/build/mujoco_ros2_control
[0.294s] -- Install configuration: ""
[0.295s] -- Up-to-date: /home/yue/mujoco_ros_ws/install/mujoco_ros2_control/lib/libmujoco_system_plugins.so
[0.296s] -- Up-to-date: /home/yue/mujoco_ros_ws/install/mujoco_ros2_control/lib/mujoco_ros2_control/mujoco_ros2_control
[0.296s] -- Up-to-date: /home/yue/mujoco_ros_ws/install/mujoco_ros2_control/share/mujoco_ros2_control/mujoco_system_plugins.xml
[0.296s] -- Up-to-date: /home/yue/mujoco_ros_ws/install/mujoco_ros2_control/share/ament_index/resource_index/package_run_dependencies/mujoco_ros2_control
[0.296s] -- Up-to-date: /home/yue/mujoco_ros_ws/install/mujoco_ros2_control/share/ament_index/resource_index/parent_prefix_path/mujoco_ros2_control
[0.297s] -- Up-to-date: /home/yue/mujoco_ros_ws/install/mujoco_ros2_control/share/mujoco_ros2_control/environment/ament_prefix_path.sh
[0.297s] -- Up-to-date: /home/yue/mujoco_ros_ws/install/mujoco_ros2_control/share/mujoco_ros2_control/environment/ament_prefix_path.dsv
[0.297s] -- Up-to-date: /home/yue/mujoco_ros_ws/install/mujoco_ros2_control/share/mujoco_ros2_control/environment/path.sh
[0.297s] -- Up-to-date: /home/yue/mujoco_ros_ws/install/mujoco_ros2_control/share/mujoco_ros2_control/environment/path.dsv
[0.297s] -- Up-to-date: /home/yue/mujoco_ros_ws/install/mujoco_ros2_control/share/mujoco_ros2_control/local_setup.bash
[0.297s] -- Up-to-date: /home/yue/mujoco_ros_ws/install/mujoco_ros2_control/share/mujoco_ros2_control/local_setup.sh
[0.297s] -- Up-to-date: /home/yue/mujoco_ros_ws/install/mujoco_ros2_control/share/mujoco_ros2_control/local_setup.zsh
[0.297s] -- Up-to-date: /home/yue/mujoco_ros_ws/install/mujoco_ros2_control/share/mujoco_ros2_control/local_setup.dsv
[0.297s] -- Installing: /home/yue/mujoco_ros_ws/install/mujoco_ros2_control/share/mujoco_ros2_control/package.dsv
[0.297s] -- Up-to-date: /home/yue/mujoco_ros_ws/install/mujoco_ros2_control/share/ament_index/resource_index/packages/mujoco_ros2_control
[0.297s] -- Up-to-date: /home/yue/mujoco_ros_ws/install/mujoco_ros2_control/share/ament_index/resource_index/mujoco_ros2_control__pluginlib__plugin/mujoco_ros2_control
[0.297s] -- Up-to-date: /home/yue/mujoco_ros_ws/install/mujoco_ros2_control/share/mujoco_ros2_control/cmake/mujoco_ros2_controlConfig.cmake
[0.297s] -- Up-to-date: /home/yue/mujoco_ros_ws/install/mujoco_ros2_control/share/mujoco_ros2_control/cmake/mujoco_ros2_controlConfig-version.cmake
[0.297s] -- Up-to-date: /home/yue/mujoco_ros_ws/install/mujoco_ros2_control/share/mujoco_ros2_control/package.xml
[0.299s] Invoked command in '/home/yue/mujoco_ros_ws/build/mujoco_ros2_control' returned '0': CMAKE_PREFIX_PATH=/opt/ros/humble /usr/bin/cmake --install /home/yue/mujoco_ros_ws/build/mujoco_ros2_control
