[0.006s] Invoking command in '/home/yue/mujoco_ros_ws/build/mujoco_ros2_control_demos': AMENT_PREFIX_PATH=/home/yue/mujoco_ros_ws/install/mujoco_ros2_control:${AMENT_PREFIX_PATH} CMAKE_PREFIX_PATH=/home/yue/mujoco_ros_ws/install/mujoco_ros2_control:/opt/ros/humble LD_LIBRARY_PATH=/home/yue/mujoco_ros_ws/install/mujoco_ros2_control/lib:${LD_LIBRARY_PATH} /usr/bin/cmake --build /home/yue/mujoco_ros_ws/build/mujoco_ros2_control_demos -- -j20 -l20
[0.077s] [35m[1mConsolidate compiler generated dependencies of target example_tricycle_drive[0m
[0.078s] [35m[1mConsolidate compiler generated dependencies of target example_camera[0m
[0.078s] [35m[1mConsolidate compiler generated dependencies of target example_velocity[0m
[0.078s] [35m[1mConsolidate compiler generated dependencies of target example_gripper[0m
[0.078s] [35m[1mConsolidate compiler generated dependencies of target example_position[0m
[0.080s] [35m[1mConsolidate compiler generated dependencies of target example_diff_drive[0m
[0.082s] [35m[1mConsolidate compiler generated dependencies of target example_effort[0m
[0.099s] [ 14%] Built target example_camera
[0.100s] [ 28%] Built target example_velocity
[0.102s] [ 42%] Built target example_gripper
[0.103s] [ 57%] Built target example_tricycle_drive
[0.103s] [ 71%] Built target example_effort
[0.105s] [ 85%] Built target example_diff_drive
[0.105s] [100%] Built target example_position
[0.114s] Invoked command in '/home/yue/mujoco_ros_ws/build/mujoco_ros2_control_demos' returned '0': AMENT_PREFIX_PATH=/home/yue/mujoco_ros_ws/install/mujoco_ros2_control:${AMENT_PREFIX_PATH} CMAKE_PREFIX_PATH=/home/yue/mujoco_ros_ws/install/mujoco_ros2_control:/opt/ros/humble LD_LIBRARY_PATH=/home/yue/mujoco_ros_ws/install/mujoco_ros2_control/lib:${LD_LIBRARY_PATH} /usr/bin/cmake --build /home/yue/mujoco_ros_ws/build/mujoco_ros2_control_demos -- -j20 -l20
[0.116s] Invoking command in '/home/yue/mujoco_ros_ws/build/mujoco_ros2_control_demos': AMENT_PREFIX_PATH=/home/yue/mujoco_ros_ws/install/mujoco_ros2_control:${AMENT_PREFIX_PATH} CMAKE_PREFIX_PATH=/home/yue/mujoco_ros_ws/install/mujoco_ros2_control:/opt/ros/humble LD_LIBRARY_PATH=/home/yue/mujoco_ros_ws/install/mujoco_ros2_control/lib:${LD_LIBRARY_PATH} /usr/bin/cmake --install /home/yue/mujoco_ros_ws/build/mujoco_ros2_control_demos
[0.122s] -- Install configuration: ""
[0.122s] -- Up-to-date: /home/yue/mujoco_ros_ws/install/mujoco_ros2_control_demos/share/mujoco_ros2_control_demos//launch
[0.122s] -- Up-to-date: /home/yue/mujoco_ros_ws/install/mujoco_ros2_control_demos/share/mujoco_ros2_control_demos//launch/tricycle_drive.launch.py
[0.122s] -- Up-to-date: /home/yue/mujoco_ros_ws/install/mujoco_ros2_control_demos/share/mujoco_ros2_control_demos//launch/cart_example_velocity.launch.py
[0.123s] -- Up-to-date: /home/yue/mujoco_ros_ws/install/mujoco_ros2_control_demos/share/mujoco_ros2_control_demos//launch/vertical_cart_example_position_pid.launch.py
[0.123s] -- Up-to-date: /home/yue/mujoco_ros_ws/install/mujoco_ros2_control_demos/share/mujoco_ros2_control_demos//launch/gripper_mimic_joint_example.launch.py
[0.123s] -- Up-to-date: /home/yue/mujoco_ros_ws/install/mujoco_ros2_control_demos/share/mujoco_ros2_control_demos//launch/camera_demo.rviz
[0.123s] -- Up-to-date: /home/yue/mujoco_ros_ws/install/mujoco_ros2_control_demos/share/mujoco_ros2_control_demos//launch/ft_sensor_example.launch.py
[0.123s] -- Up-to-date: /home/yue/mujoco_ros_ws/install/mujoco_ros2_control_demos/share/mujoco_ros2_control_demos//launch/cart_example_effort.launch.py
[0.123s] -- Up-to-date: /home/yue/mujoco_ros_ws/install/mujoco_ros2_control_demos/share/mujoco_ros2_control_demos//launch/diff_drive.launch.py
[0.123s] -- Up-to-date: /home/yue/mujoco_ros_ws/install/mujoco_ros2_control_demos/share/mujoco_ros2_control_demos//launch/toe_arm_launch.py
[0.123s] -- Up-to-date: /home/yue/mujoco_ros_ws/install/mujoco_ros2_control_demos/share/mujoco_ros2_control_demos//launch/vertical_cart_example_velocity.launch.py
[0.123s] -- Up-to-date: /home/yue/mujoco_ros_ws/install/mujoco_ros2_control_demos/share/mujoco_ros2_control_demos//launch/camera_example.launch.py
[0.123s] -- Up-to-date: /home/yue/mujoco_ros_ws/install/mujoco_ros2_control_demos/share/mujoco_ros2_control_demos//launch/cart_example_position.launch.py
[0.123s] -- Up-to-date: /home/yue/mujoco_ros_ws/install/mujoco_ros2_control_demos/share/mujoco_ros2_control_demos//config
[0.123s] -- Up-to-date: /home/yue/mujoco_ros_ws/install/mujoco_ros2_control_demos/share/mujoco_ros2_control_demos//config/cartpole_controller_effort.yaml
[0.123s] -- Up-to-date: /home/yue/mujoco_ros_ws/install/mujoco_ros2_control_demos/share/mujoco_ros2_control_demos//config/cartpole_controller_velocity.yaml
[0.124s] -- Up-to-date: /home/yue/mujoco_ros_ws/install/mujoco_ros2_control_demos/share/mujoco_ros2_control_demos//config/tricycle_drive_controller.yaml
[0.124s] -- Up-to-date: /home/yue/mujoco_ros_ws/install/mujoco_ros2_control_demos/share/mujoco_ros2_control_demos//config/cartpole_controller_position.yaml
[0.124s] -- Up-to-date: /home/yue/mujoco_ros_ws/install/mujoco_ros2_control_demos/share/mujoco_ros2_control_demos//config/gripper_controller.yaml
[0.124s] -- Up-to-date: /home/yue/mujoco_ros_ws/install/mujoco_ros2_control_demos/share/mujoco_ros2_control_demos//config/camera_controller_position.yaml
[0.124s] -- Up-to-date: /home/yue/mujoco_ros_ws/install/mujoco_ros2_control_demos/share/mujoco_ros2_control_demos//config/toe_arm.yaml
[0.124s] -- Up-to-date: /home/yue/mujoco_ros_ws/install/mujoco_ros2_control_demos/share/mujoco_ros2_control_demos//config/ft_broadcaster.yaml
[0.124s] -- Up-to-date: /home/yue/mujoco_ros_ws/install/mujoco_ros2_control_demos/share/mujoco_ros2_control_demos//config/diff_drive_controller.yaml
[0.124s] -- Up-to-date: /home/yue/mujoco_ros_ws/install/mujoco_ros2_control_demos/share/mujoco_ros2_control_demos//urdf
[0.124s] -- Up-to-date: /home/yue/mujoco_ros_ws/install/mujoco_ros2_control_demos/share/mujoco_ros2_control_demos//urdf/arm0.urdf
[0.124s] -- Up-to-date: /home/yue/mujoco_ros_ws/install/mujoco_ros2_control_demos/share/mujoco_ros2_control_demos//urdf/test_vertical_cart_velocity_pid.xacro.urdf
[0.124s] -- Up-to-date: /home/yue/mujoco_ros_ws/install/mujoco_ros2_control_demos/share/mujoco_ros2_control_demos//urdf/test_camera.xacro.urdf
[0.124s] -- Up-to-date: /home/yue/mujoco_ros_ws/install/mujoco_ros2_control_demos/share/mujoco_ros2_control_demos//urdf/test_cart_velocity.xacro.urdf
[0.124s] -- Up-to-date: /home/yue/mujoco_ros_ws/install/mujoco_ros2_control_demos/share/mujoco_ros2_control_demos//urdf/test_ft_sensor.xacro.urdf
[0.124s] -- Up-to-date: /home/yue/mujoco_ros_ws/install/mujoco_ros2_control_demos/share/mujoco_ros2_control_demos//urdf/test_tricycle_drive.xacro.urdf
[0.124s] -- Up-to-date: /home/yue/mujoco_ros_ws/install/mujoco_ros2_control_demos/share/mujoco_ros2_control_demos//urdf/test_cart_position.xacro.urdf
[0.124s] -- Up-to-date: /home/yue/mujoco_ros_ws/install/mujoco_ros2_control_demos/share/mujoco_ros2_control_demos//urdf/test_gripper_mimic_joint.xacro.urdf
[0.124s] -- Up-to-date: /home/yue/mujoco_ros_ws/install/mujoco_ros2_control_demos/share/mujoco_ros2_control_demos//urdf/test_vertical_cart_position_pid.xacro.urdf
[0.124s] -- Up-to-date: /home/yue/mujoco_ros_ws/install/mujoco_ros2_control_demos/share/mujoco_ros2_control_demos//urdf/meshes
[0.125s] -- Up-to-date: /home/yue/mujoco_ros_ws/install/mujoco_ros2_control_demos/share/mujoco_ros2_control_demos//urdf/meshes/Link4.STL
[0.125s] -- Up-to-date: /home/yue/mujoco_ros_ws/install/mujoco_ros2_control_demos/share/mujoco_ros2_control_demos//urdf/meshes/Link3.STL
[0.125s] -- Up-to-date: /home/yue/mujoco_ros_ws/install/mujoco_ros2_control_demos/share/mujoco_ros2_control_demos//urdf/meshes/Link5.STL
[0.125s] -- Up-to-date: /home/yue/mujoco_ros_ws/install/mujoco_ros2_control_demos/share/mujoco_ros2_control_demos//urdf/meshes/Link2.STL
[0.125s] -- Up-to-date: /home/yue/mujoco_ros_ws/install/mujoco_ros2_control_demos/share/mujoco_ros2_control_demos//urdf/meshes/Link6.STL
[0.125s] -- Up-to-date: /home/yue/mujoco_ros_ws/install/mujoco_ros2_control_demos/share/mujoco_ros2_control_demos//urdf/meshes/base_link.STL
[0.125s] -- Up-to-date: /home/yue/mujoco_ros_ws/install/mujoco_ros2_control_demos/share/mujoco_ros2_control_demos//urdf/meshes/Link1.STL
[0.125s] -- Up-to-date: /home/yue/mujoco_ros_ws/install/mujoco_ros2_control_demos/share/mujoco_ros2_control_demos//urdf/test_diff_drive.xacro.urdf
[0.125s] -- Up-to-date: /home/yue/mujoco_ros_ws/install/mujoco_ros2_control_demos/share/mujoco_ros2_control_demos//urdf/test_cart_effort.xacro.urdf
[0.125s] -- Up-to-date: /home/yue/mujoco_ros_ws/install/mujoco_ros2_control_demos/share/mujoco_ros2_control_demos//scripts
[0.125s] -- Up-to-date: /home/yue/mujoco_ros_ws/install/mujoco_ros2_control_demos/share/mujoco_ros2_control_demos//scripts/manual_control.py
[0.125s] -- Up-to-date: /home/yue/mujoco_ros_ws/install/mujoco_ros2_control_demos/share/mujoco_ros2_control_demos//scripts/test_arm.py
[0.125s] -- Up-to-date: /home/yue/mujoco_ros_ws/install/mujoco_ros2_control_demos/share/mujoco_ros2_control_demos//meshes
[0.125s] -- Up-to-date: /home/yue/mujoco_ros_ws/install/mujoco_ros2_control_demos/share/mujoco_ros2_control_demos//meshes/Link4.STL
[0.125s] -- Up-to-date: /home/yue/mujoco_ros_ws/install/mujoco_ros2_control_demos/share/mujoco_ros2_control_demos//meshes/Link3.STL
[0.125s] -- Up-to-date: /home/yue/mujoco_ros_ws/install/mujoco_ros2_control_demos/share/mujoco_ros2_control_demos//meshes/Link5.STL
[0.125s] -- Up-to-date: /home/yue/mujoco_ros_ws/install/mujoco_ros2_control_demos/share/mujoco_ros2_control_demos//meshes/Link2.STL
[0.126s] -- Up-to-date: /home/yue/mujoco_ros_ws/install/mujoco_ros2_control_demos/share/mujoco_ros2_control_demos//meshes/Link6.STL
[0.126s] -- Up-to-date: /home/yue/mujoco_ros_ws/install/mujoco_ros2_control_demos/share/mujoco_ros2_control_demos//meshes/base_link.STL
[0.126s] -- Up-to-date: /home/yue/mujoco_ros_ws/install/mujoco_ros2_control_demos/share/mujoco_ros2_control_demos//meshes/Link1.STL
[0.126s] -- Up-to-date: /home/yue/mujoco_ros_ws/install/mujoco_ros2_control_demos/share/mujoco_ros2_control_demos//mujoco_models
[0.126s] -- Up-to-date: /home/yue/mujoco_ros_ws/install/mujoco_ros2_control_demos/share/mujoco_ros2_control_demos//mujoco_models/test_gripper_mimic_joint.xml
[0.126s] -- Up-to-date: /home/yue/mujoco_ros_ws/install/mujoco_ros2_control_demos/share/mujoco_ros2_control_demos//mujoco_models/test_ft_sensor.xml
[0.126s] -- Up-to-date: /home/yue/mujoco_ros_ws/install/mujoco_ros2_control_demos/share/mujoco_ros2_control_demos//mujoco_models/test_diff_drive.xml
[0.126s] -- Up-to-date: /home/yue/mujoco_ros_ws/install/mujoco_ros2_control_demos/share/mujoco_ros2_control_demos//mujoco_models/test_camera.xml
[0.126s] -- Up-to-date: /home/yue/mujoco_ros_ws/install/mujoco_ros2_control_demos/share/mujoco_ros2_control_demos//mujoco_models/test_vertical_cart.xml
[0.126s] -- Up-to-date: /home/yue/mujoco_ros_ws/install/mujoco_ros2_control_demos/share/mujoco_ros2_control_demos//mujoco_models/toe_arm.xml
[0.126s] -- Up-to-date: /home/yue/mujoco_ros_ws/install/mujoco_ros2_control_demos/share/mujoco_ros2_control_demos//mujoco_models/test_cart.xml
[0.126s] -- Up-to-date: /home/yue/mujoco_ros_ws/install/mujoco_ros2_control_demos/share/mujoco_ros2_control_demos//mujoco_models/test_tricycle_drive.xml
[0.126s] -- Up-to-date: /home/yue/mujoco_ros_ws/install/mujoco_ros2_control_demos/lib/mujoco_ros2_control_demos/test_arm.py
[0.126s] -- Up-to-date: /home/yue/mujoco_ros_ws/install/mujoco_ros2_control_demos/lib/mujoco_ros2_control_demos/manual_control.py
[0.126s] -- Up-to-date: /home/yue/mujoco_ros_ws/install/mujoco_ros2_control_demos/lib/mujoco_ros2_control_demos/toe_arm_launch.py
[0.126s] -- Up-to-date: /home/yue/mujoco_ros_ws/install/mujoco_ros2_control_demos/lib/mujoco_ros2_control_demos/example_position
[0.126s] -- Up-to-date: /home/yue/mujoco_ros_ws/install/mujoco_ros2_control_demos/lib/mujoco_ros2_control_demos/example_velocity
[0.127s] -- Up-to-date: /home/yue/mujoco_ros_ws/install/mujoco_ros2_control_demos/lib/mujoco_ros2_control_demos/example_effort
[0.127s] -- Up-to-date: /home/yue/mujoco_ros_ws/install/mujoco_ros2_control_demos/lib/mujoco_ros2_control_demos/example_diff_drive
[0.127s] -- Up-to-date: /home/yue/mujoco_ros_ws/install/mujoco_ros2_control_demos/lib/mujoco_ros2_control_demos/example_tricycle_drive
[0.127s] -- Up-to-date: /home/yue/mujoco_ros_ws/install/mujoco_ros2_control_demos/lib/mujoco_ros2_control_demos/example_gripper
[0.128s] -- Up-to-date: /home/yue/mujoco_ros_ws/install/mujoco_ros2_control_demos/lib/mujoco_ros2_control_demos/example_camera
[0.128s] -- Up-to-date: /home/yue/mujoco_ros_ws/install/mujoco_ros2_control_demos/share/ament_index/resource_index/package_run_dependencies/mujoco_ros2_control_demos
[0.128s] -- Up-to-date: /home/yue/mujoco_ros_ws/install/mujoco_ros2_control_demos/share/ament_index/resource_index/parent_prefix_path/mujoco_ros2_control_demos
[0.128s] -- Up-to-date: /home/yue/mujoco_ros_ws/install/mujoco_ros2_control_demos/share/mujoco_ros2_control_demos/environment/ament_prefix_path.sh
[0.128s] -- Up-to-date: /home/yue/mujoco_ros_ws/install/mujoco_ros2_control_demos/share/mujoco_ros2_control_demos/environment/ament_prefix_path.dsv
[0.128s] -- Up-to-date: /home/yue/mujoco_ros_ws/install/mujoco_ros2_control_demos/share/mujoco_ros2_control_demos/environment/path.sh
[0.128s] -- Up-to-date: /home/yue/mujoco_ros_ws/install/mujoco_ros2_control_demos/share/mujoco_ros2_control_demos/environment/path.dsv
[0.129s] -- Up-to-date: /home/yue/mujoco_ros_ws/install/mujoco_ros2_control_demos/share/mujoco_ros2_control_demos/local_setup.bash
[0.129s] -- Up-to-date: /home/yue/mujoco_ros_ws/install/mujoco_ros2_control_demos/share/mujoco_ros2_control_demos/local_setup.sh
[0.129s] -- Up-to-date: /home/yue/mujoco_ros_ws/install/mujoco_ros2_control_demos/share/mujoco_ros2_control_demos/local_setup.zsh
[0.129s] -- Up-to-date: /home/yue/mujoco_ros_ws/install/mujoco_ros2_control_demos/share/mujoco_ros2_control_demos/local_setup.dsv
[0.129s] -- Installing: /home/yue/mujoco_ros_ws/install/mujoco_ros2_control_demos/share/mujoco_ros2_control_demos/package.dsv
[0.129s] -- Up-to-date: /home/yue/mujoco_ros_ws/install/mujoco_ros2_control_demos/share/ament_index/resource_index/packages/mujoco_ros2_control_demos
[0.129s] -- Up-to-date: /home/yue/mujoco_ros_ws/install/mujoco_ros2_control_demos/share/mujoco_ros2_control_demos/cmake/mujoco_ros2_control_demosConfig.cmake
[0.129s] -- Up-to-date: /home/yue/mujoco_ros_ws/install/mujoco_ros2_control_demos/share/mujoco_ros2_control_demos/cmake/mujoco_ros2_control_demosConfig-version.cmake
[0.129s] -- Up-to-date: /home/yue/mujoco_ros_ws/install/mujoco_ros2_control_demos/share/mujoco_ros2_control_demos/package.xml
[0.131s] Invoked command in '/home/yue/mujoco_ros_ws/build/mujoco_ros2_control_demos' returned '0': AMENT_PREFIX_PATH=/home/yue/mujoco_ros_ws/install/mujoco_ros2_control:${AMENT_PREFIX_PATH} CMAKE_PREFIX_PATH=/home/yue/mujoco_ros_ws/install/mujoco_ros2_control:/opt/ros/humble LD_LIBRARY_PATH=/home/yue/mujoco_ros_ws/install/mujoco_ros2_control/lib:${LD_LIBRARY_PATH} /usr/bin/cmake --install /home/yue/mujoco_ros_ws/build/mujoco_ros2_control_demos
