-- Install configuration: ""
-- Up-to-date: /home/yue/mujoco_ros_ws/install/toe_arm2/share/ament_index/resource_index/package_run_dependencies/toe_arm2
-- Up-to-date: /home/yue/mujoco_ros_ws/install/toe_arm2/share/ament_index/resource_index/parent_prefix_path/toe_arm2
-- Up-to-date: /home/yue/mujoco_ros_ws/install/toe_arm2/share/toe_arm2/environment/ament_prefix_path.sh
-- Up-to-date: /home/yue/mujoco_ros_ws/install/toe_arm2/share/toe_arm2/environment/ament_prefix_path.dsv
-- Up-to-date: /home/yue/mujoco_ros_ws/install/toe_arm2/share/toe_arm2/environment/path.sh
-- Up-to-date: /home/yue/mujoco_ros_ws/install/toe_arm2/share/toe_arm2/environment/path.dsv
-- Up-to-date: /home/yue/mujoco_ros_ws/install/toe_arm2/share/toe_arm2/local_setup.bash
-- Up-to-date: /home/yue/mujoco_ros_ws/install/toe_arm2/share/toe_arm2/local_setup.sh
-- Up-to-date: /home/yue/mujoco_ros_ws/install/toe_arm2/share/toe_arm2/local_setup.zsh
-- Up-to-date: /home/yue/mujoco_ros_ws/install/toe_arm2/share/toe_arm2/local_setup.dsv
-- Up-to-date: /home/yue/mujoco_ros_ws/install/toe_arm2/share/toe_arm2/package.dsv
-- Up-to-date: /home/yue/mujoco_ros_ws/install/toe_arm2/share/ament_index/resource_index/packages/toe_arm2
-- Up-to-date: /home/yue/mujoco_ros_ws/install/toe_arm2/share/toe_arm2/cmake/toe_arm2Config.cmake
-- Up-to-date: /home/yue/mujoco_ros_ws/install/toe_arm2/share/toe_arm2/cmake/toe_arm2Config-version.cmake
-- Up-to-date: /home/yue/mujoco_ros_ws/install/toe_arm2/share/toe_arm2/package.xml
-- Up-to-date: /home/yue/mujoco_ros_ws/install/toe_arm2/share/toe_arm2/launch
-- Up-to-date: /home/yue/mujoco_ros_ws/install/toe_arm2/share/toe_arm2/launch/mujoco_moveit.launch.py
-- Up-to-date: /home/yue/mujoco_ros_ws/install/toe_arm2/share/toe_arm2/launch/move_group.launch.py
-- Up-to-date: /home/yue/mujoco_ros_ws/install/toe_arm2/share/toe_arm2/launch/spawn_controllers.launch.py
-- Up-to-date: /home/yue/mujoco_ros_ws/install/toe_arm2/share/toe_arm2/launch/moveit_rviz.launch.py
-- Up-to-date: /home/yue/mujoco_ros_ws/install/toe_arm2/share/toe_arm2/launch/setup_assistant.launch.py
-- Up-to-date: /home/yue/mujoco_ros_ws/install/toe_arm2/share/toe_arm2/launch/rsp.launch.py
-- Up-to-date: /home/yue/mujoco_ros_ws/install/toe_arm2/share/toe_arm2/launch/__pycache__
-- Up-to-date: /home/yue/mujoco_ros_ws/install/toe_arm2/share/toe_arm2/launch/__pycache__/gazebo_simulation.launch.cpython-37.pyc
-- Up-to-date: /home/yue/mujoco_ros_ws/install/toe_arm2/share/toe_arm2/launch/static_virtual_joint_tfs.launch.py
-- Up-to-date: /home/yue/mujoco_ros_ws/install/toe_arm2/share/toe_arm2/launch/warehouse_db.launch.py
-- Up-to-date: /home/yue/mujoco_ros_ws/install/toe_arm2/share/toe_arm2/launch/demo.launch.py
-- Up-to-date: /home/yue/mujoco_ros_ws/install/toe_arm2/share/toe_arm2/urdf
-- Up-to-date: /home/yue/mujoco_ros_ws/install/toe_arm2/share/toe_arm2/urdf/arm0.urdf
-- Up-to-date: /home/yue/mujoco_ros_ws/install/toe_arm2/share/toe_arm2/urdf/arm.urdf.xacro
-- Up-to-date: /home/yue/mujoco_ros_ws/install/toe_arm2/share/toe_arm2/urdf/meshes
-- Up-to-date: /home/yue/mujoco_ros_ws/install/toe_arm2/share/toe_arm2/urdf/meshes/Link4.STL
-- Up-to-date: /home/yue/mujoco_ros_ws/install/toe_arm2/share/toe_arm2/urdf/meshes/Link3.STL
-- Up-to-date: /home/yue/mujoco_ros_ws/install/toe_arm2/share/toe_arm2/urdf/meshes/Link5.STL
-- Up-to-date: /home/yue/mujoco_ros_ws/install/toe_arm2/share/toe_arm2/urdf/meshes/Link2.STL
-- Up-to-date: /home/yue/mujoco_ros_ws/install/toe_arm2/share/toe_arm2/urdf/meshes/Link6.STL
-- Up-to-date: /home/yue/mujoco_ros_ws/install/toe_arm2/share/toe_arm2/urdf/meshes/base_link.STL
-- Up-to-date: /home/yue/mujoco_ros_ws/install/toe_arm2/share/toe_arm2/urdf/meshes/Link1.STL
-- Up-to-date: /home/yue/mujoco_ros_ws/install/toe_arm2/share/toe_arm2/config
-- Up-to-date: /home/yue/mujoco_ros_ws/install/toe_arm2/share/toe_arm2/config/ros2_controllers.yaml
-- Up-to-date: /home/yue/mujoco_ros_ws/install/toe_arm2/share/toe_arm2/config/initial_positions.yaml
-- Up-to-date: /home/yue/mujoco_ros_ws/install/toe_arm2/share/toe_arm2/config/pilz_cartesian_limits.yaml
-- Up-to-date: /home/yue/mujoco_ros_ws/install/toe_arm2/share/toe_arm2/config/moveit_controllers.yaml
-- Up-to-date: /home/yue/mujoco_ros_ws/install/toe_arm2/share/toe_arm2/config/arm.ros2_control.xacro
-- Up-to-date: /home/yue/mujoco_ros_ws/install/toe_arm2/share/toe_arm2/config/kinematics.yaml
-- Up-to-date: /home/yue/mujoco_ros_ws/install/toe_arm2/share/toe_arm2/config/moveit.rviz
-- Up-to-date: /home/yue/mujoco_ros_ws/install/toe_arm2/share/toe_arm2/config/arm.urdf.xacro
-- Up-to-date: /home/yue/mujoco_ros_ws/install/toe_arm2/share/toe_arm2/config/controller.yaml
-- Up-to-date: /home/yue/mujoco_ros_ws/install/toe_arm2/share/toe_arm2/config/arm.srdf
-- Up-to-date: /home/yue/mujoco_ros_ws/install/toe_arm2/share/toe_arm2/config/joint_limits.yaml
-- Up-to-date: /home/yue/mujoco_ros_ws/install/toe_arm2/share/toe_arm2/launch
-- Up-to-date: /home/yue/mujoco_ros_ws/install/toe_arm2/share/toe_arm2/launch/mujoco_moveit.launch.py
-- Up-to-date: /home/yue/mujoco_ros_ws/install/toe_arm2/share/toe_arm2/launch/move_group.launch.py
-- Up-to-date: /home/yue/mujoco_ros_ws/install/toe_arm2/share/toe_arm2/launch/spawn_controllers.launch.py
-- Up-to-date: /home/yue/mujoco_ros_ws/install/toe_arm2/share/toe_arm2/launch/moveit_rviz.launch.py
-- Up-to-date: /home/yue/mujoco_ros_ws/install/toe_arm2/share/toe_arm2/launch/setup_assistant.launch.py
-- Up-to-date: /home/yue/mujoco_ros_ws/install/toe_arm2/share/toe_arm2/launch/rsp.launch.py
-- Up-to-date: /home/yue/mujoco_ros_ws/install/toe_arm2/share/toe_arm2/launch/__pycache__
-- Up-to-date: /home/yue/mujoco_ros_ws/install/toe_arm2/share/toe_arm2/launch/__pycache__/gazebo_simulation.launch.cpython-37.pyc
-- Up-to-date: /home/yue/mujoco_ros_ws/install/toe_arm2/share/toe_arm2/launch/static_virtual_joint_tfs.launch.py
-- Up-to-date: /home/yue/mujoco_ros_ws/install/toe_arm2/share/toe_arm2/launch/warehouse_db.launch.py
-- Up-to-date: /home/yue/mujoco_ros_ws/install/toe_arm2/share/toe_arm2/launch/demo.launch.py
-- Up-to-date: /home/yue/mujoco_ros_ws/install/toe_arm2/share/toe_arm2/urdf
-- Up-to-date: /home/yue/mujoco_ros_ws/install/toe_arm2/share/toe_arm2/urdf/arm0.urdf
-- Up-to-date: /home/yue/mujoco_ros_ws/install/toe_arm2/share/toe_arm2/urdf/arm.urdf.xacro
-- Up-to-date: /home/yue/mujoco_ros_ws/install/toe_arm2/share/toe_arm2/urdf/meshes
-- Up-to-date: /home/yue/mujoco_ros_ws/install/toe_arm2/share/toe_arm2/urdf/meshes/Link4.STL
-- Up-to-date: /home/yue/mujoco_ros_ws/install/toe_arm2/share/toe_arm2/urdf/meshes/Link3.STL
-- Up-to-date: /home/yue/mujoco_ros_ws/install/toe_arm2/share/toe_arm2/urdf/meshes/Link5.STL
-- Up-to-date: /home/yue/mujoco_ros_ws/install/toe_arm2/share/toe_arm2/urdf/meshes/Link2.STL
-- Up-to-date: /home/yue/mujoco_ros_ws/install/toe_arm2/share/toe_arm2/urdf/meshes/Link6.STL
-- Up-to-date: /home/yue/mujoco_ros_ws/install/toe_arm2/share/toe_arm2/urdf/meshes/base_link.STL
-- Up-to-date: /home/yue/mujoco_ros_ws/install/toe_arm2/share/toe_arm2/urdf/meshes/Link1.STL
-- Up-to-date: /home/yue/mujoco_ros_ws/install/toe_arm2/share/toe_arm2/config
-- Up-to-date: /home/yue/mujoco_ros_ws/install/toe_arm2/share/toe_arm2/config/ros2_controllers.yaml
-- Up-to-date: /home/yue/mujoco_ros_ws/install/toe_arm2/share/toe_arm2/config/initial_positions.yaml
-- Up-to-date: /home/yue/mujoco_ros_ws/install/toe_arm2/share/toe_arm2/config/pilz_cartesian_limits.yaml
-- Up-to-date: /home/yue/mujoco_ros_ws/install/toe_arm2/share/toe_arm2/config/moveit_controllers.yaml
-- Up-to-date: /home/yue/mujoco_ros_ws/install/toe_arm2/share/toe_arm2/config/arm.ros2_control.xacro
-- Up-to-date: /home/yue/mujoco_ros_ws/install/toe_arm2/share/toe_arm2/config/kinematics.yaml
-- Up-to-date: /home/yue/mujoco_ros_ws/install/toe_arm2/share/toe_arm2/config/moveit.rviz
-- Up-to-date: /home/yue/mujoco_ros_ws/install/toe_arm2/share/toe_arm2/config/arm.urdf.xacro
-- Up-to-date: /home/yue/mujoco_ros_ws/install/toe_arm2/share/toe_arm2/config/controller.yaml
-- Up-to-date: /home/yue/mujoco_ros_ws/install/toe_arm2/share/toe_arm2/config/arm.srdf
-- Up-to-date: /home/yue/mujoco_ros_ws/install/toe_arm2/share/toe_arm2/config/joint_limits.yaml
-- Up-to-date: /home/yue/mujoco_ros_ws/install/toe_arm2/share/toe_arm2/.setup_assistant
