[0.014s] Invoking command in '/home/yue/mujoco_ros_ws/build/toe_arm2': CMAKE_PREFIX_PATH=/opt/ros/humble /usr/bin/cmake --build /home/yue/mujoco_ros_ws/build/toe_arm2 -- -j20 -l20
[0.056s] Invoked command in '/home/yue/mujoco_ros_ws/build/toe_arm2' returned '0': CMAKE_PREFIX_PATH=/opt/ros/humble /usr/bin/cmake --build /home/yue/mujoco_ros_ws/build/toe_arm2 -- -j20 -l20
[0.057s] Invoking command in '/home/yue/mujoco_ros_ws/build/toe_arm2': CMAKE_PREFIX_PATH=/opt/ros/humble /usr/bin/cmake --install /home/yue/mujoco_ros_ws/build/toe_arm2
[0.063s] -- Install configuration: ""
[0.064s] -- Up-to-date: /home/yue/mujoco_ros_ws/install/toe_arm2/share/ament_index/resource_index/package_run_dependencies/toe_arm2
[0.064s] -- Up-to-date: /home/yue/mujoco_ros_ws/install/toe_arm2/share/ament_index/resource_index/parent_prefix_path/toe_arm2
[0.064s] -- Up-to-date: /home/yue/mujoco_ros_ws/install/toe_arm2/share/toe_arm2/environment/ament_prefix_path.sh
[0.064s] -- Up-to-date: /home/yue/mujoco_ros_ws/install/toe_arm2/share/toe_arm2/environment/ament_prefix_path.dsv
[0.064s] -- Up-to-date: /home/yue/mujoco_ros_ws/install/toe_arm2/share/toe_arm2/environment/path.sh
[0.065s] -- Up-to-date: /home/yue/mujoco_ros_ws/install/toe_arm2/share/toe_arm2/environment/path.dsv
[0.065s] -- Up-to-date: /home/yue/mujoco_ros_ws/install/toe_arm2/share/toe_arm2/local_setup.bash
[0.065s] -- Up-to-date: /home/yue/mujoco_ros_ws/install/toe_arm2/share/toe_arm2/local_setup.sh
[0.065s] -- Up-to-date: /home/yue/mujoco_ros_ws/install/toe_arm2/share/toe_arm2/local_setup.zsh
[0.065s] -- Up-to-date: /home/yue/mujoco_ros_ws/install/toe_arm2/share/toe_arm2/local_setup.dsv
[0.065s] -- Up-to-date: /home/yue/mujoco_ros_ws/install/toe_arm2/share/toe_arm2/package.dsv
[0.065s] -- Up-to-date: /home/yue/mujoco_ros_ws/install/toe_arm2/share/ament_index/resource_index/packages/toe_arm2
[0.065s] -- Up-to-date: /home/yue/mujoco_ros_ws/install/toe_arm2/share/toe_arm2/cmake/toe_arm2Config.cmake
[0.065s] -- Up-to-date: /home/yue/mujoco_ros_ws/install/toe_arm2/share/toe_arm2/cmake/toe_arm2Config-version.cmake
[0.065s] -- Up-to-date: /home/yue/mujoco_ros_ws/install/toe_arm2/share/toe_arm2/package.xml
[0.065s] -- Up-to-date: /home/yue/mujoco_ros_ws/install/toe_arm2/share/toe_arm2/launch
[0.065s] -- Up-to-date: /home/yue/mujoco_ros_ws/install/toe_arm2/share/toe_arm2/launch/mujoco_moveit.launch.py
[0.065s] -- Up-to-date: /home/yue/mujoco_ros_ws/install/toe_arm2/share/toe_arm2/launch/move_group.launch.py
[0.065s] -- Up-to-date: /home/yue/mujoco_ros_ws/install/toe_arm2/share/toe_arm2/launch/spawn_controllers.launch.py
[0.065s] -- Up-to-date: /home/yue/mujoco_ros_ws/install/toe_arm2/share/toe_arm2/launch/moveit_rviz.launch.py
[0.065s] -- Up-to-date: /home/yue/mujoco_ros_ws/install/toe_arm2/share/toe_arm2/launch/setup_assistant.launch.py
[0.066s] -- Up-to-date: /home/yue/mujoco_ros_ws/install/toe_arm2/share/toe_arm2/launch/rsp.launch.py
[0.066s] -- Up-to-date: /home/yue/mujoco_ros_ws/install/toe_arm2/share/toe_arm2/launch/__pycache__
[0.066s] -- Up-to-date: /home/yue/mujoco_ros_ws/install/toe_arm2/share/toe_arm2/launch/__pycache__/gazebo_simulation.launch.cpython-37.pyc
[0.066s] -- Up-to-date: /home/yue/mujoco_ros_ws/install/toe_arm2/share/toe_arm2/launch/static_virtual_joint_tfs.launch.py
[0.066s] -- Up-to-date: /home/yue/mujoco_ros_ws/install/toe_arm2/share/toe_arm2/launch/warehouse_db.launch.py
[0.066s] -- Up-to-date: /home/yue/mujoco_ros_ws/install/toe_arm2/share/toe_arm2/launch/demo.launch.py
[0.066s] -- Up-to-date: /home/yue/mujoco_ros_ws/install/toe_arm2/share/toe_arm2/urdf
[0.066s] -- Up-to-date: /home/yue/mujoco_ros_ws/install/toe_arm2/share/toe_arm2/urdf/arm0.urdf
[0.067s] -- Up-to-date: /home/yue/mujoco_ros_ws/install/toe_arm2/share/toe_arm2/urdf/arm.urdf.xacro
[0.067s] -- Up-to-date: /home/yue/mujoco_ros_ws/install/toe_arm2/share/toe_arm2/urdf/meshes
[0.067s] -- Up-to-date: /home/yue/mujoco_ros_ws/install/toe_arm2/share/toe_arm2/urdf/meshes/Link4.STL
[0.067s] -- Up-to-date: /home/yue/mujoco_ros_ws/install/toe_arm2/share/toe_arm2/urdf/meshes/Link3.STL
[0.067s] -- Up-to-date: /home/yue/mujoco_ros_ws/install/toe_arm2/share/toe_arm2/urdf/meshes/Link5.STL
[0.067s] -- Up-to-date: /home/yue/mujoco_ros_ws/install/toe_arm2/share/toe_arm2/urdf/meshes/Link2.STL
[0.067s] -- Up-to-date: /home/yue/mujoco_ros_ws/install/toe_arm2/share/toe_arm2/urdf/meshes/Link6.STL
[0.067s] -- Up-to-date: /home/yue/mujoco_ros_ws/install/toe_arm2/share/toe_arm2/urdf/meshes/base_link.STL
[0.067s] -- Up-to-date: /home/yue/mujoco_ros_ws/install/toe_arm2/share/toe_arm2/urdf/meshes/Link1.STL
[0.067s] -- Up-to-date: /home/yue/mujoco_ros_ws/install/toe_arm2/share/toe_arm2/config
[0.067s] -- Up-to-date: /home/yue/mujoco_ros_ws/install/toe_arm2/share/toe_arm2/config/ros2_controllers.yaml
[0.067s] -- Up-to-date: /home/yue/mujoco_ros_ws/install/toe_arm2/share/toe_arm2/config/initial_positions.yaml
[0.067s] -- Up-to-date: /home/yue/mujoco_ros_ws/install/toe_arm2/share/toe_arm2/config/pilz_cartesian_limits.yaml
[0.067s] -- Up-to-date: /home/yue/mujoco_ros_ws/install/toe_arm2/share/toe_arm2/config/moveit_controllers.yaml
[0.067s] -- Up-to-date: /home/yue/mujoco_ros_ws/install/toe_arm2/share/toe_arm2/config/arm.ros2_control.xacro
[0.067s] -- Up-to-date: /home/yue/mujoco_ros_ws/install/toe_arm2/share/toe_arm2/config/kinematics.yaml
[0.067s] -- Up-to-date: /home/yue/mujoco_ros_ws/install/toe_arm2/share/toe_arm2/config/moveit.rviz
[0.067s] -- Up-to-date: /home/yue/mujoco_ros_ws/install/toe_arm2/share/toe_arm2/config/arm.urdf.xacro
[0.067s] -- Up-to-date: /home/yue/mujoco_ros_ws/install/toe_arm2/share/toe_arm2/config/controller.yaml
[0.067s] -- Up-to-date: /home/yue/mujoco_ros_ws/install/toe_arm2/share/toe_arm2/config/arm.srdf
[0.067s] -- Up-to-date: /home/yue/mujoco_ros_ws/install/toe_arm2/share/toe_arm2/config/joint_limits.yaml
[0.067s] -- Up-to-date: /home/yue/mujoco_ros_ws/install/toe_arm2/share/toe_arm2/launch
[0.067s] -- Up-to-date: /home/yue/mujoco_ros_ws/install/toe_arm2/share/toe_arm2/launch/mujoco_moveit.launch.py
[0.067s] -- Up-to-date: /home/yue/mujoco_ros_ws/install/toe_arm2/share/toe_arm2/launch/move_group.launch.py
[0.067s] -- Up-to-date: /home/yue/mujoco_ros_ws/install/toe_arm2/share/toe_arm2/launch/spawn_controllers.launch.py
[0.067s] -- Up-to-date: /home/yue/mujoco_ros_ws/install/toe_arm2/share/toe_arm2/launch/moveit_rviz.launch.py
[0.067s] -- Up-to-date: /home/yue/mujoco_ros_ws/install/toe_arm2/share/toe_arm2/launch/setup_assistant.launch.py
[0.067s] -- Up-to-date: /home/yue/mujoco_ros_ws/install/toe_arm2/share/toe_arm2/launch/rsp.launch.py
[0.067s] -- Up-to-date: /home/yue/mujoco_ros_ws/install/toe_arm2/share/toe_arm2/launch/__pycache__
[0.068s] -- Up-to-date: /home/yue/mujoco_ros_ws/install/toe_arm2/share/toe_arm2/launch/__pycache__/gazebo_simulation.launch.cpython-37.pyc
[0.068s] -- Up-to-date: /home/yue/mujoco_ros_ws/install/toe_arm2/share/toe_arm2/launch/static_virtual_joint_tfs.launch.py
[0.068s] -- Up-to-date: /home/yue/mujoco_ros_ws/install/toe_arm2/share/toe_arm2/launch/warehouse_db.launch.py
[0.068s] -- Up-to-date: /home/yue/mujoco_ros_ws/install/toe_arm2/share/toe_arm2/launch/demo.launch.py
[0.068s] -- Up-to-date: /home/yue/mujoco_ros_ws/install/toe_arm2/share/toe_arm2/urdf
[0.068s] -- Up-to-date: /home/yue/mujoco_ros_ws/install/toe_arm2/share/toe_arm2/urdf/arm0.urdf
[0.068s] -- Up-to-date: /home/yue/mujoco_ros_ws/install/toe_arm2/share/toe_arm2/urdf/arm.urdf.xacro
[0.068s] -- Up-to-date: /home/yue/mujoco_ros_ws/install/toe_arm2/share/toe_arm2/urdf/meshes
[0.068s] -- Up-to-date: /home/yue/mujoco_ros_ws/install/toe_arm2/share/toe_arm2/urdf/meshes/Link4.STL
[0.068s] -- Up-to-date: /home/yue/mujoco_ros_ws/install/toe_arm2/share/toe_arm2/urdf/meshes/Link3.STL
[0.068s] -- Up-to-date: /home/yue/mujoco_ros_ws/install/toe_arm2/share/toe_arm2/urdf/meshes/Link5.STL
[0.068s] -- Up-to-date: /home/yue/mujoco_ros_ws/install/toe_arm2/share/toe_arm2/urdf/meshes/Link2.STL
[0.068s] -- Up-to-date: /home/yue/mujoco_ros_ws/install/toe_arm2/share/toe_arm2/urdf/meshes/Link6.STL
[0.068s] -- Up-to-date: /home/yue/mujoco_ros_ws/install/toe_arm2/share/toe_arm2/urdf/meshes/base_link.STL
[0.068s] -- Up-to-date: /home/yue/mujoco_ros_ws/install/toe_arm2/share/toe_arm2/urdf/meshes/Link1.STL
[0.068s] -- Up-to-date: /home/yue/mujoco_ros_ws/install/toe_arm2/share/toe_arm2/config
[0.068s] -- Up-to-date: /home/yue/mujoco_ros_ws/install/toe_arm2/share/toe_arm2/config/ros2_controllers.yaml
[0.068s] -- Up-to-date: /home/yue/mujoco_ros_ws/install/toe_arm2/share/toe_arm2/config/initial_positions.yaml
[0.068s] -- Up-to-date: /home/yue/mujoco_ros_ws/install/toe_arm2/share/toe_arm2/config/pilz_cartesian_limits.yaml
[0.068s] -- Up-to-date: /home/yue/mujoco_ros_ws/install/toe_arm2/share/toe_arm2/config/moveit_controllers.yaml
[0.068s] -- Up-to-date: /home/yue/mujoco_ros_ws/install/toe_arm2/share/toe_arm2/config/arm.ros2_control.xacro
[0.068s] -- Up-to-date: /home/yue/mujoco_ros_ws/install/toe_arm2/share/toe_arm2/config/kinematics.yaml
[0.068s] -- Up-to-date: /home/yue/mujoco_ros_ws/install/toe_arm2/share/toe_arm2/config/moveit.rviz
[0.068s] -- Up-to-date: /home/yue/mujoco_ros_ws/install/toe_arm2/share/toe_arm2/config/arm.urdf.xacro
[0.068s] -- Up-to-date: /home/yue/mujoco_ros_ws/install/toe_arm2/share/toe_arm2/config/controller.yaml
[0.068s] -- Up-to-date: /home/yue/mujoco_ros_ws/install/toe_arm2/share/toe_arm2/config/arm.srdf
[0.068s] -- Up-to-date: /home/yue/mujoco_ros_ws/install/toe_arm2/share/toe_arm2/config/joint_limits.yaml
[0.069s] -- Up-to-date: /home/yue/mujoco_ros_ws/install/toe_arm2/share/toe_arm2/.setup_assistant
[0.087s] Invoked command in '/home/yue/mujoco_ros_ws/build/toe_arm2' returned '0': CMAKE_PREFIX_PATH=/opt/ros/humble /usr/bin/cmake --install /home/yue/mujoco_ros_ws/build/toe_arm2
