-- The C compiler identification is GNU 11.4.0
-- The CXX compiler identification is GNU 11.4.0
-- Detecting C compiler ABI info
-- Detecting C compiler ABI info - done
-- Check for working C compiler: /usr/bin/cc - skipped
-- Detecting C compile features
-- Detecting C compile features - done
-- Detecting CXX compiler ABI info
-- Detecting CXX compiler ABI info - done
-- Check for working CXX compiler: /usr/bin/c++ - skipped
-- Detecting CXX compile features
-- Detecting CXX compile features - done
-- Found ament_cmake: 1.3.14 (/opt/ros/humble/share/ament_cmake/cmake)
-- Found Python3: /usr/bin/python3 (found version "3.10.12") found components: Interpreter 
-- Found rclcpp: 16.0.19 (/opt/ros/humble/share/rclcpp/cmake)
-- Found rosidl_generator_c: 3.1.8 (/opt/ros/humble/share/rosidl_generator_c/cmake)
-- Found rosidl_adapter: 3.1.8 (/opt/ros/humble/share/rosidl_adapter/cmake)
-- Found rosidl_generator_cpp: 3.1.8 (/opt/ros/humble/share/rosidl_generator_cpp/cmake)
-- Using all available rosidl_typesupport_c: rosidl_typesupport_fastrtps_c;rosidl_typesupport_introspection_c
-- Using all available rosidl_typesupport_cpp: rosidl_typesupport_fastrtps_cpp;rosidl_typesupport_introspection_cpp
-- Found rmw_implementation_cmake: 6.1.2 (/opt/ros/humble/share/rmw_implementation_cmake/cmake)
-- Found rmw_fastrtps_cpp: 6.2.10 (/opt/ros/humble/share/rmw_fastrtps_cpp/cmake)
-- Found OpenSSL: /usr/lib/x86_64-linux-gnu/libcrypto.so (found version "3.0.2")  
-- Found FastRTPS: /opt/ros/humble/include  
-- Using RMW implementation 'rmw_fastrtps_cpp' as default
-- Looking for pthread.h
-- Looking for pthread.h - found
-- Performing Test CMAKE_HAVE_LIBC_PTHREAD
-- Performing Test CMAKE_HAVE_LIBC_PTHREAD - Success
-- Found Threads: TRUE  
-- Found hardware_interface: 2.53.1 (/opt/ros/humble/share/hardware_interface/cmake)
-- Found controller_manager: 2.53.1 (/opt/ros/humble/share/controller_manager/cmake)
-- Found joint_limits: 2.53.1 (/opt/ros/humble/share/joint_limits/cmake)
-- Found control_toolbox: 3.6.3 (/opt/ros/humble/share/control_toolbox/cmake)
-- Mujoco build from source has not been found. Attempting to find the binary in /home/yue/.mujoco/mujoco-3.3.0 instead.
-- Configuring done
-- Generating done
-- Build files have been written to: /home/yue/mujoco_ros_ws/build/mujoco_ros2_control
[ 14%] [32mBuilding CXX object CMakeFiles/mujoco_ros2_control.dir/src/mujoco_ros2_control.cpp.o[0m
[ 28%] [32mBuilding CXX object CMakeFiles/mujoco_ros2_control.dir/src/mujoco_rendering.cpp.o[0m
[ 42%] [32mBuilding CXX object CMakeFiles/mujoco_system_plugins.dir/src/mujoco_system.cpp.o[0m
[ 57%] [32mBuilding CXX object CMakeFiles/mujoco_ros2_control.dir/src/mujoco_ros2_control_node.cpp.o[0m
[ 71%] [32mBuilding CXX object CMakeFiles/mujoco_ros2_control.dir/src/mujoco_cameras.cpp.o[0m
[ 85%] [32m[1mLinking CXX shared library libmujoco_system_plugins.so[0m
[ 85%] Built target mujoco_system_plugins
[100%] [32m[1mLinking CXX executable mujoco_ros2_control[0m
[100%] Built target mujoco_ros2_control
-- Install configuration: ""
-- Installing: /home/yue/mujoco_ros_ws/install/mujoco_ros2_control/lib/libmujoco_system_plugins.so
-- Set runtime path of "/home/yue/mujoco_ros_ws/install/mujoco_ros2_control/lib/libmujoco_system_plugins.so" to "/opt/ros/humble/lib:/home/yue/.mujoco/mujoco-3.3.0/lib:/opt/ros/humble/lib/x86_64-linux-gnu"
-- Installing: /home/yue/mujoco_ros_ws/install/mujoco_ros2_control/lib/mujoco_ros2_control/mujoco_ros2_control
-- Set runtime path of "/home/yue/mujoco_ros_ws/install/mujoco_ros2_control/lib/mujoco_ros2_control/mujoco_ros2_control" to "/opt/ros/humble/lib:/home/yue/.mujoco/mujoco-3.3.0/lib:/opt/ros/humble/lib/x86_64-linux-gnu"
-- Installing: /home/yue/mujoco_ros_ws/install/mujoco_ros2_control/share/mujoco_ros2_control/mujoco_system_plugins.xml
-- Installing: /home/yue/mujoco_ros_ws/install/mujoco_ros2_control/share/ament_index/resource_index/package_run_dependencies/mujoco_ros2_control
-- Installing: /home/yue/mujoco_ros_ws/install/mujoco_ros2_control/share/ament_index/resource_index/parent_prefix_path/mujoco_ros2_control
-- Installing: /home/yue/mujoco_ros_ws/install/mujoco_ros2_control/share/mujoco_ros2_control/environment/ament_prefix_path.sh
-- Installing: /home/yue/mujoco_ros_ws/install/mujoco_ros2_control/share/mujoco_ros2_control/environment/ament_prefix_path.dsv
-- Installing: /home/yue/mujoco_ros_ws/install/mujoco_ros2_control/share/mujoco_ros2_control/environment/path.sh
-- Installing: /home/yue/mujoco_ros_ws/install/mujoco_ros2_control/share/mujoco_ros2_control/environment/path.dsv
-- Installing: /home/yue/mujoco_ros_ws/install/mujoco_ros2_control/share/mujoco_ros2_control/local_setup.bash
-- Installing: /home/yue/mujoco_ros_ws/install/mujoco_ros2_control/share/mujoco_ros2_control/local_setup.sh
-- Installing: /home/yue/mujoco_ros_ws/install/mujoco_ros2_control/share/mujoco_ros2_control/local_setup.zsh
-- Installing: /home/yue/mujoco_ros_ws/install/mujoco_ros2_control/share/mujoco_ros2_control/local_setup.dsv
-- Installing: /home/yue/mujoco_ros_ws/install/mujoco_ros2_control/share/mujoco_ros2_control/package.dsv
-- Installing: /home/yue/mujoco_ros_ws/install/mujoco_ros2_control/share/ament_index/resource_index/packages/mujoco_ros2_control
-- Installing: /home/yue/mujoco_ros_ws/install/mujoco_ros2_control/share/ament_index/resource_index/mujoco_ros2_control__pluginlib__plugin/mujoco_ros2_control
-- Installing: /home/yue/mujoco_ros_ws/install/mujoco_ros2_control/share/mujoco_ros2_control/cmake/mujoco_ros2_controlConfig.cmake
-- Installing: /home/yue/mujoco_ros_ws/install/mujoco_ros2_control/share/mujoco_ros2_control/cmake/mujoco_ros2_controlConfig-version.cmake
-- Installing: /home/yue/mujoco_ros_ws/install/mujoco_ros2_control/share/mujoco_ros2_control/package.xml
