[0.009s] Invoking command in '/home/yue/mujoco_ros_ws/build/mujoco_ros2_control': CMAKE_PREFIX_PATH=/opt/ros/humble /usr/bin/cmake /home/yue/mujoco_ros_ws/src/mujoco_ros2_control/mujoco_ros2_control -DCMAKE_INSTALL_PREFIX=/home/yue/mujoco_ros_ws/install/mujoco_ros2_control
[0.310s] -- The C compiler identification is GNU 11.4.0
[0.774s] -- The CXX compiler identification is GNU 11.4.0
[0.833s] -- Detecting C compiler ABI info
[0.917s] -- Detecting C compiler ABI info - done
[0.922s] -- Check for working C compiler: /usr/bin/cc - skipped
[0.925s] -- Detecting C compile features
[0.928s] -- Detecting C compile features - done
[0.938s] -- Detecting CXX compiler ABI info
[1.013s] -- Detecting CXX compiler ABI info - done
[1.019s] -- Check for working CXX compiler: /usr/bin/c++ - skipped
[1.019s] -- Detecting CXX compile features
[1.019s] -- Detecting CXX compile features - done
[1.042s] -- Found ament_cmake: 1.3.14 (/opt/ros/humble/share/ament_cmake/cmake)
[1.208s] -- Found Python3: /usr/bin/python3 (found version "3.10.12") found components: Interpreter 
[1.485s] -- Found rclcpp: 16.0.19 (/opt/ros/humble/share/rclcpp/cmake)
[1.638s] -- Found rosidl_generator_c: 3.1.8 (/opt/ros/humble/share/rosidl_generator_c/cmake)
[1.645s] -- Found rosidl_adapter: 3.1.8 (/opt/ros/humble/share/rosidl_adapter/cmake)
[1.672s] -- Found rosidl_generator_cpp: 3.1.8 (/opt/ros/humble/share/rosidl_generator_cpp/cmake)
[1.738s] -- Using all available rosidl_typesupport_c: rosidl_typesupport_fastrtps_c;rosidl_typesupport_introspection_c
[1.806s] -- Using all available rosidl_typesupport_cpp: rosidl_typesupport_fastrtps_cpp;rosidl_typesupport_introspection_cpp
[1.874s] -- Found rmw_implementation_cmake: 6.1.2 (/opt/ros/humble/share/rmw_implementation_cmake/cmake)
[1.876s] -- Found rmw_fastrtps_cpp: 6.2.10 (/opt/ros/humble/share/rmw_fastrtps_cpp/cmake)
[1.950s] -- Found OpenSSL: /usr/lib/x86_64-linux-gnu/libcrypto.so (found version "3.0.2")  
[1.969s] -- Found FastRTPS: /opt/ros/humble/include  
[1.996s] -- Using RMW implementation 'rmw_fastrtps_cpp' as default
[2.004s] -- Looking for pthread.h
[2.070s] -- Looking for pthread.h - found
[2.070s] -- Performing Test CMAKE_HAVE_LIBC_PTHREAD
[2.129s] -- Performing Test CMAKE_HAVE_LIBC_PTHREAD - Success
[2.130s] -- Found Threads: TRUE  
[2.169s] -- Found hardware_interface: 2.53.1 (/opt/ros/humble/share/hardware_interface/cmake)
[2.272s] -- Found controller_manager: 2.53.1 (/opt/ros/humble/share/controller_manager/cmake)
[2.297s] -- Found joint_limits: 2.53.1 (/opt/ros/humble/share/joint_limits/cmake)
[2.311s] -- Found control_toolbox: 3.6.3 (/opt/ros/humble/share/control_toolbox/cmake)
[2.343s] -- Mujoco build from source has not been found. Attempting to find the binary in /home/yue/.mujoco/mujoco-3.3.0 instead.
[2.382s] -- Configuring done
[2.397s] -- Generating done
[2.401s] -- Build files have been written to: /home/yue/mujoco_ros_ws/build/mujoco_ros2_control
[2.409s] Invoked command in '/home/yue/mujoco_ros_ws/build/mujoco_ros2_control' returned '0': CMAKE_PREFIX_PATH=/opt/ros/humble /usr/bin/cmake /home/yue/mujoco_ros_ws/src/mujoco_ros2_control/mujoco_ros2_control -DCMAKE_INSTALL_PREFIX=/home/yue/mujoco_ros_ws/install/mujoco_ros2_control
[2.410s] Invoking command in '/home/yue/mujoco_ros_ws/build/mujoco_ros2_control': CMAKE_PREFIX_PATH=/opt/ros/humble /usr/bin/cmake --build /home/yue/mujoco_ros_ws/build/mujoco_ros2_control -- -j20 -l20
[2.453s] [ 14%] [32mBuilding CXX object CMakeFiles/mujoco_ros2_control.dir/src/mujoco_ros2_control.cpp.o[0m
[2.453s] [ 28%] [32mBuilding CXX object CMakeFiles/mujoco_ros2_control.dir/src/mujoco_rendering.cpp.o[0m
[2.453s] [ 42%] [32mBuilding CXX object CMakeFiles/mujoco_system_plugins.dir/src/mujoco_system.cpp.o[0m
[2.454s] [ 57%] [32mBuilding CXX object CMakeFiles/mujoco_ros2_control.dir/src/mujoco_ros2_control_node.cpp.o[0m
[2.455s] [ 71%] [32mBuilding CXX object CMakeFiles/mujoco_ros2_control.dir/src/mujoco_cameras.cpp.o[0m
[5.417s] [ 85%] [32m[1mLinking CXX shared library libmujoco_system_plugins.so[0m
[5.586s] [ 85%] Built target mujoco_system_plugins
[9.564s] [100%] [32m[1mLinking CXX executable mujoco_ros2_control[0m
[9.980s] [100%] Built target mujoco_ros2_control
[9.988s] Invoked command in '/home/yue/mujoco_ros_ws/build/mujoco_ros2_control' returned '0': CMAKE_PREFIX_PATH=/opt/ros/humble /usr/bin/cmake --build /home/yue/mujoco_ros_ws/build/mujoco_ros2_control -- -j20 -l20
[9.990s] Invoking command in '/home/yue/mujoco_ros_ws/build/mujoco_ros2_control': CMAKE_PREFIX_PATH=/opt/ros/humble /usr/bin/cmake --install /home/yue/mujoco_ros_ws/build/mujoco_ros2_control
[9.995s] -- Install configuration: ""
[9.995s] -- Installing: /home/yue/mujoco_ros_ws/install/mujoco_ros2_control/lib/libmujoco_system_plugins.so
[9.996s] -- Set runtime path of "/home/yue/mujoco_ros_ws/install/mujoco_ros2_control/lib/libmujoco_system_plugins.so" to "/opt/ros/humble/lib:/home/yue/.mujoco/mujoco-3.3.0/lib:/opt/ros/humble/lib/x86_64-linux-gnu"
[9.996s] -- Installing: /home/yue/mujoco_ros_ws/install/mujoco_ros2_control/lib/mujoco_ros2_control/mujoco_ros2_control
[10.000s] -- Set runtime path of "/home/yue/mujoco_ros_ws/install/mujoco_ros2_control/lib/mujoco_ros2_control/mujoco_ros2_control" to "/opt/ros/humble/lib:/home/yue/.mujoco/mujoco-3.3.0/lib:/opt/ros/humble/lib/x86_64-linux-gnu"
[10.000s] -- Installing: /home/yue/mujoco_ros_ws/install/mujoco_ros2_control/share/mujoco_ros2_control/mujoco_system_plugins.xml
[10.003s] -- Installing: /home/yue/mujoco_ros_ws/install/mujoco_ros2_control/share/ament_index/resource_index/package_run_dependencies/mujoco_ros2_control
[10.003s] -- Installing: /home/yue/mujoco_ros_ws/install/mujoco_ros2_control/share/ament_index/resource_index/parent_prefix_path/mujoco_ros2_control
[10.003s] -- Installing: /home/yue/mujoco_ros_ws/install/mujoco_ros2_control/share/mujoco_ros2_control/environment/ament_prefix_path.sh
[10.003s] -- Installing: /home/yue/mujoco_ros_ws/install/mujoco_ros2_control/share/mujoco_ros2_control/environment/ament_prefix_path.dsv
[10.003s] -- Installing: /home/yue/mujoco_ros_ws/install/mujoco_ros2_control/share/mujoco_ros2_control/environment/path.sh
[10.003s] -- Installing: /home/yue/mujoco_ros_ws/install/mujoco_ros2_control/share/mujoco_ros2_control/environment/path.dsv
[10.003s] -- Installing: /home/yue/mujoco_ros_ws/install/mujoco_ros2_control/share/mujoco_ros2_control/local_setup.bash
[10.004s] -- Installing: /home/yue/mujoco_ros_ws/install/mujoco_ros2_control/share/mujoco_ros2_control/local_setup.sh
[10.004s] -- Installing: /home/yue/mujoco_ros_ws/install/mujoco_ros2_control/share/mujoco_ros2_control/local_setup.zsh
[10.004s] -- Installing: /home/yue/mujoco_ros_ws/install/mujoco_ros2_control/share/mujoco_ros2_control/local_setup.dsv
[10.004s] -- Installing: /home/yue/mujoco_ros_ws/install/mujoco_ros2_control/share/mujoco_ros2_control/package.dsv
[10.004s] -- Installing: /home/yue/mujoco_ros_ws/install/mujoco_ros2_control/share/ament_index/resource_index/packages/mujoco_ros2_control
[10.004s] -- Installing: /home/yue/mujoco_ros_ws/install/mujoco_ros2_control/share/ament_index/resource_index/mujoco_ros2_control__pluginlib__plugin/mujoco_ros2_control
[10.004s] -- Installing: /home/yue/mujoco_ros_ws/install/mujoco_ros2_control/share/mujoco_ros2_control/cmake/mujoco_ros2_controlConfig.cmake
[10.004s] -- Installing: /home/yue/mujoco_ros_ws/install/mujoco_ros2_control/share/mujoco_ros2_control/cmake/mujoco_ros2_controlConfig-version.cmake
[10.004s] -- Installing: /home/yue/mujoco_ros_ws/install/mujoco_ros2_control/share/mujoco_ros2_control/package.xml
[10.005s] Invoked command in '/home/yue/mujoco_ros_ws/build/mujoco_ros2_control' returned '0': CMAKE_PREFIX_PATH=/opt/ros/humble /usr/bin/cmake --install /home/yue/mujoco_ros_ws/build/mujoco_ros2_control
